07-09 14:35:40.428  3431  3431 W cr_AwContents: WebView.destroy() called while WebView is still attached to window.
07-09 14:35:40.433  3431  3431 D cr_Ime  : [InputMethodManagerWrapper.java:59] isActive: false
07-09 14:35:40.433  3431  3431 D cr_Ime  : [InputMethodManagerWrapper.java:42] restartInput
07-09 14:35:40.480  1581  1786 D ActivityManager: cleanUpApplicationRecord -- 2976
07-09 14:35:40.603  1581  1601 I WindowManager: Destroying surface Surface(name=io.cordova.hellocordova/io.cordova.hellocordova.MainActivity) called by com.android.server.wm.WindowStateAnimator.destroySurface:2014 com.android.server.wm.WindowStateAnimator.destroySurfaceLocked:881 com.android.server.wm.WindowState.removeLocked:1449 com.android.server.wm.WindowManagerService.removeWindowInnerLocked:2478 com.android.server.wm.AppWindowToken.destroySurfaces:365 com.android.server.wm.WindowStateAnimator.finishExit:565 com.android.server.wm.WindowStateAnimator.stepAnimationLocked:491 com.android.server.wm.WindowAnimator.updateWindowsLocked:303 
07-09 14:35:43.029  1352  1352 I         : free_cache(4982890) avail 688263168
07-09 14:35:43.172  1581  1606 I PackageManager.DexOptimizer: Running dexopt (dex2oat) on: /data/app/vmdl1360768455.tmp/base.apk pkg=io.cordova.hellocordova isa=x86 vmSafeMode=false debuggable=true target-filter=interpret-only oatDir = /data/app/vmdl1360768455.tmp/oat sharedLibraries=null
07-09 14:35:43.180  3534  3534 W dex2oat : Unexpected CPU variant for X86 using defaults: x86
07-09 14:35:43.180  3534  3534 W dex2oat : Mismatch between dex2oat instruction set features (ISA: X86 Feature string: smp,-ssse3,-sse4.1,-sse4.2,-avx,-avx2,-lock_add,-popcnt) and those of dex2oat executable (ISA: X86 Feature string: smp,ssse3,-sse4.1,-sse4.2,-avx,-avx2,-lock_add,-popcnt) for the command line:
07-09 14:35:43.180  3534  3534 W dex2oat : /system/bin/dex2oat --zip-fd=6 --zip-location=base.apk --oat-fd=7 --oat-location=/data/app/vmdl1360768455.tmp/oat/x86/base.odex --instruction-set=x86 --instruction-set-variant=x86 --instruction-set-features=default --runtime-arg -Xms64m --runtime-arg -Xmx512m --compiler-filter=interpret-only --swap-fd=9 --debuggable
07-09 14:35:43.180  3534  3534 I dex2oat : /system/bin/dex2oat --compiler-filter=interpret-only --debuggable
07-09 14:35:43.206  3534  3534 I dex2oat : dex2oat took 26.879ms (threads: 2) arena alloc=1920B (1920B) java alloc=225KB (231016B) native alloc=1071KB (1097632B) free=1488KB (1523808B)
07-09 14:35:43.208  1581  1594 I ActivityManager: Force stopping io.cordova.hellocordova appid=10075 user=-1: installPackageLI
07-09 14:35:43.208  1581  1594 I ActivityManager: Killing 3431:io.cordova.hellocordova/u0a75 (adj 900): stop io.cordova.hellocordova
07-09 14:35:43.208  1581  1594 D ActivityManager: cleanUpApplicationRecord -- 3431
07-09 14:35:43.224  1581  1606 I PackageManager: Package io.cordova.hellocordova codePath changed from /data/app/io.cordova.hellocordova-1 to /data/app/io.cordova.hellocordova-2; Retaining data and using new
07-09 14:35:43.225  1581  1606 W PackageManager: Code path for io.cordova.hellocordova changing from /data/app/io.cordova.hellocordova-1 to /data/app/io.cordova.hellocordova-2
07-09 14:35:43.225  1581  1606 W PackageManager: Resource path for io.cordova.hellocordova changing from /data/app/io.cordova.hellocordova-1 to /data/app/io.cordova.hellocordova-2
07-09 14:35:43.247  1581  1989 D GraphicsStats: Buffer count: 3
07-09 14:35:43.253  1581  1606 I art     : Starting a blocking GC Explicit
07-09 14:35:43.254  1349  1391 W audio_hw_generic: Not supplying enough data to HAL, expected position 460868 , only wrote 308880
07-09 14:35:43.269  1581  1606 I art     : Explicit concurrent mark sweep GC freed 40940(2MB) AllocSpace objects, 15(396KB) LOS objects, 25% free, 11MB/15MB, paused 196us total 15.515ms
07-09 14:35:43.270  1352  1352 E         : Couldn't opendir /data/app/vmdl1360768455.tmp: No such file or directory
07-09 14:35:43.271  1581  1606 I ActivityManager: Force stopping io.cordova.hellocordova appid=10075 user=0: pkg removed
07-09 14:35:43.281  1581  1614 I InputReader: Reconfiguring input devices.  changes=0x00000010
07-09 14:35:43.306  1581  1614 I InputReader: Reconfiguring input devices.  changes=0x00000010
07-09 14:35:43.335  1771  1771 D CarrierSvcBindHelper: No carrier app for: 0
07-09 14:35:43.336  1771  1771 D CarrierSvcBindHelper: No carrier app for: 0
07-09 14:35:43.337  1771  1771 D CarrierConfigLoader: mHandler: 9 phoneId: 0
07-09 14:35:43.343  3059  3059 W ContextImpl: Calling a method in the system process without a qualified user: android.app.ContextImpl.startService:1385 android.content.ContextWrapper.startService:613 android.content.ContextWrapper.startService:613 com.android.keychain.KeyChainBroadcastReceiver.onReceive:12 android.app.ActivityThread.handleReceiver:3011 
07-09 14:35:43.353  2238  2246 W SQLiteConnectionPool: A SQLiteConnection object for database '/data/user/0/com.google.android.gms/databases/metrics.db' was leaked!  Please fix your application to end transactions in progress properly and to close the database when it is no longer needed.
07-09 14:35:43.353  2238  2246 W SQLiteConnectionPool: A SQLiteConnection object for database '/data/user/0/com.google.android.gms/databases/help_responses.db.18' was leaked!  Please fix your application to end transactions in progress properly and to close the database when it is no longer needed.
07-09 14:35:43.353  2238  2246 W SQLiteConnectionPool: A SQLiteConnection object for database '/data/user/0/com.google.android.gms/databases/auto_complete_suggestions.db' was leaked!  Please fix your application to end transactions in progress properly and to close the database when it is no longer needed.
07-09 14:35:43.364  1945  2770 E NetworkScheduler.SR: Invalid parameter app
07-09 14:35:43.364  1945  2770 E NetworkScheduler.SR: Invalid package name : Perhaps you didn't include a PendingIntent in the extras?
07-09 14:35:43.385  2408  2408 I Finsky  : [1] com.google.android.finsky.utils.PermissionPolicies$PermissionPolicyService.onStartCommand(117): post-install permissions check for io.cordova.hellocordova
07-09 14:35:43.386  2408  2408 I Finsky  : [1] com.google.android.finsky.utils.bh.run(2302): Package state data is missing for io.cordova.hellocordova
07-09 14:35:43.387  2408  2408 W Finsky  : [1] com.google.android.finsky.FinskyApp.i(1468): No account configured on this device.
07-09 14:35:43.397  2034  3546 I UpdateIcingCorporaServi: Updating corpora: APPS=io.cordova.hellocordova, CONTACTS=MAYBE
07-09 14:35:43.433  2238  2290 E Drive.UninstallOperation: Package still installed io.cordova.hellocordova
07-09 14:35:43.449  2238  3548 W IcingInternalCorpora: getNumBytesRead when not calculated.
07-09 14:35:43.458  2238  3554 D Wear_Controller: Received broadcast action=android.intent.action.PACKAGE_REMOVED and uri=io.cordova.hellocordova
07-09 14:35:43.458  2238  3557 D Wear_Controller: Received broadcast action=android.intent.action.PACKAGE_ADDED and uri=io.cordova.hellocordova
07-09 14:35:43.482  3537  3537 D AndroidRuntime: >>>>>> START com.android.internal.os.RuntimeInit uid 2000 <<<<<<
07-09 14:35:43.484  3537  3537 D AndroidRuntime: CheckJNI is ON
07-09 14:35:43.491  2238  3567 I PeopleContactsSync: triggerPendingContactsCleanup: no accounts
07-09 14:35:43.493  1945  2770 E NetworkScheduler.SR: Invalid parameter app
07-09 14:35:43.493  1945  2770 E NetworkScheduler.SR: Invalid package name : Perhaps you didn't include a PendingIntent in the extras?
07-09 14:35:43.496  3537  3537 W art     : Unexpected CPU variant for X86 using defaults: x86
07-09 14:35:43.499  3537  3537 D ICU     : No timezone override file found: /data/misc/zoneinfo/current/icu/icu_tzdata.dat
07-09 14:35:43.509  3537  3537 E memtrack: Couldn't load memtrack module (No such file or directory)
07-09 14:35:43.509  3537  3537 E android.os.Debug: failed to load memtrack module: -2
07-09 14:35:43.510  3537  3537 I Radio-JNI: register_android_hardware_Radio DONE
07-09 14:35:43.515  3537  3537 D AndroidRuntime: Calling main entry com.android.commands.input.Input
07-09 14:35:43.515  3537  3537 I Input   : injectKeyEvent: KeyEvent { action=ACTION_DOWN, keyCode=KEYCODE_MENU, scanCode=0, metaState=0, flags=0x0, repeatCount=0, eventTime=347378, downTime=347378, deviceId=-1, source=0x101 }
07-09 14:35:43.516  2238  2292 I Icing   : Usage reports 0 indexed 0 rejected 0 imm upload true
07-09 14:35:43.517  3537  3537 I Input   : injectKeyEvent: KeyEvent { action=ACTION_UP, keyCode=KEYCODE_MENU, scanCode=0, metaState=0, flags=0x0, repeatCount=0, eventTime=347378, downTime=347378, deviceId=-1, source=0x101 }
07-09 14:35:43.517  3537  3537 D AndroidRuntime: Shutting down VM
07-09 14:35:43.527  2034  3546 I UpdateIcingCorporaServi: UpdateCorporaTask done [took 130 ms] updated apps [took 129 ms] 
07-09 14:35:43.532  2238  2292 I Icing   : Usage reports 0 indexed 0 rejected 0 imm upload false
07-09 14:35:43.538  2238  2292 I Icing   : Usage reports 0 indexed 0 rejected 0 imm upload false
07-09 14:35:43.663  2238  2292 I Icing   : Usage reports 0 indexed 0 rejected 0 imm upload false
07-09 14:35:43.669  2238  2292 I Icing   : Usage reports 0 indexed 0 rejected 0 imm upload false
07-09 14:35:43.709  3579  3579 D AndroidRuntime: >>>>>> START com.android.internal.os.RuntimeInit uid 2000 <<<<<<
07-09 14:35:43.710  3579  3579 D AndroidRuntime: CheckJNI is ON
07-09 14:35:43.726  3579  3579 W art     : Unexpected CPU variant for X86 using defaults: x86
07-09 14:35:43.729  3579  3579 D ICU     : No timezone override file found: /data/misc/zoneinfo/current/icu/icu_tzdata.dat
07-09 14:35:43.740  3579  3579 E memtrack: Couldn't load memtrack module (No such file or directory)
07-09 14:35:43.740  3579  3579 E android.os.Debug: failed to load memtrack module: -2
07-09 14:35:43.741  3579  3579 I Radio-JNI: register_android_hardware_Radio DONE
07-09 14:35:43.747  3579  3579 D AndroidRuntime: Calling main entry com.android.commands.am.Am
07-09 14:35:43.749  1581  1592 I ActivityManager: START u0 {act=android.intent.action.MAIN flg=0x10000000 cmp=io.cordova.hellocordova/.MainActivity} from uid 2000 on display 0
07-09 14:35:43.758  3589  3589 I art     : Not late-enabling -Xcheck:jni (already on)
07-09 14:35:43.758  3589  3589 W art     : Unexpected CPU variant for X86 using defaults: x86
07-09 14:35:43.765  1581  1679 I ActivityManager: Start proc 3589:io.cordova.hellocordova/u0a75 for activity io.cordova.hellocordova/.MainActivity
07-09 14:35:43.773  3589  3589 W System  : ClassLoader referenced unknown path: /data/app/io.cordova.hellocordova-2/lib/x86
07-09 14:35:43.791  1306  1336 D gralloc_ranchu: gralloc_alloc: Creating ashmem region of size 8294400
07-09 14:35:43.796  3589  3589 I CordovaLog: Changing log level to DEBUG(3)
07-09 14:35:43.796  3589  3589 I CordovaActivity: Apache Cordova native platform version 6.2.3 is starting
07-09 14:35:43.796  3589  3589 D CordovaActivity: CordovaActivity.onCreate()
07-09 14:35:43.800  3589  3589 W System  : ClassLoader referenced unknown path: /system/app/Chrome/lib/x86
07-09 14:35:43.802  3589  3589 I WebViewFactory: Loading com.android.chrome version 51.0.2704.90 (code 275509012)
07-09 14:35:43.820  2006  2183 W OpenGLRenderer: Incorrectly called buildLayer on View: ShortcutAndWidgetContainer, destroying layer...
07-09 14:35:43.821  2006  2183 D EGL_emulation: eglMakeCurrent: 0xa9405240: ver 2 0 (tinfo 0xa9403200)
07-09 14:35:43.824  3589  3589 I cr_LibraryLoader: Time to load native libraries: 4 ms (timestamps 7682-7686)
07-09 14:35:43.825  3589  3589 I cr_LibraryLoader: Expected native library version number "51.0.2704.90", actual native library version number "51.0.2704.90"
07-09 14:35:43.837  3589  3589 V WebViewChromiumFactoryProvider: Binding Chromium to main looper Looper (main, tid 1) {84dbf34}
07-09 14:35:43.837  3589  3589 I cr_LibraryLoader: Expected native library version number "51.0.2704.90", actual native library version number "51.0.2704.90"
07-09 14:35:43.837  3589  3589 I chromium: [INFO:library_loader_hooks.cc(143)] Chromium logging enabled: level = 0, default verbosity = 0
07-09 14:35:43.847  3589  3589 I cr_BrowserStartup: Initializing chromium process, singleProcess=true
07-09 14:35:43.851  3589  3589 E ApkAssets: Error while loading asset assets/natives_blob_64.bin: java.io.FileNotFoundException: assets/natives_blob_64.bin
07-09 14:35:43.852  3589  3589 E ApkAssets: Error while loading asset assets/snapshot_blob_64.bin: java.io.FileNotFoundException: assets/snapshot_blob_64.bin
07-09 14:35:43.862  3589  3589 D         : HostConnection::get() New Host Connection established 0x99f9d9c0, tid 3589
07-09 14:35:43.862  3589  3589 W         : Unrecognized GLES max version string in extensions: ANDROID_EMU_CHECKSUM_HELPER_v1 ANDROID_EMU_dma_v1 
07-09 14:35:43.865  3589  3589 D EGL_emulation: eglCreateContext: 0x99fb0fc0: maj 2 min 0 rcv 2
07-09 14:35:43.866  3589  3589 D EGL_emulation: eglMakeCurrent: 0x99fb0fc0: ver 2 0 (tinfo 0x9bcbde60)
07-09 14:35:43.884  3589  3614 W cr_media: Requires BLUETOOTH permission
07-09 14:35:43.902  3589  3589 D cr_Ime  : [InputMethodManagerWrapper.java:30] Constructor
07-09 14:35:43.909  3589  3589 W cr_AwContents: onDetachedFromWindow called when already detached. Ignoring
07-09 14:35:43.910  3589  3589 D cr_Ime  : [InputMethodManagerWrapper.java:59] isActive: false
07-09 14:35:43.916  3589  3589 D SystemWebViewEngine: CordovaWebView is running on device made by: Google
07-09 14:35:43.919  3589  3589 D PluginManager: init()
07-09 14:35:43.925  3589  3589 D CordovaWebViewImpl: >>> loadUrl(file:///android_asset/www/index.html)
07-09 14:35:43.943  3589  3589 I cr_Ime  : ImeThread is not enabled.
07-09 14:35:43.959  3589  3589 D CordovaActivity: Started the activity.
07-09 14:35:43.961  3589  3589 D CordovaActivity: Resumed the activity.
07-09 14:35:43.964  1306  1336 E SurfaceFlinger: ro.sf.lcd_density must be defined as a build property
07-09 14:35:43.969  3589  3628 E libEGL  : validate_display:99 error 3008 (EGL_BAD_DISPLAY)
07-09 14:35:43.986  3589  3628 I VideoCapabilities: Unsupported profile 4 for video/mp4v-es
07-09 14:35:43.999  3589  3628 D         : HostConnection::get() New Host Connection established 0x89c4df40, tid 3628
07-09 14:35:43.999  3589  3628 W         : Unrecognized GLES max version string in extensions: ANDROID_EMU_CHECKSUM_HELPER_v1 ANDROID_EMU_dma_v1 
07-09 14:35:44.011  3589  3628 D EGL_emulation: eglCreateContext: 0xa9405d20: maj 2 min 0 rcv 2
07-09 14:35:44.011  3589  3628 D EGL_emulation: eglMakeCurrent: 0xa9405d20: ver 2 0 (tinfo 0x89c376b0)
07-09 14:35:44.055  3589  3627 I OpenGLRenderer: Initialized EGL, version 1.4
07-09 14:35:44.055  3589  3627 D OpenGLRenderer: Swap behavior 1
07-09 14:35:44.056  3589  3627 D         : HostConnection::get() New Host Connection established 0x8a022fc0, tid 3627
07-09 14:35:44.059  3589  3627 W         : Unrecognized GLES max version string in extensions: ANDROID_EMU_CHECKSUM_HELPER_v1 ANDROID_EMU_dma_v1 
07-09 14:35:44.059  3589  3627 W OpenGLRenderer: Failed to choose config with EGL_SWAP_BEHAVIOR_PRESERVED, retrying without...
07-09 14:35:44.059  3589  3627 D OpenGLRenderer: Swap behavior 0
07-09 14:35:44.065  3589  3627 D EGL_emulation: eglCreateContext: 0x8a1a9060: maj 2 min 0 rcv 2
07-09 14:35:44.075  3589  3627 D EGL_emulation: eglMakeCurrent: 0x8a1a9060: ver 2 0 (tinfo 0x8bac1910)
07-09 14:35:44.094  3589  3589 W art     : Attempt to remove non-JNI local reference, dumping thread
07-09 14:35:44.094  3589  3627 D EGL_emulation: eglMakeCurrent: 0x8a1a9060: ver 2 0 (tinfo 0x8bac1910)
07-09 14:35:44.130  1581  1601 I ActivityManager: Displayed io.cordova.hellocordova/.MainActivity: +375ms
07-09 14:35:44.130  3579  3579 D AndroidRuntime: Shutting down VM
07-09 14:35:44.141  3589  3589 W art     : Attempt to remove non-JNI local reference, dumping thread
07-09 14:35:44.146  3589  3589 D CordovaWebViewImpl: onPageDidNavigate(file:///android_asset/www/index.html)
07-09 14:35:44.152  3589  3589 W cr_BindingManager: Cannot call determinedVisibility() - never saw a connection for the pid: 3589
07-09 14:35:44.152  3589  3589 D cr_Ime  : [InputMethodManagerWrapper.java:59] isActive: true
07-09 14:35:44.152  3589  3589 D cr_Ime  : [InputMethodManagerWrapper.java:68] hideSoftInputFromWindow
07-09 14:35:44.206  3589  3589 D JsMessageQueue: Set native->JS mode to EvalBridgeMode
07-09 14:35:44.261  3589  3589 W art     : Attempt to remove non-JNI local reference, dumping thread
07-09 14:35:44.265  3589  3589 D SystemWebChromeClient: file:///android_asset/www/js/index.js: Line 26 : Uncaught SyntaxError: Unexpected token }
07-09 14:35:44.265  3589  3589 I chromium: [INFO:CONSOLE(26)] "Uncaught SyntaxError: Unexpected token }", source: file:///android_asset/www/js/index.js (26)
07-09 14:35:44.316  3589  3589 W art     : Attempt to remove non-JNI local reference, dumping thread
07-09 14:35:44.319  3589  3589 D CordovaWebViewImpl: onPageFinished(file:///android_asset/www/index.html)
07-09 14:35:44.320  1581  1601 I WindowManager: Destroying surface Surface(name=Starting io.cordova.hellocordova) called by com.android.server.wm.WindowStateAnimator.destroySurface:2014 com.android.server.wm.WindowStateAnimator.destroySurfaceLocked:881 com.android.server.wm.WindowState.destroyOrSaveSurface:2073 com.android.server.wm.AppWindowToken.destroySurfaces:363 com.android.server.wm.WindowStateAnimator.finishExit:565 com.android.server.wm.WindowStateAnimator.stepAnimationLocked:491 com.android.server.wm.WindowAnimator.updateWindowsLocked:303 com.android.server.wm.WindowAnimator.animateLocked:704 
07-09 14:35:44.572  1581  1802 I WindowManager: Destroying surface Surface(name=com.android.launcher3/com.android.launcher3.Launcher) called by com.android.server.wm.WindowStateAnimator.destroySurface:2014 com.android.server.wm.WindowStateAnimator.destroySurfaceLocked:881 com.android.server.wm.WindowState.destroyOrSaveSurface:2073 com.android.server.wm.AppWindowToken.destroySurfaces:363 com.android.server.wm.AppWindowToken.notifyAppStopped:389 com.android.server.wm.WindowManagerService.notifyAppStopped:4456 com.android.server.am.ActivityStack.activityStoppedLocked:1252 com.android.server.am.ActivityManagerService.activityStopped:6903 
07-09 14:35:44.577  2238  2290 I Icing   : Indexing EE6F8C9882833486D9329DB7241784EA0359044B from com.google.android.googlequicksearchbox
07-09 14:35:44.676  2238  2290 I Icing   : Indexing D3776286D12FC7DB06D432C084C75C62DB0FF1AC from com.google.android.gms
07-09 14:35:44.738  2238  2290 I Icing   : Indexing done EE6F8C9882833486D9329DB7241784EA0359044B
07-09 14:35:44.739  2238  2290 I Icing   : Indexing done D3776286D12FC7DB06D432C084C75C62DB0FF1AC
07-09 14:35:45.709  3589  3589 W art     : Attempt to remove non-JNI local reference, dumping thread
07-09 14:35:45.746  3589  3589 W art     : Attempt to remove non-JNI local reference, dumping thread
07-09 14:35:45.778  3589  3589 W art     : Attempt to remove non-JNI local reference, dumping thread
07-09 14:35:45.813  3589  3589 W art     : Attempt to remove non-JNI local reference, dumping thread
07-09 14:35:45.845  3589  3589 W art     : Attempt to remove non-JNI local reference, dumping thread
07-09 14:35:45.878  3589  3589 W art     : Attempt to remove non-JNI local reference, dumping thread
07-09 14:35:45.917  3589  3589 W art     : Attempt to remove non-JNI local reference, dumping thread
07-09 14:35:45.950  3589  3589 W art     : Attempt to remove non-JNI local reference, dumping thread
07-09 14:35:48.869  3589  3589 D CordovaActivity: Paused the activity.
07-09 14:35:48.870  1349  1390 W audio_hw_generic: Not supplying enough data to HAL, expected position 309030 , only wrote 308880
07-09 14:35:48.887  1306  1336 D gralloc_ranchu: gralloc_alloc: Creating ashmem region of size 2691072
07-09 14:35:48.891  1581  1592 D         : HostConnection::get() New Host Connection established 0x83e5d500, tid 1592
07-09 14:35:48.891  1581  1592 W         : Unrecognized GLES max version string in extensions: ANDROID_EMU_CHECKSUM_HELPER_v1 ANDROID_EMU_dma_v1 
07-09 14:35:48.893  1306  1306 E EGL_emulation: tid 1306: eglCreateSyncKHR(1901): error 0x3004 (EGL_BAD_ATTRIBUTE)
07-09 14:35:48.956  2006  2183 D EGL_emulation: eglMakeCurrent: 0xa9405240: ver 2 0 (tinfo 0xa9403200)
07-09 14:35:48.987  3589  3627 D EGL_emulation: eglMakeCurrent: 0x8a1a9060: ver 2 0 (tinfo 0x8bac1910)
07-09 14:35:49.013  1650  1650 W asset   : Asset path /data/app/io.cordova.hellocordova-1/base.apk is neither a directory nor file (type=1).
07-09 14:35:49.013  1650  1650 W PackageManager: Failure retrieving resources for io.cordova.hellocordova
07-09 14:35:49.013  1650  1650 W asset   : Asset path /data/app/io.cordova.hellocordova-1/base.apk is neither a directory nor file (type=1).
07-09 14:35:49.013  1650  1650 W PackageManager: Failure retrieving resources for io.cordova.hellocordova
07-09 14:35:49.013  1650  1650 W asset   : Asset path /data/app/io.cordova.hellocordova-1/base.apk is neither a directory nor file (type=1).
07-09 14:35:49.013  1650  1650 W PackageManager: Failure retrieving resources for io.cordova.hellocordova
07-09 14:35:49.013  1650  1650 W asset   : Asset path /data/app/io.cordova.hellocordova-1/base.apk is neither a directory nor file (type=1).
07-09 14:35:49.013  1650  1650 W PackageManager: Failure retrieving resources for io.cordova.hellocordova
07-09 14:35:49.013  1650  1650 W asset   : Asset path /data/app/io.cordova.hellocordova-1/base.apk is neither a directory nor file (type=1).
07-09 14:35:49.014  1650  1650 W PackageManager: Failure retrieving resources for io.cordova.hellocordova
07-09 14:35:49.014  1650  1650 W asset   : Asset path /data/app/io.cordova.hellocordova-1/base.apk is neither a directory nor file (type=1).
07-09 14:35:49.014  1650  1650 W PackageManager: Failure retrieving resources for io.cordova.hellocordova
07-09 14:35:49.240  3589  3589 D CordovaActivity: Stopped the activity.
07-09 14:35:49.240  3589  3589 D CordovaActivity: CordovaActivity.onDestroy()
07-09 14:35:49.242  3589  3589 D CordovaWebViewImpl: >>> loadUrl(about:blank)
07-09 14:35:49.242  3589  3589 W cr_AwContents: WebView.destroy() called while WebView is still attached to window.
07-09 14:35:49.260  3589  3589 D cr_Ime  : [InputMethodManagerWrapper.java:59] isActive: false
07-09 14:35:49.406  1581  1601 I WindowManager: Destroying surface Surface(name=io.cordova.hellocordova/io.cordova.hellocordova.MainActivity) called by com.android.server.wm.WindowStateAnimator.destroySurface:2014 com.android.server.wm.WindowStateAnimator.destroySurfaceLocked:881 com.android.server.wm.WindowState.removeLocked:1449 com.android.server.wm.WindowManagerService.removeWindowInnerLocked:2478 com.android.server.wm.AppWindowToken.destroySurfaces:365 com.android.server.wm.WindowStateAnimator.finishExit:565 com.android.server.wm.WindowStateAnimator.stepAnimationLocked:491 com.android.server.wm.WindowAnimator.updateWindowsLocked:303 
07-09 14:35:52.725  1581  1802 I ActivityManager: START u0 {act=android.intent.action.MAIN cat=[android.intent.category.LAUNCHER] flg=0x10200000 cmp=io.cordova.hellocordova/.MainActivity (has extras)} from uid 10019 on display 0
07-09 14:35:52.764  3589  3589 I CordovaLog: Changing log level to DEBUG(3)
07-09 14:35:52.764  3589  3589 I CordovaActivity: Apache Cordova native platform version 6.2.3 is starting
07-09 14:35:52.764  3589  3589 D CordovaActivity: CordovaActivity.onCreate()
07-09 14:35:52.771  3589  3589 D cr_Ime  : [InputMethodManagerWrapper.java:30] Constructor
07-09 14:35:52.777  3589  3589 W cr_AwContents: onDetachedFromWindow called when already detached. Ignoring
07-09 14:35:52.777  3589  3589 D cr_Ime  : [InputMethodManagerWrapper.java:59] isActive: false
07-09 14:35:52.780  1306  1826 D gralloc_ranchu: gralloc_alloc: Creating ashmem region of size 8294400
07-09 14:35:52.782  3589  3589 D SystemWebViewEngine: CordovaWebView is running on device made by: Google
07-09 14:35:52.784  3589  3589 D PluginManager: init()
07-09 14:35:52.785  3589  3589 D CordovaWebViewImpl: >>> loadUrl(file:///android_asset/www/index.html)
07-09 14:35:52.793  3589  3589 I cr_Ime  : ImeThread is not enabled.
07-09 14:35:52.795  3589  3589 D CordovaActivity: Started the activity.
07-09 14:35:52.797  3589  3628 D EGL_emulation: eglMakeCurrent: 0xa9405d20: ver 2 0 (tinfo 0x89c376b0)
07-09 14:35:52.815  3589  3589 D CordovaActivity: Resumed the activity.
07-09 14:35:52.861  1650  1650 W asset   : Asset path /data/app/io.cordova.hellocordova-1/base.apk is neither a directory nor file (type=1).
07-09 14:35:52.861  1650  1650 W PackageManager: Failure retrieving resources for io.cordova.hellocordova
07-09 14:35:52.861  1650  1650 W asset   : Asset path /data/app/io.cordova.hellocordova-1/base.apk is neither a directory nor file (type=1).
07-09 14:35:52.862  1650  1650 W PackageManager: Failure retrieving resources for io.cordova.hellocordova
07-09 14:35:52.862  1650  1650 W asset   : Asset path /data/app/io.cordova.hellocordova-1/base.apk is neither a directory nor file (type=1).
07-09 14:35:52.862  1650  1650 W PackageManager: Failure retrieving resources for io.cordova.hellocordova
07-09 14:35:52.862  1650  1650 W asset   : Asset path /data/app/io.cordova.hellocordova-1/base.apk is neither a directory nor file (type=1).
07-09 14:35:52.862  1650  1650 W PackageManager: Failure retrieving resources for io.cordova.hellocordova
07-09 14:35:52.862  1650  1650 W asset   : Asset path /data/app/io.cordova.hellocordova-1/base.apk is neither a directory nor file (type=1).
07-09 14:35:52.862  1650  1650 W PackageManager: Failure retrieving resources for io.cordova.hellocordova
07-09 14:35:52.867  2006  2183 D EGL_emulation: eglMakeCurrent: 0xa9405240: ver 2 0 (tinfo 0xa9403200)
07-09 14:35:52.879  3589  3589 W art     : Attempt to remove non-JNI local reference, dumping thread
07-09 14:35:52.882  3589  3627 D EGL_emulation: eglMakeCurrent: 0x8a1a9060: ver 2 0 (tinfo 0x8bac1910)
07-09 14:35:52.907  3589  3589 D CordovaWebViewImpl: onPageDidNavigate(file:///android_asset/www/index.html)
07-09 14:35:52.913  1581  1601 I ActivityManager: Displayed io.cordova.hellocordova/.MainActivity: +167ms
07-09 14:35:52.921  3589  3589 W art     : Attempt to remove non-JNI local reference, dumping thread
07-09 14:35:52.943  3589  3589 W cr_BindingManager: Cannot call determinedVisibility() - never saw a connection for the pid: 3589
07-09 14:35:52.943  3589  3589 D cr_Ime  : [InputMethodManagerWrapper.java:59] isActive: true
07-09 14:35:52.943  3589  3589 D cr_Ime  : [InputMethodManagerWrapper.java:68] hideSoftInputFromWindow
07-09 14:35:52.958  3589  3589 D JsMessageQueue: Set native->JS mode to EvalBridgeMode
07-09 14:35:52.964  3589  3589 D SystemWebChromeClient: file:///android_asset/www/js/index.js: Line 26 : Uncaught SyntaxError: Unexpected token }
07-09 14:35:52.964  3589  3589 I chromium: [INFO:CONSOLE(26)] "Uncaught SyntaxError: Unexpected token }", source: file:///android_asset/www/js/index.js (26)
07-09 14:35:52.965  3589  3589 D CordovaWebViewImpl: onPageFinished(file:///android_asset/www/index.html)
07-09 14:35:53.009  3589  3589 W art     : Attempt to remove non-JNI local reference, dumping thread
07-09 14:35:53.107  1581  1601 I WindowManager: Destroying surface Surface(name=Starting io.cordova.hellocordova) called by com.android.server.wm.WindowStateAnimator.destroySurface:2014 com.android.server.wm.WindowStateAnimator.destroySurfaceLocked:881 com.android.server.wm.WindowState.destroyOrSaveSurface:2073 com.android.server.wm.AppWindowToken.destroySurfaces:363 com.android.server.wm.WindowStateAnimator.finishExit:565 com.android.server.wm.WindowStateAnimator.stepAnimationLocked:491 com.android.server.wm.WindowAnimator.updateWindowsLocked:303 com.android.server.wm.WindowAnimator.animateLocked:704 
07-09 14:35:53.264  1581  1990 I WindowManager: Destroying surface Surface(name=com.android.launcher3/com.android.launcher3.Launcher) called by com.android.server.wm.WindowStateAnimator.destroySurface:2014 com.android.server.wm.WindowStateAnimator.destroySurfaceLocked:881 com.android.server.wm.WindowState.destroyOrSaveSurface:2073 com.android.server.wm.AppWindowToken.destroySurfaces:363 com.android.server.wm.AppWindowToken.notifyAppStopped:389 com.android.server.wm.WindowManagerService.notifyAppStopped:4456 com.android.server.am.ActivityStack.activityStoppedLocked:1252 com.android.server.am.ActivityManagerService.activityStopped:6903 
07-09 14:35:54.493  3589  3589 W art     : Attempt to remove non-JNI local reference, dumping thread
07-09 14:35:54.527  3589  3589 W art     : Attempt to remove non-JNI local reference, dumping thread
07-09 14:35:54.565  3589  3589 W art     : Attempt to remove non-JNI local reference, dumping thread
07-09 14:35:54.596  3589  3589 W art     : Attempt to remove non-JNI local reference, dumping thread
07-09 14:35:54.629  3589  3589 W art     : Attempt to remove non-JNI local reference, dumping thread
07-09 14:35:54.659  3589  3589 W art     : Attempt to remove non-JNI local reference, dumping thread
07-09 14:35:54.663  3589  3589 D cr_Ime  : [InputMethodManagerWrapper.java:42] restartInput
07-09 14:35:54.664  3589  3589 D cr_Ime  : [InputMethodManagerWrapper.java:50] showSoftInput
07-09 14:35:54.665  1644  1644 W InputMethodService: Window size has been changed. This may cause jankiness of resizing window: -1 -> -2
07-09 14:35:54.665  3589  3589 D cr_Ime  : [InputMethodManagerWrapper.java:77] updateSelection: SEL [0, 0], COM [-1, -1]
07-09 14:35:54.682  1644  1644 I LatinIME: Starting input. Cursor position = 0,0
07-09 14:35:54.699  3589  3589 W art     : Attempt to remove non-JNI local reference, dumping thread
07-09 14:35:54.730  3589  3589 W art     : Attempt to remove non-JNI local reference, dumping thread
07-09 14:35:54.733  3589  3589 D cr_Ime  : [InputMethodManagerWrapper.java:89] updateCursorAnchorInfo
07-09 14:35:54.775  1644  3486 D EGL_emulation: eglMakeCurrent: 0xa94051e0: ver 2 0 (tinfo 0xa9403550)
07-09 14:35:54.827  3589  3589 W art     : Attempt to remove non-JNI local reference, dumping thread
07-09 14:35:54.860  3589  3589 W art     : Attempt to remove non-JNI local reference, dumping thread
07-09 14:35:54.910  3589  3589 W art     : Attempt to remove non-JNI local reference, dumping thread
07-09 14:35:55.242  3589  3589 W art     : Attempt to remove non-JNI local reference, dumping thread
07-09 14:35:55.703  3589  3589 W art     : Attempt to remove non-JNI local reference, dumping thread
07-09 14:35:55.936  1349  1391 W audio_hw_generic: Not supplying enough data to HAL, expected position 985108 , only wrote 648000
07-09 14:35:56.228  3589  3589 W art     : Attempt to remove non-JNI local reference, dumping thread
07-09 14:35:56.718  3589  3589 W art     : Attempt to remove non-JNI local reference, dumping thread
07-09 14:35:56.755  1644  1644 W InputMethodService: Window size has been changed. This may cause jankiness of resizing window: -1 -> -2
07-09 14:35:56.755  1349  1390 W audio_hw_generic: Not supplying enough data to HAL, expected position 648055 , only wrote 648000
07-09 14:35:56.773  1644  3486 D EGL_emulation: eglMakeCurrent: 0xa94051e0: ver 2 0 (tinfo 0xa9403550)
07-09 14:35:56.811  3589  3589 W art     : Attempt to remove non-JNI local reference, dumping thread
07-09 14:35:56.876  3589  3589 W art     : Attempt to remove non-JNI local reference, dumping thread
07-09 14:35:56.954  1581  1601 I WindowManager: Destroying surface Surface(name=InputMethod) called by com.android.server.wm.WindowStateAnimator.destroySurface:2014 com.android.server.wm.WindowStateAnimator.destroySurfaceLocked:881 com.android.server.wm.WindowState.destroyOrSaveSurface:2073 com.android.server.wm.WindowSurfacePlacer.performSurfacePlacementInner:429 com.android.server.wm.WindowSurfacePlacer.performSurfacePlacementLoop:232 com.android.server.wm.WindowSurfacePlacer.performSurfacePlacement:180 com.android.server.wm.WindowManagerService$H.handleMessage:8079 android.os.Handler.dispatchMessage:102 
07-09 14:35:57.287  3589  3589 W art     : Attempt to remove non-JNI local reference, dumping thread
07-09 14:35:57.735  3589  3589 W art     : Attempt to remove non-JNI local reference, dumping thread
07-09 14:35:58.015  3589  3589 D CordovaActivity: Paused the activity.
07-09 14:35:58.044  1306  1826 D gralloc_ranchu: gralloc_alloc: Creating ashmem region of size 2691072
07-09 14:35:58.050  1581  2181 D         : HostConnection::get() New Host Connection established 0x83e5df40, tid 2181
07-09 14:35:58.052  1581  2181 W         : Unrecognized GLES max version string in extensions: ANDROID_EMU_CHECKSUM_HELPER_v1 ANDROID_EMU_dma_v1 
07-09 14:35:58.055  1306  1306 E EGL_emulation: tid 1306: eglCreateSyncKHR(1901): error 0x3004 (EGL_BAD_ATTRIBUTE)
07-09 14:35:58.126  3589  3589 W IInputConnectionWrapper: reportFullscreenMode on inexistent InputConnection
07-09 14:35:58.126  3589  3589 W IInputConnectionWrapper: finishComposingText on inactive InputConnection
07-09 14:35:58.140  2006  2183 D EGL_emulation: eglMakeCurrent: 0xa9405240: ver 2 0 (tinfo 0xa9403200)
07-09 14:35:58.171  3589  3627 D EGL_emulation: eglMakeCurrent: 0x8a1a9060: ver 2 0 (tinfo 0x8bac1910)
07-09 14:35:58.419  3589  3589 D CordovaActivity: Stopped the activity.
07-09 14:35:58.420  3589  3589 D CordovaActivity: CordovaActivity.onDestroy()
07-09 14:35:58.421  3589  3589 D CordovaWebViewImpl: >>> loadUrl(about:blank)
07-09 14:35:58.428  3589  3589 W cr_AwContents: WebView.destroy() called while WebView is still attached to window.
07-09 14:35:58.443  3589  3589 D cr_Ime  : [InputMethodManagerWrapper.java:59] isActive: false
07-09 14:35:58.443  3589  3589 D cr_Ime  : [InputMethodManagerWrapper.java:42] restartInput
07-09 14:35:58.587  1581  1601 I WindowManager: Destroying surface Surface(name=io.cordova.hellocordova/io.cordova.hellocordova.MainActivity) called by com.android.server.wm.WindowStateAnimator.destroySurface:2014 com.android.server.wm.WindowStateAnimator.destroySurfaceLocked:881 com.android.server.wm.WindowState.removeLocked:1449 com.android.server.wm.WindowManagerService.removeWindowInnerLocked:2478 com.android.server.wm.AppWindowToken.destroySurfaces:365 com.android.server.wm.WindowStateAnimator.finishExit:565 com.android.server.wm.AppWindowAnimator.stepAnimationLocked:427 com.android.server.wm.WindowAnimator.updateAppWindowsLocked:196 
07-09 14:36:00.021  1650  1827 D EGL_emulation: eglMakeCurrent: 0x8c39bea0: ver 2 0 (tinfo 0xa58493f0)
07-09 14:36:01.211  1349  1391 W audio_hw_generic: Not supplying enough data to HAL, expected position 1073737 , only wrote 861840
07-09 14:36:03.709  2408  2452 W Finsky  : [142] com.google.android.finsky.FinskyApp.i(1468): No account configured on this device.
07-09 14:36:03.710  2408  2452 I Finsky  : [142] com.google.android.finsky.c.e.run(1151): Replicating app states via AMAS.
07-09 14:36:03.754  2408  2452 I Finsky  : [142] com.google.android.finsky.c.c.a(311): Completed 0 account content syncs with 0 successful.
07-09 14:36:03.754  2408  2408 I Finsky  : [1] com.google.android.finsky.services.j.a(149): Installation state replication succeeded.
07-09 14:36:37.571  1352  1352 I         : free_cache(4986288) avail 688246784
07-09 14:36:37.693  1581  1606 I PackageManager.DexOptimizer: Running dexopt (dex2oat) on: /data/app/vmdl494235027.tmp/base.apk pkg=io.cordova.hellocordova isa=x86 vmSafeMode=false debuggable=true target-filter=interpret-only oatDir = /data/app/vmdl494235027.tmp/oat sharedLibraries=null
07-09 14:36:37.700  3685  3685 W dex2oat : Unexpected CPU variant for X86 using defaults: x86
07-09 14:36:37.700  3685  3685 W dex2oat : Mismatch between dex2oat instruction set features (ISA: X86 Feature string: smp,-ssse3,-sse4.1,-sse4.2,-avx,-avx2,-lock_add,-popcnt) and those of dex2oat executable (ISA: X86 Feature string: smp,ssse3,-sse4.1,-sse4.2,-avx,-avx2,-lock_add,-popcnt) for the command line:
07-09 14:36:37.700  3685  3685 W dex2oat : /system/bin/dex2oat --zip-fd=6 --zip-location=base.apk --oat-fd=7 --oat-location=/data/app/vmdl494235027.tmp/oat/x86/base.odex --instruction-set=x86 --instruction-set-variant=x86 --instruction-set-features=default --runtime-arg -Xms64m --runtime-arg -Xmx512m --compiler-filter=interpret-only --swap-fd=9 --debuggable
07-09 14:36:37.700  3685  3685 I dex2oat : /system/bin/dex2oat --compiler-filter=interpret-only --debuggable
07-09 14:36:37.727  3685  3685 I dex2oat : dex2oat took 26.392ms (threads: 2) arena alloc=1896B (1896B) java alloc=210KB (215104B) native alloc=958KB (981848B) free=1601KB (1639592B)
07-09 14:36:37.728  1581  1594 I ActivityManager: Force stopping io.cordova.hellocordova appid=10075 user=-1: installPackageLI
07-09 14:36:37.728  1581  1594 I ActivityManager: Killing 3589:io.cordova.hellocordova/u0a75 (adj 900): stop io.cordova.hellocordova
07-09 14:36:37.728  1581  1594 D ActivityManager: cleanUpApplicationRecord -- 3589
07-09 14:36:37.747  1581  1606 I PackageManager: Package io.cordova.hellocordova codePath changed from /data/app/io.cordova.hellocordova-2 to /data/app/io.cordova.hellocordova-1; Retaining data and using new
07-09 14:36:37.747  1581  1606 W PackageManager: Code path for io.cordova.hellocordova changing from /data/app/io.cordova.hellocordova-2 to /data/app/io.cordova.hellocordova-1
07-09 14:36:37.747  1581  1606 W PackageManager: Resource path for io.cordova.hellocordova changing from /data/app/io.cordova.hellocordova-2 to /data/app/io.cordova.hellocordova-1
07-09 14:36:37.774  1581  1606 I art     : Starting a blocking GC Explicit
07-09 14:36:37.777  1581  1786 D GraphicsStats: Buffer count: 3
07-09 14:36:37.790  1581  1606 I art     : Explicit concurrent mark sweep GC freed 28588(1556KB) AllocSpace objects, 10(200KB) LOS objects, 25% free, 11MB/15MB, paused 190us total 15.314ms
07-09 14:36:37.791  1352  1352 E         : Couldn't opendir /data/app/vmdl494235027.tmp: No such file or directory
07-09 14:36:37.792  1581  1606 I ActivityManager: Force stopping io.cordova.hellocordova appid=10075 user=0: pkg removed
07-09 14:36:37.798  1581  1614 I InputReader: Reconfiguring input devices.  changes=0x00000010
07-09 14:36:37.800  1581  1614 I InputReader: Reconfiguring input devices.  changes=0x00000010
07-09 14:36:37.818  1581  1614 I InputReader: Reconfiguring input devices.  changes=0x00000010
07-09 14:36:37.819  1771  1771 D CarrierSvcBindHelper: No carrier app for: 0
07-09 14:36:37.819  1771  1771 D CarrierSvcBindHelper: No carrier app for: 0
07-09 14:36:37.819  1771  1771 D CarrierConfigLoader: mHandler: 9 phoneId: 0
07-09 14:36:37.839  3059  3059 W ContextImpl: Calling a method in the system process without a qualified user: android.app.ContextImpl.startService:1385 android.content.ContextWrapper.startService:613 android.content.ContextWrapper.startService:613 com.android.keychain.KeyChainBroadcastReceiver.onReceive:12 android.app.ActivityThread.handleReceiver:3011 
07-09 14:36:37.854  2238  2246 W SQLiteConnectionPool: A SQLiteConnection object for database '/data/user/0/com.google.android.gms/databases/metrics.db' was leaked!  Please fix your application to end transactions in progress properly and to close the database when it is no longer needed.
07-09 14:36:37.854  2238  2246 W SQLiteConnectionPool: A SQLiteConnection object for database '/data/user/0/com.google.android.gms/databases/help_responses.db.18' was leaked!  Please fix your application to end transactions in progress properly and to close the database when it is no longer needed.
07-09 14:36:37.855  2238  2246 W SQLiteConnectionPool: A SQLiteConnection object for database '/data/user/0/com.google.android.gms/databases/auto_complete_suggestions.db' was leaked!  Please fix your application to end transactions in progress properly and to close the database when it is no longer needed.
07-09 14:36:37.864  1945  2768 E NetworkScheduler.SR: Invalid parameter app
07-09 14:36:37.864  1945  2768 E NetworkScheduler.SR: Invalid package name : Perhaps you didn't include a PendingIntent in the extras?
07-09 14:36:37.880  2408  2408 I Finsky  : [1] com.google.android.finsky.utils.PermissionPolicies$PermissionPolicyService.onStartCommand(117): post-install permissions check for io.cordova.hellocordova
07-09 14:36:37.894  2408  2408 I Finsky  : [1] com.google.android.finsky.utils.bh.run(2302): Package state data is missing for io.cordova.hellocordova
07-09 14:36:37.896  2408  2408 W Finsky  : [1] com.google.android.finsky.FinskyApp.i(1468): No account configured on this device.
07-09 14:36:37.900  2034  3696 I UpdateIcingCorporaServi: Updating corpora: APPS=io.cordova.hellocordova, CONTACTS=MAYBE
07-09 14:36:37.920  1945  2768 E NetworkScheduler.SR: Invalid parameter app
07-09 14:36:37.920  1945  2768 E NetworkScheduler.SR: Invalid package name : Perhaps you didn't include a PendingIntent in the extras?
07-09 14:36:37.958  2238  2278 E Drive.UninstallOperation: Package still installed io.cordova.hellocordova
07-09 14:36:37.974  2238  3709 D Wear_Controller: Received broadcast action=android.intent.action.PACKAGE_REMOVED and uri=io.cordova.hellocordova
07-09 14:36:37.977  2238  3700 W IcingInternalCorpora: getNumBytesRead when not calculated.
07-09 14:36:37.978  2238  3707 I PeopleContactsSync: triggerPendingContactsCleanup: no accounts
07-09 14:36:37.983  2238  3706 D Wear_Controller: Received broadcast action=android.intent.action.PACKAGE_ADDED and uri=io.cordova.hellocordova
07-09 14:36:38.011  2238  2290 I Icing   : Usage reports 0 indexed 0 rejected 0 imm upload true
07-09 14:36:38.012  2034  3696 I UpdateIcingCorporaServi: UpdateCorporaTask done [took 112 ms] updated apps [took 112 ms] 
07-09 14:36:38.019  2238  2290 I Icing   : Usage reports 0 indexed 0 rejected 0 imm upload false
07-09 14:36:38.021  2238  2290 I Icing   : Usage reports 0 indexed 0 rejected 0 imm upload false
07-09 14:36:38.030  3688  3688 D AndroidRuntime: >>>>>> START com.android.internal.os.RuntimeInit uid 2000 <<<<<<
07-09 14:36:38.031  3688  3688 D AndroidRuntime: CheckJNI is ON
07-09 14:36:38.036  2238  2259 I Icing   : Usage reports 0 indexed 0 rejected 0 imm upload false
07-09 14:36:38.043  3688  3688 W art     : Unexpected CPU variant for X86 using defaults: x86
07-09 14:36:38.043  2238  2259 I Icing   : Usage reports 0 indexed 0 rejected 0 imm upload false
07-09 14:36:38.045  3688  3688 D ICU     : No timezone override file found: /data/misc/zoneinfo/current/icu/icu_tzdata.dat
07-09 14:36:38.054  3688  3688 E memtrack: Couldn't load memtrack module (No such file or directory)
07-09 14:36:38.054  3688  3688 E android.os.Debug: failed to load memtrack module: -2
07-09 14:36:38.055  3688  3688 I Radio-JNI: register_android_hardware_Radio DONE
07-09 14:36:38.060  3688  3688 D AndroidRuntime: Calling main entry com.android.commands.input.Input
07-09 14:36:38.060  3688  3688 I Input   : injectKeyEvent: KeyEvent { action=ACTION_DOWN, keyCode=KEYCODE_MENU, scanCode=0, metaState=0, flags=0x0, repeatCount=0, eventTime=401923, downTime=401923, deviceId=-1, source=0x101 }
07-09 14:36:38.061  3688  3688 I Input   : injectKeyEvent: KeyEvent { action=ACTION_UP, keyCode=KEYCODE_MENU, scanCode=0, metaState=0, flags=0x0, repeatCount=0, eventTime=401923, downTime=401923, deviceId=-1, source=0x101 }
07-09 14:36:38.061  3688  3688 D AndroidRuntime: Shutting down VM
07-09 14:36:38.235  3734  3734 D AndroidRuntime: >>>>>> START com.android.internal.os.RuntimeInit uid 2000 <<<<<<
07-09 14:36:38.236  3734  3734 D AndroidRuntime: CheckJNI is ON
07-09 14:36:38.253  3734  3734 W art     : Unexpected CPU variant for X86 using defaults: x86
07-09 14:36:38.255  3734  3734 D ICU     : No timezone override file found: /data/misc/zoneinfo/current/icu/icu_tzdata.dat
07-09 14:36:38.266  3734  3734 E memtrack: Couldn't load memtrack module (No such file or directory)
07-09 14:36:38.266  3734  3734 E android.os.Debug: failed to load memtrack module: -2
07-09 14:36:38.267  3734  3734 I Radio-JNI: register_android_hardware_Radio DONE
07-09 14:36:38.274  3734  3734 D AndroidRuntime: Calling main entry com.android.commands.am.Am
07-09 14:36:38.275  1581  1989 I ActivityManager: START u0 {act=android.intent.action.MAIN flg=0x10000000 cmp=io.cordova.hellocordova/.MainActivity} from uid 2000 on display 0
07-09 14:36:38.282  3744  3744 I art     : Not late-enabling -Xcheck:jni (already on)
07-09 14:36:38.282  3744  3744 W art     : Unexpected CPU variant for X86 using defaults: x86
07-09 14:36:38.289  1581  1679 I ActivityManager: Start proc 3744:io.cordova.hellocordova/u0a75 for activity io.cordova.hellocordova/.MainActivity
07-09 14:36:38.316  3744  3744 W System  : ClassLoader referenced unknown path: /data/app/io.cordova.hellocordova-1/lib/x86
07-09 14:36:38.321  1306  1311 D gralloc_ranchu: gralloc_alloc: Creating ashmem region of size 8294400
07-09 14:36:38.325  3744  3744 I CordovaLog: Changing log level to DEBUG(3)
07-09 14:36:38.326  3744  3744 I CordovaActivity: Apache Cordova native platform version 6.2.3 is starting
07-09 14:36:38.326  3744  3744 D CordovaActivity: CordovaActivity.onCreate()
07-09 14:36:38.332  3744  3744 W System  : ClassLoader referenced unknown path: /system/app/Chrome/lib/x86
07-09 14:36:38.334  3744  3744 I WebViewFactory: Loading com.android.chrome version 51.0.2704.90 (code 275509012)
07-09 14:36:38.352  3744  3744 I cr_LibraryLoader: Time to load native libraries: 2 ms (timestamps 2213-2215)
07-09 14:36:38.352  3744  3744 I cr_LibraryLoader: Expected native library version number "51.0.2704.90", actual native library version number "51.0.2704.90"
07-09 14:36:38.355  2006  2183 D EGL_emulation: eglMakeCurrent: 0xa9405240: ver 2 0 (tinfo 0xa9403200)
07-09 14:36:38.360  3744  3744 V WebViewChromiumFactoryProvider: Binding Chromium to main looper Looper (main, tid 1) {84dbf34}
07-09 14:36:38.360  3744  3744 I cr_LibraryLoader: Expected native library version number "51.0.2704.90", actual native library version number "51.0.2704.90"
07-09 14:36:38.360  3744  3744 I chromium: [INFO:library_loader_hooks.cc(143)] Chromium logging enabled: level = 0, default verbosity = 0
07-09 14:36:38.366  3744  3744 I cr_BrowserStartup: Initializing chromium process, singleProcess=true
07-09 14:36:38.371  3744  3744 E ApkAssets: Error while loading asset assets/natives_blob_64.bin: java.io.FileNotFoundException: assets/natives_blob_64.bin
07-09 14:36:38.371  3744  3744 E ApkAssets: Error while loading asset assets/snapshot_blob_64.bin: java.io.FileNotFoundException: assets/snapshot_blob_64.bin
07-09 14:36:38.380  3744  3744 D         : HostConnection::get() New Host Connection established 0x99f9d8c0, tid 3744
07-09 14:36:38.381  3744  3744 W         : Unrecognized GLES max version string in extensions: ANDROID_EMU_CHECKSUM_HELPER_v1 ANDROID_EMU_dma_v1 
07-09 14:36:38.383  3744  3744 D EGL_emulation: eglCreateContext: 0x99fb1440: maj 2 min 0 rcv 2
07-09 14:36:38.384  3744  3744 D EGL_emulation: eglMakeCurrent: 0x99fb1440: ver 2 0 (tinfo 0x9bcbdea0)
07-09 14:36:38.409  3744  3770 W cr_media: Requires BLUETOOTH permission
07-09 14:36:38.416  3744  3744 D cr_Ime  : [InputMethodManagerWrapper.java:30] Constructor
07-09 14:36:38.418  3744  3744 W cr_AwContents: onDetachedFromWindow called when already detached. Ignoring
07-09 14:36:38.418  3744  3744 D cr_Ime  : [InputMethodManagerWrapper.java:59] isActive: false
07-09 14:36:38.426  3744  3744 D SystemWebViewEngine: CordovaWebView is running on device made by: Google
07-09 14:36:38.429  3744  3744 D PluginManager: init()
07-09 14:36:38.431  3744  3744 D CordovaWebViewImpl: >>> loadUrl(file:///android_asset/www/index.html)
07-09 14:36:38.434  3744  3744 I cr_Ime  : ImeThread is not enabled.
07-09 14:36:38.443  3744  3744 D CordovaActivity: Started the activity.
07-09 14:36:38.444  3744  3744 D CordovaActivity: Resumed the activity.
07-09 14:36:38.447  1306  1826 E SurfaceFlinger: ro.sf.lcd_density must be defined as a build property
07-09 14:36:38.463  3744  3785 E libEGL  : validate_display:99 error 3008 (EGL_BAD_DISPLAY)
07-09 14:36:38.476  3744  3783 I OpenGLRenderer: Initialized EGL, version 1.4
07-09 14:36:38.476  3744  3783 D OpenGLRenderer: Swap behavior 1
07-09 14:36:38.484  3744  3783 D         : HostConnection::get() New Host Connection established 0x89d7c680, tid 3783
07-09 14:36:38.484  3744  3783 W         : Unrecognized GLES max version string in extensions: ANDROID_EMU_CHECKSUM_HELPER_v1 ANDROID_EMU_dma_v1 
07-09 14:36:38.485  3744  3785 I VideoCapabilities: Unsupported profile 4 for video/mp4v-es
07-09 14:36:38.485  3744  3783 W OpenGLRenderer: Failed to choose config with EGL_SWAP_BEHAVIOR_PRESERVED, retrying without...
07-09 14:36:38.485  3744  3783 D OpenGLRenderer: Swap behavior 0
07-09 14:36:38.487  3744  3785 D         : HostConnection::get() New Host Connection established 0x89292380, tid 3785
07-09 14:36:38.488  3744  3785 W         : Unrecognized GLES max version string in extensions: ANDROID_EMU_CHECKSUM_HELPER_v1 ANDROID_EMU_dma_v1 
07-09 14:36:38.492  3744  3783 D EGL_emulation: eglCreateContext: 0x8ba87000: maj 2 min 0 rcv 2
07-09 14:36:38.493  3744  3783 D EGL_emulation: eglMakeCurrent: 0x8ba87000: ver 2 0 (tinfo 0x99fff770)
07-09 14:36:38.498  3744  3785 D EGL_emulation: eglCreateContext: 0x8bab0600: maj 2 min 0 rcv 2
07-09 14:36:38.502  3744  3785 D EGL_emulation: eglMakeCurrent: 0x8bab0600: ver 2 0 (tinfo 0x99fffdf0)
07-09 14:36:38.505  3744  3744 W art     : Attempt to remove non-JNI local reference, dumping thread
07-09 14:36:38.506  3744  3783 D EGL_emulation: eglMakeCurrent: 0x8ba87000: ver 2 0 (tinfo 0x99fff770)
07-09 14:36:38.565  1581  1601 I ActivityManager: Displayed io.cordova.hellocordova/.MainActivity: +287ms
07-09 14:36:38.565  3744  3744 D CordovaWebViewImpl: onPageDidNavigate(file:///android_asset/www/index.html)
07-09 14:36:38.566  3734  3734 D AndroidRuntime: Shutting down VM
07-09 14:36:38.571  3744  3744 W art     : Attempt to remove non-JNI local reference, dumping thread
