07-09 14:30:01.342  1261  1297 V vold    : /dev/block/vold/disk:253,64: LABEL="SDCARD" UUID="0D0C-0F05" TYPE="vfat" 
07-09 14:30:01.342  1261  1297 V vold    : 
07-09 14:30:01.342  1581  1616 D VoldConnector: RCV <- {650 public:253,64 0 "disk:253,64" ""}
07-09 14:30:01.343  1581  1616 D VoldConnector: RCV <- {651 public:253,64 0}
07-09 14:30:01.343  1581  1616 D VoldConnector: RCV <- {643 disk:253,64}
07-09 14:30:01.343  1581  1616 D VoldConnector: RCV <- {200 3 Command succeeded}
07-09 14:30:01.344  1581  1615 D VoldConnector: SND -> {4 volume user_added 0 0}
07-09 14:30:01.345  1671  1671 V WebViewFactory: RelroFileCreator (64bit = false),  32-bit lib: /system/app/Chrome/Chrome.apk!/lib/x86/libmonochrome.so, 64-bit lib: 
07-09 14:30:01.345  1581  1616 D VoldConnector: RCV <- {200 4 Command succeeded}
07-09 14:30:01.347  1581  1581 D NetworkManagement: enabling bandwidth control
07-09 14:30:01.348  1581  1615 D VoldConnector: SND -> {5 volume mount emulated 3 -1}
07-09 14:30:01.349  1261  1297 V vold    : Waiting for FUSE to spin up...
07-09 14:30:01.350  1581  1616 D VoldConnector: RCV <- {651 emulated 1}
07-09 14:30:01.350  1581  1616 D VoldConnector: RCV <- {656 emulated /data/media}
07-09 14:30:01.350  1581  1616 D VoldConnector: RCV <- {655 emulated /storage/emulated}
07-09 14:30:01.363  1581  1681 E WVMExtractor: Failed to open libwvm.so: dlopen failed: library "libwvm.so" not found
07-09 14:30:01.373  1650  1650 W System  : ClassLoader referenced unknown path: /system/priv-app/SystemUI/lib/x86
07-09 14:30:01.386  1357  1357 I MediaPlayerService: MediaPlayerService::getOMX
07-09 14:30:01.387  1691  1691 W sdcard  : Device explicitly disabled sdcardfs
07-09 14:30:01.387  1357  1357 I OMXClient: MuxOMX ctor
07-09 14:30:01.389  1357  1357 I MediaPlayerService: MediaPlayerService::getOMX
07-09 14:30:01.389  1357  1357 I OMXClient: MuxOMX ctor
07-09 14:30:01.389  1354  1354 I OMXMaster: makeComponentInstance(OMX.google.mp3.decoder) in mediacodec process
07-09 14:30:01.399  1581  1616 D VoldConnector: RCV <- {651 emulated 2}
07-09 14:30:01.399  1581  1616 D VoldConnector: RCV <- {200 5 Command succeeded}
07-09 14:30:01.399  1581  1615 D VoldConnector: SND -> {6 volume mount public:253,64 2 0}
07-09 14:30:01.410  1261  1297 V vold    : /system/bin/blkid
07-09 14:30:01.410  1261  1297 V vold    :     -c
07-09 14:30:01.410  1261  1297 V vold    :     /dev/null
07-09 14:30:01.410  1261  1297 V vold    :     -s
07-09 14:30:01.410  1261  1297 V vold    :     TYPE
07-09 14:30:01.410  1261  1297 V vold    :     -s
07-09 14:30:01.410  1261  1297 V vold    :     UUID
07-09 14:30:01.410  1261  1297 V vold    :     -s
07-09 14:30:01.411  1261  1297 V vold    :     LABEL
07-09 14:30:01.411  1261  1297 V vold    :     /dev/block/vold/public:253,64
07-09 14:30:01.411  1581  1616 D VoldConnector: RCV <- {651 public:253,64 1}
07-09 14:30:01.425  1650  1650 V SystemUIService: Starting SystemUI services for user 0.
07-09 14:30:01.426  1357  1357 I MediaPlayerService: MediaPlayerService::getOMX
07-09 14:30:01.426  1357  1357 I OMXClient: MuxOMX ctor
07-09 14:30:01.427  1354  1381 I OMXMaster: makeComponentInstance(OMX.google.amrnb.decoder) in mediacodec process
07-09 14:30:01.429  1357  1357 I MediaPlayerService: MediaPlayerService::getOMX
07-09 14:30:01.429  1357  1357 I OMXClient: MuxOMX ctor
07-09 14:30:01.429  1354  1708 I OMXMaster: makeComponentInstance(OMX.google.amrwb.decoder) in mediacodec process
07-09 14:30:01.434  1261  1297 V vold    : /dev/block/vold/public:253,64: LABEL="SDCARD" UUID="0D0C-0F05" TYPE="vfat" 
07-09 14:30:01.434  1261  1297 V vold    : 
07-09 14:30:01.434  1261  1297 V vold    : /system/bin/fsck_msdos
07-09 14:30:01.434  1261  1297 V vold    :     -p
07-09 14:30:01.434  1261  1297 V vold    :     -f
07-09 14:30:01.434  1261  1297 V vold    :     /dev/block/vold/public:253,64
07-09 14:30:01.435  1581  1616 D VoldConnector: RCV <- {652 public:253,64 vfat}
07-09 14:30:01.436  1581  1616 D VoldConnector: RCV <- {653 public:253,64 0D0C-0F05}
07-09 14:30:01.436  1581  1616 D VoldConnector: RCV <- {654 public:253,64 SDCARD}
07-09 14:30:01.437  1357  1357 I MediaPlayerService: MediaPlayerService::getOMX
07-09 14:30:01.437  1357  1357 I OMXClient: MuxOMX ctor
07-09 14:30:01.437  1354  1354 I OMXMaster: makeComponentInstance(OMX.google.aac.decoder) in mediacodec process
07-09 14:30:01.441  1357  1357 I MediaPlayerService: MediaPlayerService::getOMX
07-09 14:30:01.441  1357  1357 I OMXClient: MuxOMX ctor
07-09 14:30:01.442  1354  1381 I OMXMaster: makeComponentInstance(OMX.google.g711.alaw.decoder) in mediacodec process
07-09 14:30:01.454  1650  1650 V MediaRouter: Adding route: RouteInfo{ name=Phone, description=null, status=null, category=RouteCategory{ name=null types=ROUTE_TYPE_LIVE_AUDIO ROUTE_TYPE_LIVE_VIDEO  groupable=false }, supportedTypes=ROUTE_TYPE_LIVE_AUDIO ROUTE_TYPE_LIVE_VIDEO , presentationDisplay=null }
07-09 14:30:01.456  1650  1650 V MediaRouter: Updating audio routes: AudioRoutesInfo{ type=SPEAKER }
07-09 14:30:01.457  1650  1650 V MediaRouter: Selecting route: RouteInfo{ name=Phone, description=null, status=null, category=RouteCategory{ name=null types=ROUTE_TYPE_LIVE_AUDIO ROUTE_TYPE_LIVE_VIDEO  groupable=false }, supportedTypes=ROUTE_TYPE_LIVE_AUDIO ROUTE_TYPE_LIVE_VIDEO , presentationDisplay=null }
07-09 14:30:01.460  1644  1644 I LatinIME: Hardware accelerated drawing: true
07-09 14:30:01.474  1671  1671 I art     : System.exit called, status: 0
07-09 14:30:01.474  1671  1671 I AndroidRuntime: VM exiting with result code 0, cleanup skipped.
07-09 14:30:01.474  1261  1297 I fsck_msdos: ** /dev/block/vold/public:253,64
07-09 14:30:01.474  1261  1297 I fsck_msdos: ** Phase 1 - Read and Compare FATs
07-09 14:30:01.474  1261  1297 I fsck_msdos: Attempting to allocate 794 KB for FAT
07-09 14:30:01.481  1261  1297 I fsck_msdos: Attempting to allocate 794 KB for FAT
07-09 14:30:01.482  1581  1581 W NetworkManagement: setDataSaverMode(): already false
07-09 14:30:01.495  1650  1727 E WVMExtractor: Failed to open libwvm.so: dlopen failed: library "libwvm.so" not found
07-09 14:30:01.503  1644  1644 W InputAttributes: No editor info for this field. Bug?
07-09 14:30:01.504  1261  1297 I fsck_msdos: ** Phase 2 - Check Cluster Chains
07-09 14:30:01.505  1261  1297 I fsck_msdos: ** Phase 3 - Checking Directories
07-09 14:30:01.505  1261  1297 I fsck_msdos: ** Phase 4 - Checking for Lost Files
07-09 14:30:01.506  1261  1297 I fsck_msdos: 24 files, 100784 free (201568 clusters)
07-09 14:30:01.507  1261  1297 I Vold    : Filesystem check completed OK
07-09 14:30:01.507  1581  1616 D VoldConnector: RCV <- {656 public:253,64 /mnt/media_rw/0D0C-0F05}
07-09 14:30:01.507  1581  1616 D VoldConnector: RCV <- {655 public:253,64 /storage/0D0C-0F05}
07-09 14:30:01.508  1357  1357 I MediaPlayerService: MediaPlayerService::getOMX
07-09 14:30:01.509  1357  1357 I OMXClient: MuxOMX ctor
07-09 14:30:01.509  1354  1354 I OMXMaster: makeComponentInstance(OMX.google.g711.mlaw.decoder) in mediacodec process
07-09 14:30:01.520  1261  1297 V vold    : Waiting for FUSE to spin up...
07-09 14:30:01.525  1581  1581 I NetworkPolicy: adding default package com.android.providers.downloads (uid 10011 for user 0) to restrict background whitelist
07-09 14:30:01.525  1581  1581 I NetworkPolicy: adding default package com.google.android.gms (uid 10013 for user 0) to restrict background whitelist
07-09 14:30:01.527  1735  1735 W sdcard  : Device explicitly disabled sdcardfs
07-09 14:30:01.537  1581  1581 D NetworkPolicy: setRestrictBackgroundLocked(): false
07-09 14:30:01.537  1581  1581 W NetworkManagement: setDataSaverMode(): already false
07-09 14:30:01.540  1644  1745 I LatinIME:LogUtils: Dictionary info: dictionary = contacts.en_US ; version = 1499590801 ; date = ?
07-09 14:30:01.542  1357  1357 I MediaPlayerService: MediaPlayerService::getOMX
07-09 14:30:01.542  1357  1357 I OMXClient: MuxOMX ctor
07-09 14:30:01.542  1354  1381 I OMXMaster: makeComponentInstance(OMX.google.vorbis.decoder) in mediacodec process
07-09 14:30:01.554  1357  1357 I MediaPlayerService: MediaPlayerService::getOMX
07-09 14:30:01.554  1357  1357 I OMXClient: MuxOMX ctor
07-09 14:30:01.554  1354  1354 I OMXMaster: makeComponentInstance(OMX.google.opus.decoder) in mediacodec process
07-09 14:30:01.567  1357  1357 I MediaPlayerService: MediaPlayerService::getOMX
07-09 14:30:01.568  1357  1357 I OMXClient: MuxOMX ctor
07-09 14:30:01.568  1354  1354 I OMXMaster: makeComponentInstance(OMX.google.raw.decoder) in mediacodec process
07-09 14:30:01.568  1357  1357 I MediaPlayerService: MediaPlayerService::getOMX
07-09 14:30:01.568  1357  1357 I OMXClient: MuxOMX ctor
07-09 14:30:01.569  1354  1708 I OMXMaster: makeComponentInstance(OMX.google.aac.encoder) in mediacodec process
07-09 14:30:01.570  1581  1616 D VoldConnector: RCV <- {651 public:253,64 2}
07-09 14:30:01.571  1581  1616 D VoldConnector: RCV <- {200 6 Command succeeded}
07-09 14:30:01.574  1357  1357 I MediaPlayerService: MediaPlayerService::getOMX
07-09 14:30:01.574  1357  1357 I OMXClient: MuxOMX ctor
07-09 14:30:01.574  1354  1381 I OMXMaster: makeComponentInstance(OMX.google.amrnb.encoder) in mediacodec process
07-09 14:30:01.578  1581  1581 I SystemServiceManager: Starting phase 600
07-09 14:30:01.583  1581  1581 D SensorNotificationService: Cannot obtain dynamic meta sensor, not supported.
07-09 14:30:01.585  1357  1357 I MediaPlayerService: MediaPlayerService::getOMX
07-09 14:30:01.587  1357  1357 I OMXClient: MuxOMX ctor
07-09 14:30:01.588  1354  1354 I OMXMaster: makeComponentInstance(OMX.google.amrwb.encoder) in mediacodec process
07-09 14:30:01.590  1357  1357 I MediaPlayerService: MediaPlayerService::getOMX
07-09 14:30:01.590  1357  1357 I OMXClient: MuxOMX ctor
07-09 14:30:01.590  1354  1708 I OMXMaster: makeComponentInstance(OMX.google.flac.encoder) in mediacodec process
07-09 14:30:01.595  1581  1581 I GnssLocationProvider: WakeLock acquired by sendMessage(13, 0, null)
07-09 14:30:01.595  1581  1593 W GnssLocationProvider: Could not open GPS configuration file /etc/gps.conf
07-09 14:30:01.595  1581  1593 E GnssLocationProvider: no AGPS interface in set_agps_server
07-09 14:30:01.600  1581  1581 W LocationProviderProxy-network: Odd, no component found for service com.android.location.service.v3.NetworkLocationProvider
07-09 14:30:01.605  1581  1581 W GeocoderProxy: Odd, no component found for service com.android.location.service.GeocodeProvider
07-09 14:30:01.606  1581  1581 E FlpHardwareProvider: Error hw_get_module 'flp': -2
07-09 14:30:01.606  1581  1581 D LocationManagerService: FLP HAL not supported
07-09 14:30:01.607  1581  1581 W GeofenceProxy: Odd, no component found for service com.android.location.service.GeofenceProvider
07-09 14:30:01.607  1581  1581 E ActivityRecognitionHardware: Error hw_get_module: -2
07-09 14:30:01.607  1581  1581 D LocationManagerService: Hardware Activity-Recognition not supported.
07-09 14:30:01.608  1581  1581 W ActivityRecognitionProxy: Odd, no component found for service com.android.location.service.ActivityRecognitionProvider
07-09 14:30:01.608  1581  1581 I GnssLocationProvider: WakeLock acquired by sendMessage(2, 1, null)
07-09 14:30:01.608  1581  1593 I GnssLocationProvider: WakeLock released by handleMessage(13, 0, null)
07-09 14:30:01.609  1581  1593 E GnssLocationProvider: no AGPS interface in set_agps_server
07-09 14:30:01.609  1581  1593 I GnssLocationProvider: WakeLock released by handleMessage(2, 1, null)
07-09 14:30:01.612  1581  1581 I CommonTimeManagementService: No common time service detected on this platform.  Common time services will be unavailable.
07-09 14:30:01.613  1581  1614 I InputReader: Reconfiguring input devices.  changes=0x00000020
07-09 14:30:01.614  1581  1614 I InputReader: Reconfiguring input devices.  changes=0x00000010
07-09 14:30:01.615  1581  1581 I MmsServiceBroker: Delay connecting to MmsService until an API is called
07-09 14:30:01.615  1581  1581 W CameraService_proxy: Could not notify mediaserver, camera service not available.
07-09 14:30:01.619  1650  1650 I vol.Events: writeEvent collection_started
07-09 14:30:01.622  1771  1771 W art     : Unexpected CPU variant for X86 using defaults: x86
07-09 14:30:01.624  1357  1357 I MediaPlayerService: MediaPlayerService::getOMX
07-09 14:30:01.624  1357  1357 I OMXClient: MuxOMX ctor
07-09 14:30:01.624  1354  1708 I OMXMaster: makeComponentInstance(OMX.google.gsm.decoder) in mediacodec process
07-09 14:30:01.629  1581  1581 I ActivityManager: Start proc 1771:com.android.phone/1001 for added application com.android.phone
07-09 14:30:01.629  1581  1581 I ActivityManager: START u0 {act=android.intent.action.MAIN cat=[android.intent.category.HOME] flg=0x10000100 cmp=com.android.settings/.FallbackHome} from uid 0 on display 0
07-09 14:30:01.640  1581  1581 W System  : ClassLoader referenced unknown path: 
07-09 14:30:01.640  1581  1581 W System  : ClassLoader referenced unknown path: /system/priv-app/Settings/lib/x86
07-09 14:30:01.642  1581  1581 I ActivityManager: Loaded persisted task ids for user 0
07-09 14:30:01.646  1357  1357 I MediaPlayerService: MediaPlayerService::getOMX
07-09 14:30:01.646  1357  1357 I OMXClient: MuxOMX ctor
07-09 14:30:01.646  1354  1708 I OMXMaster: makeComponentInstance(OMX.google.mpeg4.decoder) in mediacodec process
07-09 14:30:01.647  1789  1789 W art     : Unexpected CPU variant for X86 using defaults: x86
07-09 14:30:01.654  1581  1581 I ActivityManager: Start proc 1789:com.android.settings/1000 for activity com.android.settings/.FallbackHome
07-09 14:30:01.658  1644  1745 E ActivityThread: Failed to find provider info for com.android.contacts
07-09 14:30:01.659  1581  1593 W LocationProviderProxy-network: Odd, no component found for service com.android.location.service.v3.NetworkLocationProvider
07-09 14:30:01.660  1581  1593 W GeocoderProxy: Odd, no component found for service com.android.location.service.GeocodeProvider
07-09 14:30:01.660  1581  1593 W GeofenceProxy: Odd, no component found for service com.android.location.service.GeofenceProvider
07-09 14:30:01.660  1581  1593 W ActivityRecognitionProxy: Odd, no component found for service com.android.location.service.ActivityRecognitionProvider
07-09 14:30:01.660  1581  1581 W ContextImpl: Calling a method in the system process without a qualified user: android.app.ContextImpl.startService:1385 com.android.server.content.SyncManager$13.run:631 android.os.Handler.handleCallback:751 android.os.Handler.dispatchMessage:95 android.os.Looper.loop:154 
07-09 14:30:01.661  1581  1581 D ConditionProviders.SCP: onConnected
07-09 14:30:01.662  1650  1770 I vol.Events: writeEvent external_ringer_mode_changed normal
07-09 14:30:01.662  1650  1770 I vol.Events: writeEvent internal_ringer_mode_changed normal
07-09 14:30:01.663  1581  1581 D ConditionProviders: Subscribing to condition://android/event?userId=-10000&calendar=&reply=1 with ComponentInfo{android/com.android.server.notification.EventConditionProvider}
07-09 14:30:01.663  1581  1581 D ConditionProviders: Subscribing to condition://android/schedule?days=1.2.3.4.5&start=22.0&end=7.0&exitAtAlarm=false with ComponentInfo{android/com.android.server.notification.ScheduleConditionProvider}
07-09 14:30:01.663  1581  1581 D ConditionProviders: Subscribing to condition://android/schedule?days=6.7&start=23.30&end=10.0&exitAtAlarm=false with ComponentInfo{android/com.android.server.notification.ScheduleConditionProvider}
07-09 14:30:01.673  1771  1771 W System  : ClassLoader referenced unknown path: /system/priv-app/TeleService/lib/x86
07-09 14:30:01.677  1644  1745 E ActivityThread: Failed to find provider info for com.android.contacts
07-09 14:30:01.679  1789  1789 W System  : ClassLoader referenced unknown path: /system/priv-app/Settings/lib/x86
07-09 14:30:01.680  1581  1626 I WifiScanningService: wifi driver unloaded
07-09 14:30:01.680  1581  1581 D RttService: SCAN_AVAILABLE : 1
07-09 14:30:01.680  1581  1627 D RttService: DefaultState got{ when=0 what=160513 target=com.android.internal.util.StateMachine$SmHandler }
07-09 14:30:01.689  1644  1745 E ActivityThread: Failed to find provider info for com.android.contacts
07-09 14:30:01.691  1644  1745 I LatinIME:LogUtils: Dictionary info: dictionary = userunigram.en_US ; version = 1499590801 ; date = ?
07-09 14:30:01.698  1644  1745 E ActivityThread: Failed to find provider info for user_dictionary
07-09 14:30:01.698  1644  1745 I LatinIME:LogUtils: Dictionary info: dictionary = UserHistoryDictionary.en_US ; version = 1499590801 ; date = ?
07-09 14:30:01.701  1354  1381 E OMXNodeInstance: getExtensionIndex(54a000f:google.mpeg4.decoder, OMX.google.android.index.configureVideoTunnelMode) ERROR: UnsupportedIndex(0x8000101a)
07-09 14:30:01.701  1354  1354 W OMXNodeInstance: [54a000f:google.mpeg4.decoder] component does not support metadata mode; using fallback
07-09 14:30:01.703  1357  1357 I MediaPlayerService: MediaPlayerService::getOMX
07-09 14:30:01.703  1357  1357 I OMXClient: MuxOMX ctor
07-09 14:30:01.703  1354  1708 I OMXMaster: makeComponentInstance(OMX.google.h263.decoder) in mediacodec process
07-09 14:30:01.710  1581  1581 W System  : ClassLoader referenced unknown path: /system/priv-app/Telecom/lib/x86
07-09 14:30:01.717  1354  1354 E OMXNodeInstance: getExtensionIndex(54a0010:google.h263.decoder, OMX.google.android.index.configureVideoTunnelMode) ERROR: UnsupportedIndex(0x8000101a)
07-09 14:30:01.717  1354  1381 W OMXNodeInstance: [54a0010:google.h263.decoder] component does not support metadata mode; using fallback
07-09 14:30:01.718  1357  1357 I MediaPlayerService: MediaPlayerService::getOMX
07-09 14:30:01.718  1357  1357 I OMXClient: MuxOMX ctor
07-09 14:30:01.718  1354  1708 I OMXMaster: makeComponentInstance(OMX.google.h264.decoder) in mediacodec process
07-09 14:30:01.730  1771  1771 W System  : ClassLoader referenced unknown path: /system/priv-app/TelephonyProvider/lib/x86
07-09 14:30:01.735  1357  1357 W ACodec  : [OMX.google.h264.decoder] stopping checking profiles after 32: 2/8000
07-09 14:30:01.735  1354  1354 E OMXNodeInstance: getExtensionIndex(54a0011:google.h264.decoder, OMX.google.android.index.configureVideoTunnelMode) ERROR: UnsupportedIndex(0x8000101a)
07-09 14:30:01.735  1354  1381 W OMXNodeInstance: [54a0011:google.h264.decoder] component does not support metadata mode; using fallback
07-09 14:30:01.736  1357  1357 I MediaPlayerService: MediaPlayerService::getOMX
07-09 14:30:01.736  1357  1357 I OMXClient: MuxOMX ctor
07-09 14:30:01.736  1354  1708 I OMXMaster: makeComponentInstance(OMX.google.hevc.decoder) in mediacodec process
07-09 14:30:01.749  1354  1354 E OMXNodeInstance: getExtensionIndex(54a0012:google.hevc.decoder, OMX.google.android.index.configureVideoTunnelMode) ERROR: UnsupportedIndex(0x8000101a)
07-09 14:30:01.749  1354  1381 W OMXNodeInstance: [54a0012:google.hevc.decoder] component does not support metadata mode; using fallback
07-09 14:30:01.751  1357  1357 I MediaPlayerService: MediaPlayerService::getOMX
07-09 14:30:01.751  1357  1357 I OMXClient: MuxOMX ctor
07-09 14:30:01.751  1354  1708 I OMXMaster: makeComponentInstance(OMX.google.vp8.decoder) in mediacodec process
07-09 14:30:01.754  1306  1336 E SurfaceFlinger: ro.sf.lcd_density must be defined as a build property
07-09 14:30:01.776  1354  1381 E OMXNodeInstance: getExtensionIndex(54a0013:google.vp8.decoder, OMX.google.android.index.configureVideoTunnelMode) ERROR: UnsupportedIndex(0x8000101a)
07-09 14:30:01.776  1354  1354 W OMXNodeInstance: [54a0013:google.vp8.decoder] component does not support metadata mode; using fallback
07-09 14:30:01.776  1357  1357 I MediaPlayerService: MediaPlayerService::getOMX
07-09 14:30:01.776  1357  1357 I OMXClient: MuxOMX ctor
07-09 14:30:01.777  1354  1708 I OMXMaster: makeComponentInstance(OMX.google.vp9.decoder) in mediacodec process
07-09 14:30:01.780  1644  1745 I LatinIME:LogUtils: Dictionary info: dictionary = main:en ; version = 54 ; date = 1414726273
07-09 14:30:01.791  1789  1789 D         : HostConnection::get() New Host Connection established 0x9cfc2f80, tid 1789
07-09 14:30:01.792  1789  1789 W         : Unrecognized GLES max version string in extensions: ANDROID_EMU_CHECKSUM_HELPER_v1 ANDROID_EMU_dma_v1 
07-09 14:30:01.798  1354  1708 E OMXNodeInstance: getExtensionIndex(54a0014:google.vp9.decoder, OMX.google.android.index.configureVideoTunnelMode) ERROR: UnsupportedIndex(0x8000101a)
07-09 14:30:01.798  1354  1354 W OMXNodeInstance: [54a0014:google.vp9.decoder] component does not support metadata mode; using fallback
07-09 14:30:01.798  1357  1357 I MediaPlayerService: MediaPlayerService::getOMX
07-09 14:30:01.798  1357  1357 I OMXClient: MuxOMX ctor
07-09 14:30:01.798  1354  1708 I OMXMaster: makeComponentInstance(OMX.google.h263.encoder) in mediacodec process
07-09 14:30:01.802  1581  1581 E BluetoothAdapter: Bluetooth binder is null
07-09 14:30:01.806  1581  1581 I Telecom : SystemStateProvider: Registering car mode receiver: android.content.IntentFilter@585f676: TS.init@AAA
07-09 14:30:01.809  1771  1771 D TelephonyProvider: dbh.onOpen: ok, queried table=siminfo
07-09 14:30:01.809  1771  1771 D TelephonyProvider: dbh.onOpen: ok, queried table=carriers
07-09 14:30:01.814  1581  1820 I Telecom : Telecom: Non-call EVENT: AUDIO_ROUTE, Entering state QuiescentEarpieceRoute
07-09 14:30:01.823  1581  1822 I Telecom : CallAudioModeStateMachine: Message received: null.: TS.init->CAMSM.pM_1@AAA_0
07-09 14:30:01.824  1650  1770 I vol.Events: writeEvent level_changed STREAM_ALARM 6
07-09 14:30:01.824  1650  1770 I vol.Events: writeEvent level_changed STREAM_BLUETOOTH_SCO 7
07-09 14:30:01.825  1650  1770 I vol.Events: writeEvent level_changed STREAM_MUSIC 11
07-09 14:30:01.826  1650  1770 I vol.Events: writeEvent level_changed STREAM_RING 5
07-09 14:30:01.826  1650  1770 I vol.Events: writeEvent level_changed STREAM_SYSTEM 5
07-09 14:30:01.827  1789  1814 D         : HostConnection::get() New Host Connection established 0xa57ba140, tid 1814
07-09 14:30:01.827  1650  1770 I vol.Events: writeEvent level_changed STREAM_VOICE_CALL 4
07-09 14:30:01.838  1581  1581 E BluetoothAdapter: Bluetooth binder is null
07-09 14:30:01.838  1789  1814 W         : Unrecognized GLES max version string in extensions: ANDROID_EMU_CHECKSUM_HELPER_v1 ANDROID_EMU_dma_v1 
07-09 14:30:01.843  1789  1814 I OpenGLRenderer: Initialized EGL, version 1.4
07-09 14:30:01.843  1789  1814 D OpenGLRenderer: Swap behavior 1
07-09 14:30:01.843  1789  1814 W OpenGLRenderer: Failed to choose config with EGL_SWAP_BEHAVIOR_PRESERVED, retrying without...
07-09 14:30:01.844  1789  1814 D OpenGLRenderer: Swap behavior 0
07-09 14:30:01.846  1581  1581 I Telecom : Class: TelecomSystem.INSTANCE being set
07-09 14:30:01.846  1581  1824 E ActivityThread: Failed to find provider info for call_log
07-09 14:30:01.847  1581  1581 E BluetoothAdapter: Bluetooth binder is null
07-09 14:30:01.849  1306  1826 E SurfaceFlinger: ro.sf.lcd_density must be defined as a build property
07-09 14:30:01.853  1650  1650 D         : HostConnection::get() New Host Connection established 0x99fcdf80, tid 1650
07-09 14:30:01.853  1789  1814 D EGL_emulation: eglCreateContext: 0xa9405060: maj 2 min 0 rcv 2
07-09 14:30:01.856  1789  1814 D EGL_emulation: eglMakeCurrent: 0xa9405060: ver 2 0 (tinfo 0xa9403140)
07-09 14:30:01.861  1650  1650 W         : Unrecognized GLES max version string in extensions: ANDROID_EMU_CHECKSUM_HELPER_v1 ANDROID_EMU_dma_v1 
07-09 14:30:01.862  1354  1708 I SoftMPEG4Encoder: Construct SoftMPEG4Encoder
07-09 14:30:01.862  1357  1357 W ACodec  : do not know color format 0x7f000789 = 2130708361
07-09 14:30:01.863  1354  1354 E OMXNodeInstance: getConfig(54a0015:google.h263.encoder, ConfigAndroidIntraRefresh(0x6f60000a)) ERROR: Undefined(0x80001001)
07-09 14:30:01.870  1789  1814 D EGL_emulation: eglMakeCurrent: 0xa9405060: ver 2 0 (tinfo 0xa9403140)
07-09 14:30:01.872  1581  1581 W System  : ClassLoader referenced unknown path: /system/priv-app/FusedLocation/lib/x86
07-09 14:30:01.872  1650  1650 D StorageNotification: Notifying about private volume: VolumeInfo{private}:
07-09 14:30:01.872  1650  1650 D StorageNotification:     type=PRIVATE diskId=null partGuid=null mountFlags=0 mountUserId=-1 
07-09 14:30:01.872  1650  1650 D StorageNotification:     state=MOUNTED 
07-09 14:30:01.872  1650  1650 D StorageNotification:     fsType=null fsUuid=null fsLabel=null 
07-09 14:30:01.872  1650  1650 D StorageNotification:     path=/data internalPath=null 
07-09 14:30:01.873  1650  1650 D StorageNotification: Notifying about public volume: VolumeInfo{public:253,64}:
07-09 14:30:01.873  1650  1650 D StorageNotification:     type=PUBLIC diskId=disk:253,64 partGuid=null mountFlags=VISIBLE 
07-09 14:30:01.873  1650  1650 D StorageNotification:     mountUserId=0 state=MOUNTED 
07-09 14:30:01.873  1650  1650 D StorageNotification:     fsType=vfat fsUuid=0D0C-0F05 fsLabel=SDCARD 
07-09 14:30:01.873  1650  1650 D StorageNotification:     path=/storage/0D0C-0F05 internalPath=/mnt/media_rw/0D0C-0F05 
07-09 14:30:01.874  1357  1357 I MediaPlayerService: MediaPlayerService::getOMX
07-09 14:30:01.874  1357  1357 I OMXClient: MuxOMX ctor
07-09 14:30:01.874  1354  1708 I OMXMaster: makeComponentInstance(OMX.google.h264.encoder) in mediacodec process
07-09 14:30:01.882  1581  1581 D GpsNetInitiatedHandler: location enabled :true
07-09 14:30:01.882  1581  1581 V WiredAccessoryManager: notifyWiredAccessoryChanged: when=0 bits= mask=54
07-09 14:30:01.882  1581  1581 V WiredAccessoryManager: newName=h2w newState=0 headsetState=0 prev headsetState=0
07-09 14:30:01.882  1581  1581 E WiredAccessoryManager: No state change.
07-09 14:30:01.882  1581  1581 V WiredAccessoryManager: init()
07-09 14:30:01.906  1581  1601 I ActivityManager: Displayed com.android.settings/.FallbackHome: +262ms
07-09 14:30:01.906  1581  1594 V KeyguardServiceDelegate: *** Keyguard started
07-09 14:30:01.906  1581  1594 W KeyguardServiceDelegate: onScreenTurningOn(): no keyguard service!
07-09 14:30:01.907  1306  1311 D PermissionCache: checking android.permission.HARDWARE_TEST for uid=1000 => granted (185 us)
07-09 14:30:01.912  1581  1581 W VibratorService: Tried to stop vibrating but there is no vibrator device.
07-09 14:30:01.914  1581  1593 I SyncManager: Got SyncJobService instance.
07-09 14:30:01.915  1357  1357 W ACodec  : do not know color format 0x7f000789 = 2130708361
07-09 14:30:01.920  1581  1581 D ConditionProviders.SCP: onSubscribe condition://android/schedule?days=1.2.3.4.5&start=22.0&end=7.0&exitAtAlarm=false
07-09 14:30:01.920  1357  1357 I MediaPlayerService: MediaPlayerService::getOMX
07-09 14:30:01.920  1357  1357 I OMXClient: MuxOMX ctor
07-09 14:30:01.920  1354  1708 I OMXMaster: makeComponentInstance(OMX.google.mpeg4.encoder) in mediacodec process
07-09 14:30:01.920  1581  1581 D ConditionProviders.SCP: setRegistered true
07-09 14:30:01.921  1581  1633 D NotificationSQLiteLog: Pruned event entries: 0
07-09 14:30:01.921  1581  1581 D ConditionProviders.SCP: notifyCondition condition://android/schedule?days=1.2.3.4.5&start=22.0&end=7.0&exitAtAlarm=false STATE_FALSE reason=!meetsSchedule
07-09 14:30:01.924  1581  1581 D ConditionProviders.SCP: Scheduling evaluate for Sun Jul 09 22:00:00 GMT+05:30 2017 (1499617800000), in +7h29m58s79ms, now=Sun Jul 09 14:30:01 GMT+05:30 2017 (1499590801921)
07-09 14:30:01.927  1581  1581 D ConditionProviders.SCP: onSubscribe condition://android/schedule?days=6.7&start=23.30&end=10.0&exitAtAlarm=false
07-09 14:30:01.928  1581  1634 E ActivityThread: Failed to find provider info for com.android.calendar
07-09 14:30:01.928  1581  1581 D ConditionProviders.SCP: notifyCondition condition://android/schedule?days=6.7&start=23.30&end=10.0&exitAtAlarm=false STATE_FALSE reason=!meetsSchedule
07-09 14:30:01.928  1581  1581 D ConditionProviders.SCP: notifyCondition condition://android/schedule?days=1.2.3.4.5&start=22.0&end=7.0&exitAtAlarm=false STATE_FALSE reason=!meetsSchedule
07-09 14:30:01.928  1581  1634 E ActivityThread: Failed to find provider info for com.android.calendar
07-09 14:30:01.932  1581  1581 D ConditionProviders.SCP: Scheduling evaluate for Sun Jul 09 22:00:00 GMT+05:30 2017 (1499617800000), in +7h29m58s73ms, now=Sun Jul 09 14:30:01 GMT+05:30 2017 (1499590801927)
07-09 14:30:01.933  1581  1581 I Telecom : WiredHeadsetManager: ACTION_HEADSET_PLUG event, plugged in: false, : WHC.oADA@AAE
07-09 14:30:01.940  1581  1581 I ActivityManager: user 0 is still locked. Cannot load recents
07-09 14:30:01.944  1354  1708 I SoftMPEG4Encoder: Construct SoftMPEG4Encoder
07-09 14:30:01.944  1357  1357 W ACodec  : do not know color format 0x7f000789 = 2130708361
07-09 14:30:01.944  1354  1381 E OMXNodeInstance: getConfig(54a0017:google.mpeg4.encoder, ConfigAndroidIntraRefresh(0x6f60000a)) ERROR: Undefined(0x80001001)
07-09 14:30:01.944  1357  1357 I MediaPlayerService: MediaPlayerService::getOMX
07-09 14:30:01.945  1357  1357 I OMXClient: MuxOMX ctor
07-09 14:30:01.945  1354  1354 I OMXMaster: makeComponentInstance(OMX.google.vp8.encoder) in mediacodec process
07-09 14:30:01.956  1581  1581 I FusedLocation: engine started (com.android.location.fused)
07-09 14:30:01.980  1357  1357 W ACodec  : do not know color format 0x7f000789 = 2130708361
07-09 14:30:01.980  1354  1708 E OMXNodeInstance: getConfig(54a0018:google.vp8.encoder, ConfigAndroidIntraRefresh(0x6f60000a)) ERROR: Undefined(0x80001001)
07-09 14:30:01.980  1357  1357 I MediaPlayerService: MediaPlayerService::getOMX
07-09 14:30:01.980  1357  1357 I OMXClient: MuxOMX ctor
07-09 14:30:01.981  1357  1357 I MediaPlayerService: MediaPlayerService::getOMX
07-09 14:30:01.981  1357  1357 I OMXClient: MuxOMX ctor
07-09 14:30:01.981  1357  1357 W MediaCodecList: unable to open media codecs configuration xml file: /data/misc/media/media_codecs_profiling_results.xml
07-09 14:30:01.982  1357  1709 I MediaPlayerService: MediaPlayerService::getOMX
07-09 14:30:01.982  1357  1749 I MediaPlayerService: MediaPlayerService::getOMX
07-09 14:30:01.982  1650  1736 I OMXClient: MuxOMX ctor
07-09 14:30:01.982  1581  1696 I OMXClient: MuxOMX ctor
07-09 14:30:01.982  1354  1354 I OMXMaster: makeComponentInstance(OMX.google.vorbis.decoder) in mediacodec process
07-09 14:30:02.000  1354  1708 I OMXMaster: makeComponentInstance(OMX.google.vorbis.decoder) in mediacodec process
07-09 14:30:02.023  1771  1771 D PhoneSwitcherNetworkRequstListener: Registering NetworkFactory
07-09 14:30:02.023  1357  1749 I MediaPlayerService: MediaPlayerService::getOMX
07-09 14:30:02.023  1581  1628 D ConnectivityService: Got NetworkFactory Messenger for PhoneSwitcherNetworkRequstListener
07-09 14:30:02.024  1650  1856 I OMXClient: MuxOMX ctor
07-09 14:30:02.025  1354  1381 I OMXMaster: makeComponentInstance(OMX.google.vorbis.decoder) in mediacodec process
07-09 14:30:02.025  1581  1628 D ConnectivityService: Got NetworkFactory Messenger for TelephonyNetworkFactory[0]
07-09 14:30:02.029  1357  1357 I MediaPlayerService: MediaPlayerService::getOMX
07-09 14:30:02.029  1581  1857 I OMXClient: MuxOMX ctor
07-09 14:30:02.030  1771  1771 D CarrierConfigLoader: CarrierConfigLoader has started
07-09 14:30:02.030  1771  1771 E BluetoothAdapter: Bluetooth binder is null
07-09 14:30:02.034  1771  1860 E ActivityThread: Failed to find provider info for com.android.contacts
07-09 14:30:02.034  1771  1860 W CallerInfoCache: cursor is null
07-09 14:30:02.035  1771  1771 I Telephony: TtyManager: updateUiTtyMode -1 -> 0
07-09 14:30:02.040  1581  1581 I GnssLocationProvider: WakeLock acquired by sendMessage(12, 0, null)
07-09 14:30:02.041  1581  1593 I GnssLocationProvider: WakeLock released by handleMessage(12, 0, null)
07-09 14:30:02.043  1581  1678 D AlarmManagerService: Kernel timezone updated to -330 minutes west of GMT
07-09 14:30:02.045  1354  1708 I OMXMaster: makeComponentInstance(OMX.google.vorbis.decoder) in mediacodec process
07-09 14:30:02.053  1581  1594 I ActivityManager: Start proc 1861:com.android.cellbroadcastreceiver/u0a4 for broadcast com.android.cellbroadcastreceiver/.CellBroadcastReceiver
07-09 14:30:02.053  1581  1802 D AlarmManagerService: Setting time of day to sec=1499590802
07-09 14:30:02.191  1581  1802 W AlarmManagerService: Unable to set rtc to 1499590802: No such device
07-09 14:30:02.191  1581  1581 D ConditionProviders.SCP: onReceive android.intent.action.TIME_SET
07-09 14:30:02.191  1581  1581 D ConditionProviders.SCP: notifyCondition condition://android/schedule?days=6.7&start=23.30&end=10.0&exitAtAlarm=false STATE_FALSE reason=!meetsSchedule
07-09 14:30:02.191  1581  1581 D ConditionProviders.SCP: notifyCondition condition://android/schedule?days=1.2.3.4.5&start=22.0&end=7.0&exitAtAlarm=false STATE_FALSE reason=!meetsSchedule
07-09 14:30:02.191  1581  1581 D ConditionProviders.SCP: Scheduling evaluate for Sun Jul 09 22:00:00 GMT+05:30 2017 (1499617800000), in +7h29m57s809ms, now=Sun Jul 09 14:30:02 GMT+05:30 2017 (1499590802191)
07-09 14:30:02.192  1581  1634 E ActivityThread: Failed to find provider info for com.android.calendar
07-09 14:30:02.192  1581  1634 E ActivityThread: Failed to find provider info for com.android.calendar
07-09 14:30:02.202  1357  1357 I MediaPlayerService: MediaPlayerService::getOMX
07-09 14:30:02.202  1581  1871 I OMXClient: MuxOMX ctor
07-09 14:30:02.202  1354  1381 I OMXMaster: makeComponentInstance(OMX.google.vorbis.decoder) in mediacodec process
07-09 14:30:02.209  1861  1861 W art     : Unexpected CPU variant for X86 using defaults: x86
07-09 14:30:02.211  1357  1709 I MediaPlayerService: MediaPlayerService::getOMX
07-09 14:30:02.211  1650  1872 I OMXClient: MuxOMX ctor
07-09 14:30:02.214  1354  1354 I OMXMaster: makeComponentInstance(OMX.google.vorbis.decoder) in mediacodec process
07-09 14:30:02.218  1771  1771 D PhoneSwitcherNetworkRequstListener: got request NetworkRequest [ id=1, legacyType=-1, [ Capabilities: INTERNET&NOT_RESTRICTED&TRUSTED&NOT_VPN] ] with score 0
07-09 14:30:02.218  1771  1771 D TelephonyDebugService: TelephonyDebugService()
07-09 14:30:02.219  1771  1771 D CarrierConfigLoader: mHandler: 12 phoneId: 0
07-09 14:30:02.233  1357  1357 I MediaPlayerService: MediaPlayerService::getOMX
07-09 14:30:02.234  1581  1888 I OMXClient: MuxOMX ctor
07-09 14:30:02.234  1354  1354 I OMXMaster: makeComponentInstance(OMX.google.vorbis.decoder) in mediacodec process
07-09 14:30:02.236  1771  1771 E PhoneInterfaceManager: [PhoneIntfMgr] getIccId: No UICC
07-09 14:30:02.243  1581  1679 I Telecom : PhoneAccountRegistrar: New phone account registered: [[ ] PhoneAccount: ComponentInfo{com.android.phone/com.android.services.telephony.TelephonyConnectionService}, [e0184adedf913b076626646d3f52c3b49c39ad6d], UserHandle{0} Capabilities: CallProvider MultiUser PlaceEmerg SimSub  Schemes: tel voicemail  Extras: null]: TSI.rPA@AAM
07-09 14:30:02.245  1581  1679 I Telecom : : Sending phone-account registered intent as user: TSI.rPA@AAM
07-09 14:30:02.246  1771  1771 I Telephony: AccountEntry: Registered phoneAccount: [[ ] PhoneAccount: ComponentInfo{com.android.phone/com.android.services.telephony.TelephonyConnectionService}, [e0184adedf913b076626646d3f52c3b49c39ad6d], UserHandle{0} Capabilities: CallProvider MultiUser PlaceEmerg SimSub  Schemes: tel voicemail  Extras: null] with handle: ComponentInfo{com.android.phone/com.android.services.telephony.TelephonyConnectionService}, [e0184adedf913b076626646d3f52c3b49c39ad6d], UserHandle{0}
07-09 14:30:02.247  1771  1771 I Telephony: PstnIncomingCallNotifier: Registering: Handler (com.android.internal.telephony.GsmCdmaPhone) {482a15c}
07-09 14:30:02.248  1771  1771 I Telephony: TelecomAccountRegistry: Unregistering phone account ComponentInfo{com.android.phone/com.android.services.telephony.TelephonyConnectionService}, [e2f7d48dd2b5ca523e7313cf4ba0f6ea830b6281], UserHandle{0}.
07-09 14:30:02.249  1581  1592 I Telecom : : Sending phone-account unregistered intent as user: TSI.uPA@AAU
07-09 14:30:02.252  1581  1581 I GnssLocationProvider: WakeLock acquired by sendMessage(12, 0, null)
07-09 14:30:02.253  1581  1593 I GnssLocationProvider: WakeLock released by handleMessage(12, 0, null)
07-09 14:30:02.254  1771  1771 D MccTable: updateMccMncConfiguration mccmnc='310260' fromServiceState=true
07-09 14:30:02.254  1771  1771 D MccTable: updateMccMncConfiguration defaultMccMnc=
07-09 14:30:02.254  1771  1771 D MccTable: updateMccMncConfiguration: mcc=310, mnc=260
07-09 14:30:02.254  1771  1771 D MccTable: WIFI_COUNTRY_CODE set to us
07-09 14:30:02.255  1581  1678 I WifiService: WifiService trying to set country code to us with persist set to true
07-09 14:30:02.264  1357  1373 I MediaPlayerService: MediaPlayerService::getOMX
07-09 14:30:02.265  1581  1892 I OMXClient: MuxOMX ctor
07-09 14:30:02.265  1354  1870 I OMXMaster: makeComponentInstance(OMX.google.vorbis.decoder) in mediacodec process
07-09 14:30:02.267  1771  1771 I Telephony: PstnIncomingCallNotifier: Unregistering: Handler (com.android.internal.telephony.GsmCdmaPhone) {482a15c}
07-09 14:30:02.267  1771  1771 E PhoneInterfaceManager: [PhoneIntfMgr] getIccId: No UICC
07-09 14:30:02.269  1581  1679 I Telecom : PhoneAccountRegistrar: [ComponentInfo{com.android.phone/com.android.services.telephony.TelephonyConnectionService}, [e0184adedf913b076626646d3f52c3b49c39ad6d], UserHandle{0}(icon: Icon(typ=BITMAP size=50x63) -> Icon(typ=BITMAP size=50x63))]: TSI.rPA@AAg
07-09 14:30:02.270  1581  1679 I Telecom : : Sending phone-account registered intent as user: TSI.rPA@AAg
07-09 14:30:02.270  1771  1771 I Telephony: AccountEntry: Registered phoneAccount: [[ ] PhoneAccount: ComponentInfo{com.android.phone/com.android.services.telephony.TelephonyConnectionService}, [e0184adedf913b076626646d3f52c3b49c39ad6d], UserHandle{0} Capabilities: CallProvider MultiUser PlaceEmerg SimSub  Schemes: tel voicemail  Extras: null] with handle: ComponentInfo{com.android.phone/com.android.services.telephony.TelephonyConnectionService}, [e0184adedf913b076626646d3f52c3b49c39ad6d], UserHandle{0}
07-09 14:30:02.270  1771  1771 I Telephony: PstnIncomingCallNotifier: Registering: Handler (com.android.internal.telephony.GsmCdmaPhone) {482a15c}
07-09 14:30:02.294  1861  1861 W System  : ClassLoader referenced unknown path: /system/priv-app/CellBroadcastReceiver/lib/x86
07-09 14:30:02.302  1357  1373 I MediaPlayerService: MediaPlayerService::getOMX
07-09 14:30:02.302  1581  1895 I OMXClient: MuxOMX ctor
07-09 14:30:02.302  1354  1853 I OMXMaster: makeComponentInstance(OMX.google.vorbis.decoder) in mediacodec process
07-09 14:30:02.311  1771  1771 D MccTable: updateMccMncConfiguration mccmnc='310260' fromServiceState=false
07-09 14:30:02.312  1771  1771 D MccTable: updateMccMncConfiguration defaultMccMnc=
07-09 14:30:02.312  1771  1771 D MccTable: updateMccMncConfiguration: mcc=310, mnc=260
07-09 14:30:02.312  1771  1771 D MccTable: updateMccMncConfiguration updateConfig config={1.0 310mcc260mnc ?localeList ?layoutDir ?swdp ?wdp ?hdp ?density ?lsize ?long ?orien ?uimode ?night ?touch ?keyb/?/? ?nav/?}
07-09 14:30:02.312  1581  1802 I ActivityManager: Config changes=3 {1.0 310mcc260mnc [en_US] ldltr sw411dp w411dp h659dp 420dpi nrml port finger qwerty/v/v dpad/v s.7}
07-09 14:30:02.315  1789  1814 D EGL_emulation: eglMakeCurrent: 0xa9405060: ver 2 0 (tinfo 0xa9403140)
07-09 14:30:02.317  1306  1826 D         : HostConnection::get() New Host Connection established 0xb111c400, tid 1826
07-09 14:30:02.319  1306  1826 W         : Unrecognized GLES max version string in extensions: ANDROID_EMU_CHECKSUM_HELPER_v1 ANDROID_EMU_dma_v1 
07-09 14:30:02.321  1581  1591 I WindowManager: Destroying surface Surface(name=com.android.settings/com.android.settings.FallbackHome) called by com.android.server.wm.WindowStateAnimator.destroySurface:2014 com.android.server.wm.WindowStateAnimator.destroySurfaceLocked:881 com.android.server.wm.WindowState.removeLocked:1449 com.android.server.wm.WindowManagerService.removeWindowInnerLocked:2478 com.android.server.wm.WindowManagerService.removeWindowLocked:2436 com.android.server.wm.WindowManagerService.removeWindowLocked:2305 com.android.server.wm.WindowManagerService.removeWindow:2300 com.android.server.wm.Session.remove:193 
07-09 14:30:02.325  1581  1581 I GnssLocationProvider: WakeLock acquired by sendMessage(12, 0, null)
07-09 14:30:02.326  1581  1593 I GnssLocationProvider: WakeLock released by handleMessage(12, 0, null)
07-09 14:30:02.338  1581  1591 I Telecom : PhoneAccountRegistrar: [ComponentInfo{com.android.phone/com.android.services.telephony.TelephonyConnectionService}, [e0184adedf913b076626646d3f52c3b49c39ad6d], UserHandle{0}(addr: tel:*********** -> tel:)(icon: Icon(typ=BITMAP size=50x63) -> Icon(typ=BITMAP size=50x63))(subAddr: tel:*********** -> tel:)]: TSI.rPA@AAw
07-09 14:30:02.339  1581  1591 I Telecom : : Sending phone-account registered intent as user: TSI.rPA@AAw
07-09 14:30:02.347  1581  1581 I GnssLocationProvider: WakeLock acquired by sendMessage(12, 0, null)
07-09 14:30:02.348  1581  1593 I GnssLocationProvider: WakeLock released by handleMessage(12, 0, null)
07-09 14:30:02.352  1306  1826 I SurfaceFlinger: Boot is finished (4338 ms)
07-09 14:30:02.356  1581  1591 I Telecom : PhoneAccountRegistrar: [ComponentInfo{com.android.phone/com.android.services.telephony.TelephonyConnectionService}, [e0184adedf913b076626646d3f52c3b49c39ad6d], UserHandle{0}(icon: Icon(typ=BITMAP size=50x63) -> Icon(typ=BITMAP size=50x63))]: TSI.rPA@ABA
07-09 14:30:02.356  1581  1591 I Telecom : : Sending phone-account registered intent as user: TSI.rPA@ABA
07-09 14:30:02.357  1771  1771 I Telephony: AccountEntry: Registered phoneAccount: [[ ] PhoneAccount: ComponentInfo{com.android.phone/com.android.services.telephony.TelephonyConnectionService}, [e0184adedf913b076626646d3f52c3b49c39ad6d], UserHandle{0} Capabilities: CallProvider MultiUser PlaceEmerg SimSub  Schemes: tel voicemail  Extras: null] with handle: ComponentInfo{com.android.phone/com.android.services.telephony.TelephonyConnectionService}, [e0184adedf913b076626646d3f52c3b49c39ad6d], UserHandle{0}
07-09 14:30:02.357  1771  1771 I Telephony: PstnIncomingCallNotifier: Registering: Handler (com.android.internal.telephony.GsmCdmaPhone) {482a15c}
07-09 14:30:02.365  1771  1771 D MccTable: updateMccMncConfiguration mccmnc='310260' fromServiceState=false
07-09 14:30:02.366  1771  1771 D MccTable: updateMccMncConfiguration defaultMccMnc=310260
07-09 14:30:02.366  1771  1771 D MccTable: updateMccMncConfiguration: mcc=310, mnc=260
07-09 14:30:02.366  1771  1771 D MccTable: updateMccMncConfiguration updateConfig config={1.0 310mcc260mnc ?localeList ?layoutDir ?swdp ?wdp ?hdp ?density ?lsize ?long ?orien ?uimode ?night ?touch ?keyb/?/? ?nav/?}
07-09 14:30:02.367  1861  1861 D CellBroadcastReceiver: Service state changed! 3 Full: 3 3 voice home data home null null null null null null  Unknown Unknown CSS not supported -1 -1 RoamInd=-1 DefRoamInd=-1 EmergOnly=false IsDataRoamingFromRegistration=false Current state=-1
07-09 14:30:02.371  1789  1814 D EGL_emulation: eglMakeCurrent: 0xa9405060: ver 2 0 (tinfo 0xa9403140)
07-09 14:30:02.381  1901  1901 W art     : Unexpected CPU variant for X86 using defaults: x86
07-09 14:30:02.386  1581  1591 I ActivityManager: Start proc 1901:com.android.deskclock/u0a41 for broadcast com.android.deskclock/.AlarmInitReceiver
07-09 14:30:02.393  1306  1898 D         : HostConnection::get() New Host Connection established 0xb151bf40, tid 1898
07-09 14:30:02.398  1306  1898 W         : Unrecognized GLES max version string in extensions: ANDROID_EMU_CHECKSUM_HELPER_v1 ANDROID_EMU_dma_v1 
07-09 14:30:02.404  1581  1786 I StatusBarManagerService: registerStatusBar bar=com.android.internal.statusbar.IStatusBar$Stub$Proxy@33ac7b7
07-09 14:30:02.406  1581  1601 I SystemServiceManager: Starting phase 1000
07-09 14:30:02.420  1581  1601 I ActivityManager: Start proc 1917:com.google.android.ext.services/u0a14 for on-hold
07-09 14:30:02.425  1916  1916 I bootstat: Service started: /system/bin/bootstat --record_boot_complete 
07-09 14:30:02.426  1916  1916 I bootstat: Logging histogram: bootstat_mtime_matches_content 1
07-09 14:30:02.426  1916  1916 I bootstat: Logging histogram: bootstat_mtime_matches_content 1
07-09 14:30:02.430  1917  1917 W art     : Unexpected CPU variant for X86 using defaults: x86
07-09 14:30:02.432  1581  1601 D ActivityManager: Finishing user boot 0
07-09 14:30:02.432  1581  1601 D CryptdConnector: SND -> {3 cryptfs prepare_user_storage ! 0 0 2}
07-09 14:30:02.433  1261  1298 D vold    : e4crypt_prepare_user_storage for volume null, user 0, serial 0, flags 2
07-09 14:30:02.433  1261  1298 D vold    : Preparing: /data/system_ce/0
07-09 14:30:02.433  1261  1298 D vold    : Preparing: /data/misc_ce/0
07-09 14:30:02.433  1261  1298 D vold    : Preparing: /data/media/0
07-09 14:30:02.433  1261  1298 D vold    : Preparing: /data/data
07-09 14:30:02.433  1581  1617 D CryptdConnector: RCV <- {200 3 Command succeeded}
07-09 14:30:02.433  1581  1601 V UserManagerService: Found /data/user/0 with serial number 0
07-09 14:30:02.433  1581  1601 V UserManagerService: Found /data/system_ce/0 with serial number 0
07-09 14:30:02.433  1581  1601 V PackageManager: reconcileAppsData for null u0 0x2
07-09 14:30:02.438  1930  1930 I bootstat: Service started: /system/bin/bootstat --record_boot_reason 
07-09 14:30:02.438  1930  1930 I bootstat: Unknown boot reason: 
07-09 14:30:02.446  1933  1933 I bootstat: Service started: /system/bin/bootstat --record_time_since_factory_reset 
07-09 14:30:02.446  1933  1933 I bootstat: Logging histogram: factory_reset_current_time 1499590802
07-09 14:30:02.447  1933  1933 I bootstat: Logging histogram: bootstat_mtime_matches_content 1
07-09 14:30:02.447  1933  1933 I bootstat: Logging histogram: factory_reset_record_value 1499233418
07-09 14:30:02.470  1935  1935 I bootstat: Service started: /system/bin/bootstat -l 
07-09 14:30:02.470  1935  1935 I bootstat: Logging histogram: bootstat_mtime_matches_content 1
07-09 14:30:02.471  1935  1935 I bootstat: Logging histogram: bootstat_mtime_matches_content 1
07-09 14:30:02.471  1935  1935 I bootstat: Logging histogram: bootstat_mtime_matches_content 1
07-09 14:30:02.471  1935  1935 I bootstat: Logging histogram: bootstat_mtime_matches_content 1
07-09 14:30:02.471  1935  1935 I bootstat: Logging histogram: bootstat_mtime_matches_content 1
07-09 14:30:02.471  1935  1935 I bootstat: Logging histogram: bootstat_mtime_matches_content 1
07-09 14:30:02.471  1935  1935 I bootstat: Logging histogram: bootstat_mtime_matches_content 1
07-09 14:30:02.471  1935  1935 I bootstat: Logging histogram: bootstat_mtime_matches_content 1
07-09 14:30:02.471  1935  1935 I bootstat: Logging histogram: bootstat_mtime_matches_content 1
07-09 14:30:02.471  1935  1935 I bootstat: Logging histogram: bootstat_mtime_matches_content 1
07-09 14:30:02.471  1935  1935 I bootstat: Logging histogram: bootstat_mtime_matches_content 1
07-09 14:30:02.471  1935  1935 I bootstat: Logging histogram: bootstat_mtime_matches_content 1
07-09 14:30:02.471  1935  1935 I bootstat: Logging histogram: post_decrypt_time_elapsed 2
07-09 14:30:02.471  1935  1935 I bootstat: Logging histogram: build_date 1494963929
07-09 14:30:02.471  1935  1935 I bootstat: Logging histogram: boot_decryption_complete 6
07-09 14:30:02.471  1935  1935 I bootstat: Logging histogram: ota_boot_complete_post_decrypt 12
07-09 14:30:02.471  1935  1935 I bootstat: Logging histogram: ota_boot_complete 19
07-09 14:30:02.471  1935  1935 I bootstat: Logging histogram: boot_reason 1
07-09 14:30:02.471  1935  1935 I bootstat: Logging histogram: factory_reset_current_time 1499590802
07-09 14:30:02.471  1935  1935 I bootstat: Logging histogram: factory_reset 1499233418
07-09 14:30:02.471  1935  1935 I bootstat: Logging histogram: boot_complete_post_decrypt 4
07-09 14:30:02.471  1935  1935 I bootstat: Logging histogram: boot_complete 6
07-09 14:30:02.471  1935  1935 I bootstat: Logging histogram: factory_reset_record_value 1499233418
07-09 14:30:02.471  1935  1935 I bootstat: Logging histogram: time_since_factory_reset 357384
07-09 14:30:02.472  1581  1601 V PackageManager: reconcileAppsData finished 96 packages; restoreconNeeded was false
07-09 14:30:02.475  1581  1581 I GnssLocationProvider: WakeLock acquired by sendMessage(12, 0, null)
07-09 14:30:02.476  1581  1593 W GnssLocationProvider: Could not open GPS configuration file /etc/gps.conf
07-09 14:30:02.476  1581  1593 E GnssLocationProvider: no AGPS interface in set_agps_server
07-09 14:30:02.476  1581  1593 I GnssLocationProvider: WakeLock released by handleMessage(12, 0, null)
07-09 14:30:02.483  1917  1917 W System  : ClassLoader referenced unknown path: /system/priv-app/GoogleExtServices/lib/x86
07-09 14:30:02.510  1581  1594 D MountService: onUnlockUser 0
07-09 14:30:02.510  1581  1594 D VoldConnector: SND -> {7 volume user_started 0}
07-09 14:30:02.511  1261  1297 D vold    : Linking /storage/emulated/0 to /mnt/user/0/primary
07-09 14:30:02.511  1581  1616 D VoldConnector: RCV <- {200 7 Command succeeded}
07-09 14:30:02.511  1581  1615 D MountService: Volume public:253,64 broadcasting mounted to UserHandle{0}
07-09 14:30:02.511  1581  1615 D MountService: Volume emulated broadcasting mounted to UserHandle{0}
07-09 14:30:02.517  1581  1581 I GnssLocationProvider: WakeLock acquired by sendMessage(12, 0, null)
07-09 14:30:02.517  1581  1593 W GnssLocationProvider: Could not open GPS configuration file /etc/gps.conf
07-09 14:30:02.517  1581  1593 E GnssLocationProvider: no AGPS interface in set_agps_server
07-09 14:30:02.517  1581  1593 I GnssLocationProvider: WakeLock released by handleMessage(12, 0, null)
07-09 14:30:02.519  1771  1771 D MccTable: updateMccMncConfiguration mccmnc='310260' fromServiceState=false
07-09 14:30:02.519  1771  1771 D MccTable: updateMccMncConfiguration defaultMccMnc=310260
07-09 14:30:02.519  1771  1771 D MccTable: updateMccMncConfiguration: mcc=310, mnc=260
