07-09 17:45:21.898  1349  1349 V EmulatedCamera_FakeDevice: connectDevice
07-09 17:45:21.898  1349  1349 V EmulatedCamera_CallbackNotifier: setCallbacks: 0xadf29eb0, 0xadf29f00, 0xadf2a020, 0xadf2a140 (0xad4c3280)
07-09 17:45:21.898  1349  1349 V EmulatedCamera_CallbackNotifier: enableMessage: msg_type = 0xc0d
07-09 17:45:21.898  1349  1349 V EmulatedCamera_CallbackNotifier:     CAMERA_MSG_ERROR
07-09 17:45:21.898  1349  1349 V EmulatedCamera_CallbackNotifier:     CAMERA_MSG_FOCUS
07-09 17:45:21.898  1349  1349 V EmulatedCamera_CallbackNotifier:     CAMERA_MSG_ZOOM
07-09 17:45:21.898  1349  1349 V EmulatedCamera_CallbackNotifier:     CAMERA_MSG_PREVIEW_METADATA
07-09 17:45:21.898  1349  1349 V EmulatedCamera_CallbackNotifier: **** Currently enabled messages:
07-09 17:45:21.898  1349  1349 V EmulatedCamera_CallbackNotifier:     CAMERA_MSG_ERROR
07-09 17:45:21.898  1349  1349 V EmulatedCamera_CallbackNotifier:     CAMERA_MSG_FOCUS
07-09 17:45:21.898  1349  1349 V EmulatedCamera_CallbackNotifier:     CAMERA_MSG_ZOOM
07-09 17:45:21.898  1349  1349 V EmulatedCamera_CallbackNotifier:     CAMERA_MSG_PREVIEW_METADATA
07-09 17:45:21.898  1349  1349 V EmulatedCamera_CallbackNotifier: disableMessage: msg_type = 0xffff
07-09 17:45:21.898  1349  1349 V EmulatedCamera_CallbackNotifier:     CAMERA_MSG_ERROR
07-09 17:45:21.898  1349  1349 V EmulatedCamera_CallbackNotifier:     CAMERA_MSG_SHUTTER
07-09 17:45:21.898  1349  1349 V EmulatedCamera_CallbackNotifier:     CAMERA_MSG_FOCUS
07-09 17:45:21.898  1349  1349 V EmulatedCamera_CallbackNotifier:     CAMERA_MSG_ZOOM
07-09 17:45:21.898  1349  1349 V EmulatedCamera_CallbackNotifier:     CAMERA_MSG_PREVIEW_FRAME
07-09 17:45:21.898  1349  1349 V EmulatedCamera_CallbackNotifier:     CAMERA_MSG_VIDEO_FRAME
07-09 17:45:21.898  1349  1349 V EmulatedCamera_CallbackNotifier:     CAMERA_MSG_POSTVIEW_FRAME
07-09 17:45:21.898  1349  1349 V EmulatedCamera_CallbackNotifier:     CAMERA_MSG_RAW_IMAGE
07-09 17:45:21.898  1349  1349 V EmulatedCamera_CallbackNotifier:     CAMERA_MSG_COMPRESSED_IMAGE
07-09 17:45:21.898  1349  1349 V EmulatedCamera_CallbackNotifier:     CAMERA_MSG_RAW_IMAGE_NOTIFY
07-09 17:45:21.898  1349  1349 V EmulatedCamera_CallbackNotifier:     CAMERA_MSG_PREVIEW_METADATA
07-09 17:45:21.898  1349  1349 V EmulatedCamera_CallbackNotifier: **** Currently enabled messages:
07-09 17:45:21.898  1349  1349 V EmulatedCamera_Preview: setPreviewWindow: current: 0x0 -> new: 0x0
07-09 17:45:21.898  1349  1349 V EmulatedCamera_Camera: doStopPreview
07-09 17:45:21.899  1349  1349 V EmulatedCamera_Camera: cancelPicture
07-09 17:45:21.899  1349  1349 V EmulatedCamera_Camera: releaseCamera
07-09 17:45:21.899  1349  1349 V EmulatedCamera_Camera: doStopPreview
07-09 17:45:21.899  1349  1349 V EmulatedCamera_FakeDevice: disconnectDevice
07-09 17:45:21.899  1349  1349 W EmulatedCamera_Device: Initialize: Emulated camera device is already initialized: mState = 1
07-09 17:45:21.899  1349  1349 D EmulatedCamera_FakeCamera: Initialize: Fake camera is facing back
07-09 17:45:21.899  1349  1349 V EmulatedCamera_Device: initializeWhiteBalanceModes with auto, 1.000000, 1.000000
07-09 17:45:21.899  1349  1349 V EmulatedCamera_Device: initializeWhiteBalanceModes with incandescent, 1.380000, 0.600000
07-09 17:45:21.899  1349  1349 V EmulatedCamera_Device: initializeWhiteBalanceModes with daylight, 1.090000, 0.920000
07-09 17:45:21.899  1349  1349 V EmulatedCamera_Device: initializeWhiteBalanceModes with twilight, 0.920000, 1.220000
07-09 17:45:21.899  1349  1349 V EmulatedCamera_Device: setWhiteBalanceMode with white balance auto
07-09 17:45:21.899  1349  1349 I CameraFlashlight: Destroying camera 0
07-09 17:45:21.899  1349  1349 V EmulatedCamera_Camera: closeCamera
07-09 17:45:21.899  1349  1349 V EmulatedCamera_Camera: doStopPreview
07-09 17:45:21.899  1349  1349 W EmulatedCamera_Device: Initialize: Emulated camera device is already initialized: mState = 1
07-09 17:45:21.899  1349  1349 D EmulatedCamera_FakeCamera: Initialize: Fake camera is facing back
07-09 17:45:21.899  1349  1349 V EmulatedCamera_Device: initializeWhiteBalanceModes with auto, 1.000000, 1.000000
07-09 17:45:21.899  1349  1349 V EmulatedCamera_Device: initializeWhiteBalanceModes with incandescent, 1.380000, 0.600000
07-09 17:45:21.899  1349  1349 V EmulatedCamera_Device: initializeWhiteBalanceModes with daylight, 1.090000, 0.920000
07-09 17:45:21.899  1349  1349 V EmulatedCamera_Device: initializeWhiteBalanceModes with twilight, 0.920000, 1.220000
07-09 17:45:21.899  1349  1349 V EmulatedCamera_Device: setWhiteBalanceMode with white balance auto
07-09 17:45:21.901  1349  1349 I CameraService: disconnect: Disconnected client for camera 0 for PID 1349
07-09 17:45:21.902  1356  1723 D NuPlayerDriver: reset(0xb2492180) at state 4
07-09 17:45:21.902  1356  1723 D NuPlayerDriver: notifyListener_l(0xb2492180), (8, 0, 0), loop setting(0, 0)
07-09 17:45:21.902  1356  2020 D NuPlayerDriver: notifyResetComplete(0xb2492180)
07-09 17:45:21.903  1356  1762 D NuPlayerDriver: reset(0xb3ca8a80) at state 4
07-09 17:45:21.903  1356  1762 D NuPlayerDriver: notifyListener_l(0xb3ca8a80), (8, 0, 0), loop setting(0, 0)
07-09 17:45:21.903  1356  2029 D NuPlayerDriver: notifyResetComplete(0xb3ca8a80)
07-09 17:45:21.903  1356  1376 D NuPlayerDriver: reset(0xb2492000) at state 4
07-09 17:45:21.903  1356  1376 D NuPlayerDriver: notifyListener_l(0xb2492000), (8, 0, 0), loop setting(0, 0)
07-09 17:45:21.904  1356  2032 D NuPlayerDriver: notifyResetComplete(0xb2492000)
07-09 17:45:21.904  1349  1719 V EmulatedCamera_Camera: getCameraInfo
07-09 17:45:21.904  1349  1719 V EmulatedCamera_BaseCamera: getCameraInfo
07-09 17:45:21.904  1349  1719 I CameraService: getCameraCharacteristics: Switching to HAL1 shim implementation...
07-09 17:45:21.904  1349  1719 V EmulatedCamera_Camera: getCameraInfo
07-09 17:45:21.904  1349  1719 V EmulatedCamera_BaseCamera: getCameraInfo
07-09 17:45:21.904  1349  1719 I CameraService: CameraService::connect call (PID -1 "cameraserver", camera ID 1) for HAL version default and Camera API version 1
07-09 17:45:21.904  1349  1719 E CameraService: getCameraPriorityFromProcState: Received invalid process state -1 from ActivityManagerService!
07-09 17:45:21.904  1349  1719 V EmulatedCamera_Camera: getCameraInfo
07-09 17:45:21.904  1349  1719 V EmulatedCamera_BaseCamera: getCameraInfo
07-09 17:45:21.907  1580  1635 I ActivityManager: Start proc 2040:com.android.keychain/1000 for service com.android.keychain/.KeyChainService
07-09 17:45:21.911  1779  1779 I Telephony: PstnIncomingCallNotifier: Unregistering: Handler (com.android.internal.telephony.GsmCdmaPhone) {ec10a57}
07-09 17:45:21.914  1580  1972 I Telecom : PhoneAccountRegistrar: [ComponentInfo{com.android.phone/com.android.services.telephony.TelephonyConnectionService}, [e2f7d48dd2b5ca523e7313cf4ba0f6ea830b6281], UserHandle{0}(icon: Icon(typ=BITMAP size=50x63) -> Icon(typ=BITMAP size=50x63))]: TSI.rPA@ACI
07-09 17:45:21.915  1580  1972 I Telecom : : Sending phone-account registered intent as user: TSI.rPA@ACI
07-09 17:45:21.916  1779  1779 I Telephony: AccountEntry: Registered phoneAccount: [[ ] PhoneAccount: ComponentInfo{com.android.phone/com.android.services.telephony.TelephonyConnectionService}, [e2f7d48dd2b5ca523e7313cf4ba0f6ea830b6281], UserHandle{0} Capabilities: CallProvider MultiUser PlaceEmerg SimSub  Schemes: tel voicemail  Extras: null] with handle: ComponentInfo{com.android.phone/com.android.services.telephony.TelephonyConnectionService}, [e2f7d48dd2b5ca523e7313cf4ba0f6ea830b6281], UserHandle{0}
07-09 17:45:21.916  1779  1779 I Telephony: PstnIncomingCallNotifier: Registering: Handler (com.android.internal.telephony.GsmCdmaPhone) {ec10a57}
07-09 17:45:21.918  1779  1779 I NotificationMgr: updateMwi(): subId 1 update to false
07-09 17:45:21.919  1580  2003 I Telecom : PhoneAccountRegistrar: [ComponentInfo{com.android.phone/com.android.services.telephony.TelephonyConnectionService}, [e2f7d48dd2b5ca523e7313cf4ba0f6ea830b6281], UserHandle{0}(icon: Icon(typ=BITMAP size=50x63) -> Icon(typ=BITMAP size=50x63))]: TSI.rPA@ACY
07-09 17:45:21.920  1580  2003 I Telecom : : Sending phone-account registered intent as user: TSI.rPA@ACY
07-09 17:45:21.920  2040  2040 W art     : Unexpected CPU variant for X86 using defaults: x86
07-09 17:45:21.922  1580  2004 I Telecom : PhoneAccountRegistrar: [ComponentInfo{com.android.phone/com.android.services.telephony.TelephonyConnectionService}, [e2f7d48dd2b5ca523e7313cf4ba0f6ea830b6281], UserHandle{0}(icon: Icon(typ=BITMAP size=50x63) -> Icon(typ=BITMAP size=50x63))]: TSI.rPA@ACg
07-09 17:45:21.923  1580  2004 I Telecom : : Sending phone-account registered intent as user: TSI.rPA@ACg
07-09 17:45:21.924  1580  1677 I Telecom : PhoneAccountRegistrar: [ComponentInfo{com.android.phone/com.android.services.telephony.TelephonyConnectionService}, [e2f7d48dd2b5ca523e7313cf4ba0f6ea830b6281], UserHandle{0}(icon: Icon(typ=BITMAP size=50x63) -> Icon(typ=BITMAP size=50x63))]: TSI.rPA@ACo
07-09 17:45:21.925  1580  1677 I Telecom : : Sending phone-account registered intent as user: TSI.rPA@ACo
07-09 17:45:21.928  1580  1592 W GnssLocationProvider: Could not open GPS configuration file /etc/gps.conf
07-09 17:45:21.928  1580  1592 E GnssLocationProvider: no AGPS interface in set_agps_server
07-09 17:45:21.928  1779  1779 D CarrierSvcBindHelper: Received android.intent.action.USER_UNLOCKED
07-09 17:45:21.929  1779  1779 D CarrierSvcBindHelper: No carrier app for: 0
07-09 17:45:21.929  1779  1779 D CarrierConfigLoader: mHandler: 5 phoneId: 0
07-09 17:45:21.931  1580  1973 I Telecom : PhoneAccountRegistrar: [ComponentInfo{com.android.phone/com.android.services.telephony.TelephonyConnectionService}, [e2f7d48dd2b5ca523e7313cf4ba0f6ea830b6281], UserHandle{0}(icon: Icon(typ=BITMAP size=50x63) -> Icon(typ=BITMAP size=50x63))]: TSI.rPA@ACw
07-09 17:45:21.932  1580  1973 I Telecom : : Sending phone-account registered intent as user: TSI.rPA@ACw
07-09 17:45:21.932  1356  2046 D NuPlayerDriver: notifyListener_l(0xb3ca9020), (1, 0, 0), loop setting(0, 0)
07-09 17:45:21.934  1580  1580 I Telecom : PhoneAccountRegistrar: SimCallManager queried, returning: null: TSI.gSCMFU@AC0
07-09 17:45:21.935  1580  1591 I Telecom : PhoneAccountRegistrar: [ComponentInfo{com.android.phone/com.android.services.telephony.TelephonyConnectionService}, [e2f7d48dd2b5ca523e7313cf4ba0f6ea830b6281], UserHandle{0}(icon: Icon(typ=BITMAP size=50x63) -> Icon(typ=BITMAP size=50x63))]: TSI.rPA@AC8
07-09 17:45:21.935  1580  1591 I Telecom : : Sending phone-account registered intent as user: TSI.rPA@AC8
07-09 17:45:21.937  1779  1779 D TelephonyProvider: subIdString = 1 subId = 1
07-09 17:45:21.938  2006  2006 V Launcher: LauncherAppState inited
07-09 17:45:21.946  2040  2040 W System  : ClassLoader referenced unknown path: /system/app/KeyChain/lib/x86
07-09 17:45:21.950  1356  2058 D NuPlayerDriver: notifyListener_l(0xb3ca8a80), (1, 0, 0), loop setting(0, 0)
07-09 17:45:21.960  1580  1988 D ConnectivityService: registerNetworkAgent NetworkAgentInfo{ ni{[type: MOBILE[LTE], state: CONNECTED/CONNECTED, reason: connected, extra: epc.tmobile.com, failover: false, available: true, roaming: false, metered: false]}  network{100}  nethandle{429513165534}  lp{{InterfaceName: eth0 LinkAddresses: [10.0.2.15/32,]  Routes: [0.0.0.0/0 -> 10.0.2.2 eth0,] DnsAddresses: [10.0.2.3,] Domains: null MTU: 1500 TcpBufferSizes: 524288,1048576,2097152,262144,524288,1048576}}  nc{[ Transports: CELLULAR Capabilities: MMS&SUPL&FOTA&IMS&CBS&IA&INTERNET&NOT_RESTRICTED&TRUSTED&NOT_VPN LinkUpBandwidth>=51200Kbps LinkDnBandwidth>=102400Kbps Specifier: <1>]}  Score{10}  everValidated{false}  lastValidated{false}  created{false} lingering{false} explicitlySelected{false} acceptUnvalidated{false} everCaptivePortalDetected{false} lastCaptivePortalDetected{false} }
07-09 17:45:21.961  1580  1627 D ConnectivityService: NetworkAgentInfo [MOBILE (LTE) - 100] EVENT_NETWORK_INFO_CHANGED, going from null to CONNECTED
07-09 17:45:21.961  1580  1627 D ConnectivityService: Adding iface eth0 to network 100
07-09 17:45:21.965  1356  2062 D NuPlayerDriver: notifyListener_l(0xb3ca91a0), (1, 0, 0), loop setting(0, 0)
07-09 17:45:21.966  1349  1719 I CameraFlashlight: Opening camera 1
07-09 17:45:21.966  1349  1719 V EmulatedCamera_Camera: getCameraInfo
07-09 17:45:21.966  1349  1719 V EmulatedCamera_BaseCamera: getCameraInfo
07-09 17:45:21.966  1349  1719 V EmulatedCamera_Camera: connectCamera
07-09 17:45:21.966  1349  1719 V EmulatedCamera_FakeDevice: connectDevice
07-09 17:45:21.966  1349  1719 V EmulatedCamera_CallbackNotifier: setCallbacks: 0xadf29eb0, 0xadf29f00, 0xadf2a020, 0xadf2a140 (0xad1311e0)
07-09 17:45:21.966  1349  1719 V EmulatedCamera_CallbackNotifier: enableMessage: msg_type = 0xc0d
07-09 17:45:21.966  1349  1719 V EmulatedCamera_CallbackNotifier:     CAMERA_MSG_ERROR
07-09 17:45:21.966  1349  1719 V EmulatedCamera_CallbackNotifier:     CAMERA_MSG_FOCUS
07-09 17:45:21.966  1349  1719 V EmulatedCamera_CallbackNotifier:     CAMERA_MSG_ZOOM
07-09 17:45:21.966  1349  1719 V EmulatedCamera_CallbackNotifier:     CAMERA_MSG_PREVIEW_METADATA
07-09 17:45:21.966  1349  1719 V EmulatedCamera_CallbackNotifier: **** Currently enabled messages:
07-09 17:45:21.966  1349  1719 V EmulatedCamera_CallbackNotifier:     CAMERA_MSG_ERROR
07-09 17:45:21.966  1349  1719 V EmulatedCamera_CallbackNotifier:     CAMERA_MSG_FOCUS
07-09 17:45:21.966  1349  1719 V EmulatedCamera_CallbackNotifier:     CAMERA_MSG_ZOOM
07-09 17:45:21.966  1349  1719 V EmulatedCamera_CallbackNotifier:     CAMERA_MSG_PREVIEW_METADATA
07-09 17:45:21.966  1349  1719 V EmulatedCamera_CallbackNotifier: disableMessage: msg_type = 0xffff
07-09 17:45:21.966  1349  1719 V EmulatedCamera_CallbackNotifier:     CAMERA_MSG_ERROR
07-09 17:45:21.966  1349  1719 V EmulatedCamera_CallbackNotifier:     CAMERA_MSG_SHUTTER
07-09 17:45:21.966  1349  1719 V EmulatedCamera_CallbackNotifier:     CAMERA_MSG_FOCUS
07-09 17:45:21.966  1349  1719 V EmulatedCamera_CallbackNotifier:     CAMERA_MSG_ZOOM
07-09 17:45:21.966  1349  1719 V EmulatedCamera_CallbackNotifier:     CAMERA_MSG_PREVIEW_FRAME
07-09 17:45:21.966  1349  1719 V EmulatedCamera_CallbackNotifier:     CAMERA_MSG_VIDEO_FRAME
07-09 17:45:21.966  1349  1719 V EmulatedCamera_CallbackNotifier:     CAMERA_MSG_POSTVIEW_FRAME
07-09 17:45:21.966  1349  1719 V EmulatedCamera_CallbackNotifier:     CAMERA_MSG_RAW_IMAGE
07-09 17:45:21.966  1349  1719 V EmulatedCamera_CallbackNotifier:     CAMERA_MSG_COMPRESSED_IMAGE
07-09 17:45:21.966  1349  1719 V EmulatedCamera_CallbackNotifier:     CAMERA_MSG_RAW_IMAGE_NOTIFY
07-09 17:45:21.966  1349  1719 V EmulatedCamera_CallbackNotifier:     CAMERA_MSG_PREVIEW_METADATA
07-09 17:45:21.966  1349  1719 V EmulatedCamera_CallbackNotifier: **** Currently enabled messages:
07-09 17:45:21.966  1349  1719 V EmulatedCamera_Preview: setPreviewWindow: current: 0x0 -> new: 0x0
07-09 17:45:21.966  1349  1719 V EmulatedCamera_Camera: doStopPreview
07-09 17:45:21.966  1349  1719 V EmulatedCamera_Camera: cancelPicture
07-09 17:45:21.966  1349  1719 V EmulatedCamera_Camera: releaseCamera
07-09 17:45:21.966  1349  1719 V EmulatedCamera_Camera: doStopPreview
07-09 17:45:21.966  1349  1719 V EmulatedCamera_FakeDevice: disconnectDevice
07-09 17:45:21.966  1349  1719 W EmulatedCamera_Device: Initialize: Emulated camera device is already initialized: mState = 1
07-09 17:45:21.966  1349  1719 D EmulatedCamera_FakeCamera: Initialize: Fake camera is facing front
07-09 17:45:21.966  1349  1719 V EmulatedCamera_Device: initializeWhiteBalanceModes with auto, 1.000000, 1.000000
07-09 17:45:21.966  1349  1719 V EmulatedCamera_Device: initializeWhiteBalanceModes with incandescent, 1.380000, 0.600000
07-09 17:45:21.966  1349  1719 V EmulatedCamera_Device: initializeWhiteBalanceModes with daylight, 1.090000, 0.920000
07-09 17:45:21.966  1349  1719 V EmulatedCamera_Device: initializeWhiteBalanceModes with twilight, 0.920000, 1.220000
07-09 17:45:21.966  1349  1719 V EmulatedCamera_Device: setWhiteBalanceMode with white balance auto
07-09 17:45:21.966  1349  1719 I CameraFlashlight: Destroying camera 1
07-09 17:45:21.966  1349  1719 V EmulatedCamera_Camera: closeCamera
07-09 17:45:21.966  1349  1719 V EmulatedCamera_Camera: doStopPreview
07-09 17:45:21.966  1349  1719 W EmulatedCamera_Device: Initialize: Emulated camera device is already initialized: mState = 1
07-09 17:45:21.966  1349  1719 D EmulatedCamera_FakeCamera: Initialize: Fake camera is facing front
07-09 17:45:21.966  1349  1719 V EmulatedCamera_Device: initializeWhiteBalanceModes with auto, 1.000000, 1.000000
07-09 17:45:21.966  1349  1719 V EmulatedCamera_Device: initializeWhiteBalanceModes with incandescent, 1.380000, 0.600000
07-09 17:45:21.966  1349  1719 V EmulatedCamera_Device: initializeWhiteBalanceModes with daylight, 1.090000, 0.920000
07-09 17:45:21.966  1349  1719 V EmulatedCamera_Device: initializeWhiteBalanceModes with twilight, 0.920000, 1.220000
07-09 17:45:21.966  1349  1719 V EmulatedCamera_Device: setWhiteBalanceMode with white balance auto
07-09 17:45:21.967  1349  1719 I CameraService: disconnect: Disconnected client for camera 1 for PID 1349
07-09 17:45:21.967  1356  1723 D NuPlayerDriver: reset(0xb3ca9020) at state 4
07-09 17:45:21.967  1356  1723 D NuPlayerDriver: notifyListener_l(0xb3ca9020), (8, 0, 0), loop setting(0, 0)
07-09 17:45:21.967  1356  2046 D NuPlayerDriver: notifyResetComplete(0xb3ca9020)
07-09 17:45:21.968  1356  1356 D NuPlayerDriver: reset(0xb3ca8a80) at state 4
07-09 17:45:21.968  1356  1356 D NuPlayerDriver: notifyListener_l(0xb3ca8a80), (8, 0, 0), loop setting(0, 0)
07-09 17:45:21.968  1356  2058 D NuPlayerDriver: notifyResetComplete(0xb3ca8a80)
07-09 17:45:21.968  1356  1762 D NuPlayerDriver: reset(0xb3ca91a0) at state 4
07-09 17:45:21.968  1356  1762 D NuPlayerDriver: notifyListener_l(0xb3ca91a0), (8, 0, 0), loop setting(0, 0)
07-09 17:45:21.969  1356  2062 D NuPlayerDriver: notifyResetComplete(0xb3ca91a0)
07-09 17:45:21.969  1349  2019 V EmulatedCamera_Camera: getCameraInfo
07-09 17:45:21.969  1349  2019 V EmulatedCamera_BaseCamera: getCameraInfo
07-09 17:45:21.970  1349  1719 V EmulatedCamera_Camera: getCameraInfo
07-09 17:45:21.970  1349  1719 V EmulatedCamera_BaseCamera: getCameraInfo
07-09 17:45:21.972  1349  2019 V EmulatedCamera_Camera: getCameraInfo
07-09 17:45:21.972  1349  2019 V EmulatedCamera_BaseCamera: getCameraInfo
07-09 17:45:21.973  1349  1719 V EmulatedCamera_Camera: getCameraInfo
07-09 17:45:21.973  1349  1719 V EmulatedCamera_BaseCamera: getCameraInfo
07-09 17:45:21.988  1580  1627 D ConnectivityService: Setting DNS servers for network 100 to [/10.0.2.3]
07-09 17:45:21.994  2006  2006 D Launcher.Model: Old launcher provider: content://com.android.launcher2.settings/favorites?notify=true
07-09 17:45:21.994  2006  2006 D Launcher.Model: Old launcher provider does not exist.
07-09 17:45:21.995  1580  1627 D ConnectivityService: Switching to new default network: NetworkAgentInfo{ ni{[type: MOBILE[LTE], state: CONNECTED/CONNECTED, reason: connected, extra: epc.tmobile.com, failover: false, available: true, roaming: false, metered: false]}  network{100}  nethandle{429513165534}  lp{{InterfaceName: eth0 LinkAddresses: [10.0.2.15/32,]  Routes: [0.0.0.0/0 -> 10.0.2.2 eth0,] DnsAddresses: [10.0.2.3,] Domains: null MTU: 1500 TcpBufferSizes: 524288,1048576,2097152,262144,524288,1048576}}  nc{[ Transports: CELLULAR Capabilities: MMS&SUPL&FOTA&IMS&CBS&IA&INTERNET&NOT_RESTRICTED&TRUSTED&NOT_VPN LinkUpBandwidth>=51200Kbps LinkDnBandwidth>=102400Kbps Specifier: <1>]}  Score{10}  everValidated{false}  lastValidated{false}  created{true} lingering{false} explicitlySelected{false} acceptUnvalidated{false} everCaptivePortalDetected{false} lastCaptivePortalDetected{false} }
07-09 17:45:22.000  1357  1575 V IdletimerController: runCmd(/system/bin/ip6tables -w -t raw -A idletimer_raw_PREROUTING -i eth0 -j IDLETIMER --timeout 10 --label 0 --send_nl_msg 1) res_ipv4=0, res_ipv6=0
07-09 17:45:22.012  1357  1575 V IdletimerController: runCmd(/system/bin/ip6tables -w -t mangle -A idletimer_mangle_POSTROUTING -o eth0 -j IDLETIMER --timeout 10 --label 0 --send_nl_msg 1) res_ipv4=0, res_ipv6=0
07-09 17:45:22.014  1580  1627 D ConnectivityService: Sending CONNECTED broadcast for type 0 NetworkAgentInfo [MOBILE (LTE) - 100] isDefaultNetwork=true
07-09 17:45:22.014  1580  1640 I GnssLocationProvider: WakeLock acquired by sendMessage(5, 0, null)
07-09 17:45:22.014  1580  1640 I GnssLocationProvider: WakeLock acquired by sendMessage(6, 0, null)
07-09 17:45:22.014  1580  1592 I GnssLocationProvider: WakeLock acquired by handleInjectNtpTime()
07-09 17:45:22.014  1580  1592 I GnssLocationProvider: WakeLock released by handleMessage(5, 0, null)
07-09 17:45:22.014  1580  1592 I GnssLocationProvider: WakeLock released by handleMessage(6, 0, null)
07-09 17:45:22.018  1650  1833 D OpenGLRenderer: profile bars disabled
07-09 17:45:22.018  1650  1833 D OpenGLRenderer: ambientRatio = 1.50
07-09 17:45:22.020  1650  1650 D PhoneStatusBar: disable: < EXPAND* icons alerts system_info BACK* HOME* RECENT* clock SEARCH* quick_settings >
07-09 17:45:22.036  1650  1650 D PhoneStatusBar: heads up is enabled
07-09 17:45:22.067  1304  1311 D gralloc_ranchu: gralloc_alloc: Creating ashmem region of size 7753728
07-09 17:45:22.068  1304  1337 D gralloc_ranchu: gralloc_alloc: Creating ashmem region of size 8294400
07-09 17:45:22.071  1990  1990 W System  : ClassLoader referenced unknown path: /system/priv-app/CellBroadcastReceiver/lib/x86
07-09 17:45:22.087  1953  1953 W KeyphraseEnrollmentInfo: No Enrollment application supports the given keyphrase/locale
07-09 17:45:22.103  1580  1594 V KeyguardServiceDelegate: *** Keyguard connected (yay!)
07-09 17:45:22.112  1580  1580 V BackupManagerService: Connected to transport ComponentInfo{com.google.android.gms/com.google.android.gms.backup.BackupTransportService}
07-09 17:45:22.112  1580  1580 V BackupManagerService: Registering transport com.google.android.gms/.backup.BackupTransportService::com.google.android.gms/.backup.BackupTransportService = com.android.internal.backup.IBackupTransport$Stub$Proxy@d639270
07-09 17:45:22.129  1650  1650 D ViewRootImpl[StatusBar]: changeCanvasOpacity: opaque=true
07-09 17:45:22.180  1580  1594 W WindowManager: Keyguard drawn timeout. Setting mKeyguardDrawComplete
07-09 17:45:22.190  1580  1972 I ActivityManager: Start proc 2103:com.google.android.partnersetup/u0a18 for content provider com.google.android.partnersetup/.RlzAppProvider
07-09 17:45:22.194  2103  2103 W art     : Unexpected CPU variant for X86 using defaults: x86
07-09 17:45:22.224  2013  2087 W ModelDownloadController: Cannot find any speech config location.
07-09 17:45:22.224  2013  2087 W ModelDownloadController: Cannot find any speech config location.
07-09 17:45:22.224  1929  1929 I chatty  : uid=10013 com.google.android.gms.persistent expire 2 lines
07-09 17:45:22.246  2006  2006 W System  : ClassLoader referenced unknown path: 
07-09 17:45:22.286  1650  1833 D         : HostConnection::get() New Host Connection established 0x94cb5880, tid 1833
07-09 17:45:22.288  1650  1833 W         : Unrecognized GLES max version string in extensions: ANDROID_EMU_CHECKSUM_HELPER_v1 ANDROID_EMU_dma_v1 
07-09 17:45:22.290  1650  1833 I OpenGLRenderer: Initialized EGL, version 1.4
07-09 17:45:22.290  1650  1833 D OpenGLRenderer: Swap behavior 1
07-09 17:45:22.291  1650  1833 W OpenGLRenderer: Failed to choose config with EGL_SWAP_BEHAVIOR_PRESERVED, retrying without...
07-09 17:45:22.291  1650  1833 D OpenGLRenderer: Swap behavior 0
07-09 17:45:22.295  1650  1833 D EGL_emulation: eglCreateContext: 0xa2084d80: maj 2 min 0 rcv 2
07-09 17:45:22.297  1650  1833 D EGL_emulation: eglMakeCurrent: 0xa2084d80: ver 2 0 (tinfo 0xa20a20b0)
07-09 17:45:22.319  1304  1337 E SurfaceFlinger: ro.sf.lcd_density must be defined as a build property
07-09 17:45:22.323  2103  2103 W System  : ClassLoader referenced unknown path: /system/priv-app/GooglePartnerSetup/lib/x86
07-09 17:45:22.325  2006  2006 D         : HostConnection::get() New Host Connection established 0xa20fd000, tid 2006
07-09 17:45:22.326  2006  2006 W         : Unrecognized GLES max version string in extensions: ANDROID_EMU_CHECKSUM_HELPER_v1 ANDROID_EMU_dma_v1 
07-09 17:45:22.328  1580  1622 D WifiService: New client listening to asynchronous messages
07-09 17:45:22.350  1929  2101 I chatty  : uid=10013(com.google.android.gms) FlpThread expire 1 line
07-09 17:45:22.355  2006  2125 D         : HostConnection::get() New Host Connection established 0xa20fd4c0, tid 2125
07-09 17:45:22.355  1304  1895 D         : HostConnection::get() New Host Connection established 0xb501c440, tid 1895
07-09 17:45:22.355  2006  2125 W         : Unrecognized GLES max version string in extensions: ANDROID_EMU_CHECKSUM_HELPER_v1 ANDROID_EMU_dma_v1 
07-09 17:45:22.356  2006  2125 I OpenGLRenderer: Initialized EGL, version 1.4
07-09 17:45:22.356  2006  2125 D OpenGLRenderer: Swap behavior 1
07-09 17:45:22.356  2006  2125 W OpenGLRenderer: Failed to choose config with EGL_SWAP_BEHAVIOR_PRESERVED, retrying without...
07-09 17:45:22.356  2006  2125 D OpenGLRenderer: Swap behavior 0
07-09 17:45:22.356  1304  1895 W         : Unrecognized GLES max version string in extensions: ANDROID_EMU_CHECKSUM_HELPER_v1 ANDROID_EMU_dma_v1 
07-09 17:45:22.360  2006  2125 D EGL_emulation: eglCreateContext: 0xb18852a0: maj 2 min 0 rcv 2
07-09 17:45:22.376  2006  2125 D EGL_emulation: eglMakeCurrent: 0xb18852a0: ver 2 0 (tinfo 0xb1883210)
07-09 17:45:22.387  2006  2125 D EGL_emulation: eglMakeCurrent: 0xb18852a0: ver 2 0 (tinfo 0xb1883210)
07-09 17:45:22.390  1990  1990 D CellBroadcastReceiver: Service state changed! 0 Full: 0 0 voice home data home Android Android 310260 Android Android 310260  Unknown LTE CSS not supported 0 0 RoamInd=0 DefRoamInd=0 EmergOnly=false IsDataRoamingFromRegistration=false Current state=-1
07-09 17:45:22.390  1990  1990 D CellBroadcastReceiver: Start Cell Broadcast configuration.
07-09 17:45:22.398  1990  1990 D CellBroadcastReceiver: Start Cell Broadcast configuration.
07-09 17:45:22.401  1865  1865 I AlarmClock: AlarmInitReceiver android.intent.action.LOCKED_BOOT_COMPLETED
07-09 17:45:22.411  1580  1600 I ActivityManager: Displayed com.android.launcher3/.Launcher: +575ms
07-09 17:45:22.415  1990  2130 D CellBroadcastConfigService: Enable CellBroadcast on sub 1
07-09 17:45:22.415  1650  1667 W art     : Suspending all threads took: 20.705ms
07-09 17:45:22.416  1650  1667 I art     : Background sticky concurrent mark sweep GC freed 598(20KB) AllocSpace objects, 0(0B) LOS objects, 1% free, 13MB/13MB, paused 21.030ms total 49.989ms
07-09 17:45:22.420  1580  1620 D SntpClient: round trip: 174ms, clock offset: 160ms
07-09 17:45:22.442  1580  2003 I ActivityManager: Start proc 2138:android.process.acore/u0a1 for content provider com.android.providers.contacts/.ContactsProvider2
07-09 17:45:22.444  1580  1816 D SntpClient: round trip: 171ms, clock offset: 162ms
07-09 17:45:22.444  1580  1816 I GnssLocationProvider: WakeLock acquired by sendMessage(10, 0, null)
07-09 17:45:22.457  2138  2138 W art     : Unexpected CPU variant for X86 using defaults: x86
07-09 17:45:22.458  1929  2122 I chatty  : uid=10013(com.google.android.gms) GeofencerStateM expire 1 line
07-09 17:45:22.468  1580  1592 I GnssLocationProvider: WakeLock released by handleMessage(10, 0, null)
07-09 17:45:22.478  2138  2138 W System  : ClassLoader referenced unknown path: /system/priv-app/ContactsProvider/lib/x86
07-09 17:45:22.482  1580  1816 I GnssLocationProvider: WakeLock released by handleInjectNtpTime()
07-09 17:45:22.484  2013  2128 I GrammarCompilationSvcCt: Grammar compilation alarm set for interval 604800000
07-09 17:45:22.492  1779  1887 D IccSmsInterfaceManager: [IccSmsInterfaceManager] Calling setCdmaBroadcastConfig with 1 configurations
07-09 17:45:22.492  1779  1887 D IccSmsInterfaceManager: [IccSmsInterfaceManager] Failed to add cdma broadcast subscription for MID range 4096 to 4096 from client com.android.cellbroadcastreceiver
07-09 17:45:22.494  1779  1790 D IccSmsInterfaceManager: [IccSmsInterfaceManager] Calling setCdmaBroadcastConfig with 1 configurations
07-09 17:45:22.495  1779  1790 D IccSmsInterfaceManager: [IccSmsInterfaceManager] Failed to add cdma broadcast subscription for MID range 4097 to 4097 from client com.android.cellbroadcastreceiver
07-09 17:45:22.501  1779  1887 D IccSmsInterfaceManager: [IccSmsInterfaceManager] Calling setCdmaBroadcastConfig with 1 configurations
07-09 17:45:22.501  1779  1887 D IccSmsInterfaceManager: [IccSmsInterfaceManager] Failed to add cdma broadcast subscription for MID range 4098 to 4098 from client com.android.cellbroadcastreceiver
07-09 17:45:22.504  1779  1790 D IccSmsInterfaceManager: [IccSmsInterfaceManager] Calling setCdmaBroadcastConfig with 1 configurations
07-09 17:45:22.504  1779  1790 D IccSmsInterfaceManager: [IccSmsInterfaceManager] Failed to add cdma broadcast subscription for MID range 4099 to 4099 from client com.android.cellbroadcastreceiver
07-09 17:45:22.506  1779  1887 D IccSmsInterfaceManager: [IccSmsInterfaceManager] Failed to remove cdma broadcast subscription for MID range 4100 to 4100 from client com.android.cellbroadcastreceiver
07-09 17:45:22.508  1779  1790 D IccSmsInterfaceManager: [IccSmsInterfaceManager] Calling setGsmBroadcastConfig with 1 configurations
07-09 17:45:22.508  1779  1790 D IccSmsInterfaceManager: [IccSmsInterfaceManager] Failed to add GSM cell broadcast subscription for MID range 4352 to 4354 from client com.android.cellbroadcastreceiver
07-09 17:45:22.510  1779  1887 D IccSmsInterfaceManager: [IccSmsInterfaceManager] Calling setGsmBroadcastConfig with 1 configurations
07-09 17:45:22.510  1779  1887 D IccSmsInterfaceManager: [IccSmsInterfaceManager] Failed to add GSM cell broadcast subscription for MID range 4356 to 4356 from client com.android.cellbroadcastreceiver
07-09 17:45:22.512  1779  1790 D IccSmsInterfaceManager: [IccSmsInterfaceManager] Failed to remove GSM cell broadcast subscription for MID range 4355 to 4355 from client com.android.cellbroadcastreceiver
07-09 17:45:22.513  1779  1887 D IccSmsInterfaceManager: [IccSmsInterfaceManager] Calling setGsmBroadcastConfig with 1 configurations
07-09 17:45:22.514  1779  1887 D IccSmsInterfaceManager: [IccSmsInterfaceManager] Failed to add GSM cell broadcast subscription for MID range 4370 to 4370 from client com.android.cellbroadcastreceiver
07-09 17:45:22.515  1779  1790 D IccSmsInterfaceManager: [IccSmsInterfaceManager] Calling setGsmBroadcastConfig with 1 configurations
07-09 17:45:22.517  1779  1790 D IccSmsInterfaceManager: [IccSmsInterfaceManager] Failed to add GSM cell broadcast subscription for MID range 4371 to 4372 from client com.android.cellbroadcastreceiver
07-09 17:45:22.518  1929  2136 I chatty  : uid=10013(com.google.android.gms) GoogleLocationS expire 1 line
07-09 17:45:22.538  1650  1650 W KeyguardUpdateMonitor: invalid subId in handleSimStateChange()
07-09 17:45:22.546  1650  1650 W KeyguardUpdateMonitor: invalid subId in handleServiceStateChange()
07-09 17:45:22.546  1650  1650 W KeyguardUpdateMonitor: invalid subId in handleSimStateChange()
07-09 17:45:22.546  1650  1650 W KeyguardUpdateMonitor: invalid subId in handleServiceStateChange()
07-09 17:45:22.546  1650  1650 W KeyguardUpdateMonitor: invalid subId in handleSimStateChange()
07-09 17:45:22.563  1580  1627 D ConnectivityService: NetworkAgentInfo [MOBILE (LTE) - 100] validation passed
07-09 17:45:22.566  2138  2138 W System  : ClassLoader referenced unknown path: /system/priv-app/BlockedNumberProvider/lib/x86
07-09 17:45:22.606  2138  2138 W System  : ClassLoader referenced unknown path: /system/app/UserDictionaryProvider/lib/x86
07-09 17:45:22.610  1650  1833 D EGL_emulation: eglMakeCurrent: 0xa2084d80: ver 2 0 (tinfo 0xa20a20b0)
07-09 17:45:22.631  1779  1887 D IccSmsInterfaceManager: [IccSmsInterfaceManager] Calling setGsmBroadcastConfig with 1 configurations
07-09 17:45:22.632  1779  1887 D IccSmsInterfaceManager: [IccSmsInterfaceManager] Failed to add GSM cell broadcast subscription for MID range 4373 to 4378 from client com.android.cellbroadcastreceiver
07-09 17:45:22.647  1779  1919 D IccSmsInterfaceManager: [IccSmsInterfaceManager] Calling setGsmBroadcastConfig with 1 configurations
07-09 17:45:22.647  1779  1919 D IccSmsInterfaceManager: [IccSmsInterfaceManager] Failed to add GSM cell broadcast subscription for MID range 4379 to 4379 from client com.android.cellbroadcastreceiver
07-09 17:45:22.660  1779  1919 D IccSmsInterfaceManager: [IccSmsInterfaceManager] Failed to remove GSM cell broadcast subscription for MID range 4380 to 4382 from client com.android.cellbroadcastreceiver
07-09 17:45:22.660  1580  1623 D WifiNative-HAL: Failing getSupportedFeatureset because HAL isn't started
07-09 17:45:22.664  1779  1887 D IccSmsInterfaceManager: [IccSmsInterfaceManager] Calling setGsmBroadcastConfig with 1 configurations
07-09 17:45:22.668  1650  1833 D EGL_emulation: eglMakeCurrent: 0xa2084d80: ver 2 0 (tinfo 0xa20a20b0)
07-09 17:45:22.668  1779  1887 D IccSmsInterfaceManager: [IccSmsInterfaceManager] Failed to add GSM cell broadcast subscription for MID range 4383 to 4383 from client com.android.cellbroadcastreceiver
07-09 17:45:22.708  1580  1810 V KeyguardServiceDelegate: **** SHOWN CALLED ****
07-09 17:45:22.721  1580  1600 I WindowManager: Destroying surface Surface(name=KeyguardScrim) called by com.android.server.wm.WindowStateAnimator.destroySurface:2014 com.android.server.wm.WindowStateAnimator.destroySurfaceLocked:881 com.android.server.wm.WindowState.destroyOrSaveSurface:2073 com.android.server.wm.WindowSurfacePlacer.performSurfacePlacementInner:429 com.android.server.wm.WindowSurfacePlacer.performSurfacePlacementLoop:232 com.android.server.wm.WindowSurfacePlacer.performSurfacePlacement:180 com.android.server.wm.WindowManagerService$H.handleMessage:8079 android.os.Handler.dispatchMessage:102 
07-09 17:45:22.722  1580  1600 D         : HostConnection::get() New Host Connection established 0xa20ebe00, tid 1600
07-09 17:45:22.722  1580  1600 W         : Unrecognized GLES max version string in extensions: ANDROID_EMU_CHECKSUM_HELPER_v1 ANDROID_EMU_dma_v1 
07-09 17:45:22.724  1580  1590 I ActivityManager: Start proc 2190:com.google.android.gms/u0a13 for broadcast com.google.android.gms/.checkin.CheckinServiceTriggerReceiver
07-09 17:45:22.727  2190  2190 I chatty  : uid=10013(com.google.android.gms) expire 1 line
07-09 17:45:22.737  1580  1580 W IInputConnectionWrapper: reportFullscreenMode on inexistent InputConnection
07-09 17:45:22.746  1779  1919 D IccSmsInterfaceManager: [IccSmsInterfaceManager] Calling setGsmBroadcastConfig with 1 configurations
07-09 17:45:22.746  1779  1919 D IccSmsInterfaceManager: [IccSmsInterfaceManager] Failed to add GSM cell broadcast subscription for MID range 4384 to 4385 from client com.android.cellbroadcastreceiver
07-09 17:45:22.754  1779  1887 D IccSmsInterfaceManager: [IccSmsInterfaceManager] Calling setGsmBroadcastConfig with 1 configurations
07-09 17:45:22.755  1779  1887 D IccSmsInterfaceManager: [IccSmsInterfaceManager] Failed to add GSM cell broadcast subscription for MID range 4386 to 4391 from client com.android.cellbroadcastreceiver
07-09 17:45:22.758  1779  1790 D IccSmsInterfaceManager: [IccSmsInterfaceManager] Calling setGsmBroadcastConfig with 1 configurations
07-09 17:45:22.758  1779  1790 D IccSmsInterfaceManager: [IccSmsInterfaceManager] Failed to add GSM cell broadcast subscription for MID range 4392 to 4392 from client com.android.cellbroadcastreceiver
07-09 17:45:22.761  1779  1791 D IccSmsInterfaceManager: [IccSmsInterfaceManager] Failed to remove GSM cell broadcast subscription for MID range 4393 to 4395 from client com.android.cellbroadcastreceiver
07-09 17:45:22.766  1779  1887 D IccSmsInterfaceManager: [IccSmsInterfaceManager] Failed to remove GSM cell broadcast subscription for MID range 50 to 50 from client com.android.cellbroadcastreceiver
07-09 17:45:22.767  1990  2130 D CellBroadcastConfigService: Enable CellBroadcast on sub 1
07-09 17:45:22.780  1779  1919 D IccSmsInterfaceManager: [IccSmsInterfaceManager] Calling setCdmaBroadcastConfig with 1 configurations
07-09 17:45:22.780  1779  1919 D IccSmsInterfaceManager: [IccSmsInterfaceManager] Failed to add cdma broadcast subscription for MID range 4096 to 4096 from client com.android.cellbroadcastreceiver
07-09 17:45:22.782  1929  1929 I chatty  : uid=10013 com.google.android.gms.persistent expire 4 lines
07-09 17:45:22.783  1779  1791 D IccSmsInterfaceManager: [IccSmsInterfaceManager] Calling setCdmaBroadcastConfig with 1 configurations
07-09 17:45:22.784  1779  1791 D IccSmsInterfaceManager: [IccSmsInterfaceManager] Failed to add cdma broadcast subscription for MID range 4097 to 4097 from client com.android.cellbroadcastreceiver
07-09 17:45:22.791  1779  1919 D IccSmsInterfaceManager: [IccSmsInterfaceManager] Calling setCdmaBroadcastConfig with 1 configurations
07-09 17:45:22.792  1779  1919 D IccSmsInterfaceManager: [IccSmsInterfaceManager] Failed to add cdma broadcast subscription for MID range 4098 to 4098 from client com.android.cellbroadcastreceiver
07-09 17:45:22.792  2190  2190 I chatty  : uid=10013(com.google.android.gms) expire 7 lines
07-09 17:45:22.794  1779  1791 D IccSmsInterfaceManager: [IccSmsInterfaceManager] Calling setCdmaBroadcastConfig with 1 configurations
07-09 17:45:22.795  1779  1791 D IccSmsInterfaceManager: [IccSmsInterfaceManager] Failed to add cdma broadcast subscription for MID range 4099 to 4099 from client com.android.cellbroadcastreceiver
07-09 17:45:22.797  1779  1919 D IccSmsInterfaceManager: [IccSmsInterfaceManager] Failed to remove cdma broadcast subscription for MID range 4100 to 4100 from client com.android.cellbroadcastreceiver
07-09 17:45:22.798  1779  1791 D IccSmsInterfaceManager: [IccSmsInterfaceManager] Calling setGsmBroadcastConfig with 1 configurations
07-09 17:45:22.799  1779  1791 D IccSmsInterfaceManager: [IccSmsInterfaceManager] Failed to add GSM cell broadcast subscription for MID range 4352 to 4354 from client com.android.cellbroadcastreceiver
07-09 17:45:22.814  1779  1919 D IccSmsInterfaceManager: [IccSmsInterfaceManager] Calling setGsmBroadcastConfig with 1 configurations
07-09 17:45:22.817  1779  1919 D IccSmsInterfaceManager: [IccSmsInterfaceManager] Failed to add GSM cell broadcast subscription for MID range 4356 to 4356 from client com.android.cellbroadcastreceiver
07-09 17:45:22.826  1779  1790 D IccSmsInterfaceManager: [IccSmsInterfaceManager] Failed to remove GSM cell broadcast subscription for MID range 4355 to 4355 from client com.android.cellbroadcastreceiver
07-09 17:45:22.831  1779  1887 D IccSmsInterfaceManager: [IccSmsInterfaceManager] Calling setGsmBroadcastConfig with 1 configurations
07-09 17:45:22.833  1779  1887 D IccSmsInterfaceManager: [IccSmsInterfaceManager] Failed to add GSM cell broadcast subscription for MID range 4370 to 4370 from client com.android.cellbroadcastreceiver
07-09 17:45:22.840  1779  1790 D IccSmsInterfaceManager: [IccSmsInterfaceManager] Calling setGsmBroadcastConfig with 1 configurations
07-09 17:45:22.842  1779  1790 D IccSmsInterfaceManager: [IccSmsInterfaceManager] Failed to add GSM cell broadcast subscription for MID range 4371 to 4372 from client com.android.cellbroadcastreceiver
07-09 17:45:22.845  1779  1887 D IccSmsInterfaceManager: [IccSmsInterfaceManager] Calling setGsmBroadcastConfig with 1 configurations
07-09 17:45:22.846  1779  1887 D IccSmsInterfaceManager: [IccSmsInterfaceManager] Failed to add GSM cell broadcast subscription for MID range 4373 to 4378 from client com.android.cellbroadcastreceiver
07-09 17:45:22.858  1779  1790 D IccSmsInterfaceManager: [IccSmsInterfaceManager] Calling setGsmBroadcastConfig with 1 configurations
07-09 17:45:22.860  1779  1790 D IccSmsInterfaceManager: [IccSmsInterfaceManager] Failed to add GSM cell broadcast subscription for MID range 4379 to 4379 from client com.android.cellbroadcastreceiver
07-09 17:45:22.863  1779  1887 D IccSmsInterfaceManager: [IccSmsInterfaceManager] Failed to remove GSM cell broadcast subscription for MID range 4380 to 4382 from client com.android.cellbroadcastreceiver
07-09 17:45:22.865  1779  1790 D IccSmsInterfaceManager: [IccSmsInterfaceManager] Calling setGsmBroadcastConfig with 1 configurations
07-09 17:45:22.865  1779  1790 D IccSmsInterfaceManager: [IccSmsInterfaceManager] Failed to add GSM cell broadcast subscription for MID range 4383 to 4383 from client com.android.cellbroadcastreceiver
07-09 17:45:22.867  1779  1887 D IccSmsInterfaceManager: [IccSmsInterfaceManager] Calling setGsmBroadcastConfig with 1 configurations
07-09 17:45:22.867  1779  1887 D IccSmsInterfaceManager: [IccSmsInterfaceManager] Failed to add GSM cell broadcast subscription for MID range 4384 to 4385 from client com.android.cellbroadcastreceiver
07-09 17:45:22.869  1779  1790 D IccSmsInterfaceManager: [IccSmsInterfaceManager] Calling setGsmBroadcastConfig with 1 configurations
07-09 17:45:22.869  1779  1790 D IccSmsInterfaceManager: [IccSmsInterfaceManager] Failed to add GSM cell broadcast subscription for MID range 4386 to 4391 from client com.android.cellbroadcastreceiver
07-09 17:45:22.871  1779  1887 D IccSmsInterfaceManager: [IccSmsInterfaceManager] Calling setGsmBroadcastConfig with 1 configurations
07-09 17:45:22.872  1779  1887 D IccSmsInterfaceManager: [IccSmsInterfaceManager] Failed to add GSM cell broadcast subscription for MID range 4392 to 4392 from client com.android.cellbroadcastreceiver
07-09 17:45:22.874  1779  1790 D IccSmsInterfaceManager: [IccSmsInterfaceManager] Failed to remove GSM cell broadcast subscription for MID range 4393 to 4395 from client com.android.cellbroadcastreceiver
07-09 17:45:22.880  1779  1887 D IccSmsInterfaceManager: [IccSmsInterfaceManager] Failed to remove GSM cell broadcast subscription for MID range 50 to 50 from client com.android.cellbroadcastreceiver
07-09 17:45:22.916  1929  2136 I chatty  : uid=10013(com.google.android.gms) GoogleLocationS expire 3 lines
07-09 17:45:22.975  2217  2217 W art     : Unexpected CPU variant for X86 using defaults: x86
07-09 17:45:22.980  1580  2003 I ActivityManager: Start proc 2217:android.process.media/u0a11 for broadcast com.android.providers.downloads/.DownloadReceiver
07-09 17:45:22.996  2217  2217 W System  : ClassLoader referenced unknown path: /system/priv-app/DownloadProvider/lib/x86
07-09 17:45:23.001  2217  2217 W System  : ClassLoader referenced unknown path: /system/priv-app/MediaProvider/lib/x86
07-09 17:45:23.022  2190  2235 I chatty  : uid=10013(com.google.android.gms) expire 1 line
07-09 17:45:23.088  1650  1833 D EGL_emulation: eglMakeCurrent: 0xa2084d80: ver 2 0 (tinfo 0xa20a20b0)
07-09 17:45:23.088  2190  2236 I chatty  : uid=10013(com.google.android.gms) expire 8 lines
07-09 17:45:23.097  2217  2217 D MediaScannerReceiver: action: android.intent.action.MEDIA_MOUNTED path: /storage/0D0C-0F05
07-09 17:45:23.105  1650  1833 D EGL_emulation: eglMakeCurrent: 0xa2084d80: ver 2 0 (tinfo 0xa20a20b0)
07-09 17:45:23.106  2240  2240 W art     : Unexpected CPU variant for X86 using defaults: x86
07-09 17:45:23.108  1580  1772 I ActivityManager: Start proc 2240:com.google.android.music:main/u0a59 for broadcast com.google.android.music/.store.MediaStoreImportService$Receiver
07-09 17:45:23.110  1650  1650 D PhoneStatusBar: disable: < expand* icons alerts system_info back* home* recent* clock search* quick_settings >
07-09 17:45:23.111  1304  1311 D gralloc_ranchu: gralloc_alloc: Creating ashmem region of size 9547776
07-09 17:45:23.119  2138  2175 I ContactLocale: AddressBook Labels [[en_US]]: [, A, B, C, D, E, F, G, H, I, J, K, L, M, N, O, P, Q, R, S, T, U, V, W, X, Y, Z, , , , , , , , , , , , , , , , , , , , , , , , , , , , , , , , , , , , , , , , , , , , , , , , , , , , , , , , , , , , , , , , , , , , , , , , , , , , , , , , , , , , , , , , , , , , , , , , , , , , , , , , , , , , , , , , , , , , , , , , , , , , , , , , , , , , , , , , , , , , , , , , , , , , , , , , , , , , , , , , , , , , , , , , , , , , , , , , , , , , , , , , , , , #, ]
07-09 17:45:23.130  2240  2240 W System  : ClassLoader referenced unknown path: /system/app/Music2/lib/x86
07-09 17:45:23.145  2240  2240 I MultiDex: VM with version 2.1.0 has multidex support
07-09 17:45:23.145  2240  2240 I MultiDex: install
07-09 17:45:23.145  2240  2240 I MultiDex: VM has multidex support, MultiDex support library is disabled.
07-09 17:45:23.146  1650  1833 D EGL_emulation: eglMakeCurrent: 0xa2084d80: ver 2 0 (tinfo 0xa20a20b0)
07-09 17:45:23.148  1650  1833 D EGL_emulation: eglMakeCurrent: 0xa2084d80: ver 2 0 (tinfo 0xa20a20b0)
07-09 17:45:23.166  1650  1833 D EGL_emulation: eglMakeCurrent: 0xa2084d80: ver 2 0 (tinfo 0xa20a20b0)
07-09 17:45:23.169  1650  1833 D EGL_emulation: eglMakeCurrent: 0xa2084d80: ver 2 0 (tinfo 0xa20a20b0)
07-09 17:45:23.182  2240  2240 I BaseStore: ConfigStore database version: 1
07-09 17:45:23.209  2240  2240 I BaseStore: Store database version: 135
07-09 17:45:23.232  1650  1833 D EGL_emulation: eglMakeCurrent: 0xa2084d80: ver 2 0 (tinfo 0xa20a20b0)
07-09 17:45:23.236  1650  1833 D EGL_emulation: eglMakeCurrent: 0xa2084d80: ver 2 0 (tinfo 0xa20a20b0)
07-09 17:45:23.257  2240  2240 I GoogleURLConnFactory: Using platform SSLCertificateSocketFactory
07-09 17:45:23.263  2240  2240 I GoogleHttpClient: Using GMS GoogleHttpClient
07-09 17:45:23.264  2240  2240 D NetworkSecurityConfig: No Network Security Config specified, using platform default
07-09 17:45:23.265  2240  2240 I GHttpClientFactory: Using our fixed implementation of GMSCore's GoogleHttpClient
07-09 17:45:23.265  2240  2240 I GoogleURLConnFactory: Using platform SSLCertificateSocketFactory
07-09 17:45:23.266  1650  1833 D EGL_emulation: eglMakeCurrent: 0xa2084d80: ver 2 0 (tinfo 0xa20a20b0)
07-09 17:45:23.286  2240  2240 D MusicLifecycle: com.google.android.music.MusicApplication generated event: Application created
07-09 17:45:23.293  2240  2240 W System  : ClassLoader referenced unknown path: /system/priv-app/PrebuiltGmsCore/lib/x86
07-09 17:45:23.300  2240  2240 W linker  : /system/priv-app/PrebuiltGmsCore/PrebuiltGmsCore.apk!/lib/x86/libgmscore.so: unused DT entry: type 0x7ffffffd arg 0x754
07-09 17:45:23.302  2240  2240 W linker  : /system/priv-app/PrebuiltGmsCore/PrebuiltGmsCore.apk!/lib/x86/libconscrypt_gmscore_jni.so: unused DT entry: type 0x7ffffffd arg 0x174
07-09 17:45:23.302  2240  2240 V JNIHelp : Registering com/google/android/gms/org/conscrypt/NativeCrypto's 242 native methods...
07-09 17:45:23.310  2240  2240 I ProviderInstaller: Installed default security provider GmsCore_OpenSSL
07-09 17:45:23.310  2240  2240 D AndroidMusic: GMSCore installation verified
07-09 17:45:23.318  2217  2245 V MediaScanner: pruneDeadThumbnailFiles... android.content.ContentProviderClient$CursorWrapperInner@85b11a1
07-09 17:45:23.318  2217  2245 V MediaScanner: /pruneDeadThumbnailFiles... android.content.ContentProviderClient$CursorWrapperInner@85b11a1
07-09 17:45:23.351  2240  2240 V MediaRouter: Adding route: RouteInfo{ name=Phone, description=null, status=null, category=RouteCategory{ name=null types=ROUTE_TYPE_LIVE_AUDIO ROUTE_TYPE_LIVE_VIDEO  groupable=false }, supportedTypes=ROUTE_TYPE_LIVE_AUDIO ROUTE_TYPE_LIVE_VIDEO , presentationDisplay=null }
07-09 17:45:23.352  2240  2240 V MediaRouter: Updating audio routes: AudioRoutesInfo{ type=SPEAKER }
07-09 17:45:23.353  2240  2240 V MediaRouter: Selecting route: RouteInfo{ name=Phone, description=null, status=null, category=RouteCategory{ name=null types=ROUTE_TYPE_LIVE_AUDIO ROUTE_TYPE_LIVE_VIDEO  groupable=false }, supportedTypes=ROUTE_TYPE_LIVE_AUDIO ROUTE_TYPE_LIVE_VIDEO , presentationDisplay=null }
07-09 17:45:23.354  2240  2240 I MediaRouter: Found default route: MediaRouter.RouteInfo{ uniqueId=android/.support.v7.media.SystemMediaRouteProvider:DEFAULT_ROUTE, name=Phone, description=null, iconUri=null, enabled=true, connecting=false, connectionState=0, canDisconnect=false, playbackType=0, playbackStream=3, deviceType=0, volumeHandling=1, volume=11, volumeMax=15, presentationDisplayId=-1, extras=null, settingsIntent=null, providerPackageName=android }
07-09 17:45:23.369  2190  2236 E ActivityThread: Failed to find provider info for com.google.android.wearable.settings
07-09 17:45:23.390  2240  2240 D MusicLifecycle: com.google.android.music.store.MediaStoreImportService$Receiver generated event: Broadcast received with context android.app.ReceiverRestrictedContext@78fd66e and intent Intent { act=android.intent.action.MEDIA_MOUNTED dat=file:///storage/0D0C-0F05 flg=0x4000010 cmp=com.google.android.music/.store.MediaStoreImportService$Receiver (has extras) }
07-09 17:45:23.392  2240  2240 D MusicLifecycle: com.google.android.music.net.NetworkMonitor generated event: Service created
07-09 17:45:23.392  2240  2240 I NetworkMonitor: type=MOBILE subType=LTE reason=connected isConnected=true
07-09 17:45:23.394  2217  2217 D MediaScannerReceiver: action: android.intent.action.MEDIA_MOUNTED path: /storage/emulated/0
07-09 17:45:23.405  2240  2240 D MusicLifecycle: com.google.android.music.preferences.MusicPreferenceService$MusicPreferenceServiceBinder generated event: Service created
07-09 17:45:23.405  2240  2240 D MusicLifecycle: com.google.android.music.preferences.MusicPreferenceService$MusicPreferenceServiceBinder generated event: Service destroyed
07-09 17:45:23.405  2240  2240 D MusicLifecycle: com.google.android.music.preferences.MusicPreferenceService$MusicPreferenceServiceBinder generated event: Service created
07-09 17:45:23.406  2240  2240 D MusicLifecycle: com.google.android.music.preferences.MusicPreferenceService$MusicPreferenceServiceBinder generated event: Service destroyed
07-09 17:45:23.406  2240  2240 D MusicLifecycle: com.google.android.music.download.cache.StorageMigrationService generated event: Service created
