07-09 17:45:19.856  1353  1722 E OMXNodeInstance: getExtensionIndex(5490010:google.h263.decoder, OMX.google.android.index.configureVideoTunnelMode) ERROR: UnsupportedIndex(0x8000101a)
07-09 17:45:19.856  1353  1353 W OMXNodeInstance: [5490010:google.h263.decoder] component does not support metadata mode; using fallback
07-09 17:45:19.860  1356  1356 I MediaPlayerService: MediaPlayerService::getOMX
07-09 17:45:19.860  1356  1356 I OMXClient: MuxOMX ctor
07-09 17:45:19.861  1353  1367 I OMXMaster: makeComponentInstance(OMX.google.h264.decoder) in mediacodec process
07-09 17:45:19.871  1580  1580 I ActivityManager: Loaded persisted task ids for user 0
07-09 17:45:19.871  1643  1740 I LatinIME:LogUtils: Dictionary info: dictionary = main:en ; version = 54 ; date = 1414726273
07-09 17:45:19.877  1795  1795 W art     : Unexpected CPU variant for X86 using defaults: x86
07-09 17:45:19.880  1356  1356 W ACodec  : [OMX.google.h264.decoder] stopping checking profiles after 32: 2/8000
07-09 17:45:19.880  1353  1353 E OMXNodeInstance: getExtensionIndex(5490011:google.h264.decoder, OMX.google.android.index.configureVideoTunnelMode) ERROR: UnsupportedIndex(0x8000101a)
07-09 17:45:19.880  1353  1722 W OMXNodeInstance: [5490011:google.h264.decoder] component does not support metadata mode; using fallback
07-09 17:45:19.881  1356  1356 I MediaPlayerService: MediaPlayerService::getOMX
07-09 17:45:19.881  1356  1356 I OMXClient: MuxOMX ctor
07-09 17:45:19.881  1353  1367 I OMXMaster: makeComponentInstance(OMX.google.hevc.decoder) in mediacodec process
07-09 17:45:19.885  1580  1580 I ActivityManager: Start proc 1795:com.android.settings/1000 for activity com.android.settings/.FallbackHome
07-09 17:45:19.891  1580  1580 W ContextImpl: Calling a method in the system process without a qualified user: android.app.ContextImpl.startService:1385 com.android.server.content.SyncManager$13.run:631 android.os.Handler.handleCallback:751 android.os.Handler.dispatchMessage:95 android.os.Looper.loop:154 
07-09 17:45:19.901  1580  1592 W LocationProviderProxy-network: Odd, no component found for service com.android.location.service.v3.NetworkLocationProvider
07-09 17:45:19.902  1580  1592 W GeocoderProxy: Odd, no component found for service com.android.location.service.GeocodeProvider
07-09 17:45:19.902  1580  1592 W GeofenceProxy: Odd, no component found for service com.android.location.service.GeofenceProvider
07-09 17:45:19.902  1580  1592 W ActivityRecognitionProxy: Odd, no component found for service com.android.location.service.ActivityRecognitionProvider
07-09 17:45:19.907  1580  1580 D ConditionProviders.SCP: onConnected
07-09 17:45:19.909  1353  1722 E OMXNodeInstance: getExtensionIndex(5490012:google.hevc.decoder, OMX.google.android.index.configureVideoTunnelMode) ERROR: UnsupportedIndex(0x8000101a)
07-09 17:45:19.909  1353  1353 W OMXNodeInstance: [5490012:google.hevc.decoder] component does not support metadata mode; using fallback
07-09 17:45:19.911  1650  1650 I vol.Events: writeEvent collection_started
07-09 17:45:19.911  1356  1356 I MediaPlayerService: MediaPlayerService::getOMX
07-09 17:45:19.911  1356  1356 I OMXClient: MuxOMX ctor
07-09 17:45:19.911  1353  1367 I OMXMaster: makeComponentInstance(OMX.google.vp8.decoder) in mediacodec process
07-09 17:45:19.912  1580  1580 D ConditionProviders: Subscribing to condition://android/event?userId=-10000&calendar=&reply=1 with ComponentInfo{android/com.android.server.notification.EventConditionProvider}
07-09 17:45:19.912  1580  1580 D ConditionProviders: Subscribing to condition://android/schedule?days=1.2.3.4.5&start=22.0&end=7.0&exitAtAlarm=false with ComponentInfo{android/com.android.server.notification.ScheduleConditionProvider}
07-09 17:45:19.914  1580  1580 D ConditionProviders: Subscribing to condition://android/schedule?days=6.7&start=23.30&end=10.0&exitAtAlarm=false with ComponentInfo{android/com.android.server.notification.ScheduleConditionProvider}
07-09 17:45:19.918  1580  1580 D RttService: SCAN_AVAILABLE : 1
07-09 17:45:19.918  1580  1625 I WifiScanningService: wifi driver unloaded
07-09 17:45:19.919  1580  1626 D RttService: DefaultState got{ when=0 what=160513 target=com.android.internal.util.StateMachine$SmHandler }
07-09 17:45:19.924  1650  1813 I vol.Events: writeEvent external_ringer_mode_changed normal
07-09 17:45:19.924  1650  1813 I vol.Events: writeEvent internal_ringer_mode_changed normal
07-09 17:45:19.932  1779  1779 W System  : ClassLoader referenced unknown path: /system/priv-app/TeleService/lib/x86
07-09 17:45:19.933  1353  1722 E OMXNodeInstance: getExtensionIndex(5490013:google.vp8.decoder, OMX.google.android.index.configureVideoTunnelMode) ERROR: UnsupportedIndex(0x8000101a)
07-09 17:45:19.933  1353  1353 W OMXNodeInstance: [5490013:google.vp8.decoder] component does not support metadata mode; using fallback
07-09 17:45:19.933  1356  1356 I MediaPlayerService: MediaPlayerService::getOMX
07-09 17:45:19.934  1356  1356 I OMXClient: MuxOMX ctor
07-09 17:45:19.934  1353  1367 I OMXMaster: makeComponentInstance(OMX.google.vp9.decoder) in mediacodec process
07-09 17:45:19.940  1795  1795 W System  : ClassLoader referenced unknown path: /system/priv-app/Settings/lib/x86
07-09 17:45:19.950  1580  1580 W System  : ClassLoader referenced unknown path: /system/priv-app/Telecom/lib/x86
07-09 17:45:19.957  1779  1779 W System  : ClassLoader referenced unknown path: /system/priv-app/TelephonyProvider/lib/x86
07-09 17:45:19.965  1580  1580 E BluetoothAdapter: Bluetooth binder is null
07-09 17:45:19.967  1580  1580 I Telecom : SystemStateProvider: Registering car mode receiver: android.content.IntentFilter@df29988: TS.init@AAA
07-09 17:45:19.968  1353  1722 E OMXNodeInstance: getExtensionIndex(5490014:google.vp9.decoder, OMX.google.android.index.configureVideoTunnelMode) ERROR: UnsupportedIndex(0x8000101a)
07-09 17:45:19.968  1353  1353 W OMXNodeInstance: [5490014:google.vp9.decoder] component does not support metadata mode; using fallback
07-09 17:45:19.974  1356  1356 I MediaPlayerService: MediaPlayerService::getOMX
07-09 17:45:19.975  1580  1820 I Telecom : Telecom: Non-call EVENT: AUDIO_ROUTE, Entering state QuiescentEarpieceRoute
07-09 17:45:19.975  1356  1356 I OMXClient: MuxOMX ctor
07-09 17:45:19.975  1353  1367 I OMXMaster: makeComponentInstance(OMX.google.h263.encoder) in mediacodec process
07-09 17:45:19.985  1580  1821 I Telecom : CallAudioModeStateMachine: Message received: null.: TS.init->CAMSM.pM_1@AAA_0
07-09 17:45:19.986  1779  1779 D TelephonyProvider: dbh.onOpen: ok, queried table=siminfo
07-09 17:45:19.986  1779  1779 D TelephonyProvider: dbh.onOpen: ok, queried table=carriers
07-09 17:45:19.998  1580  1580 E BluetoothAdapter: Bluetooth binder is null
07-09 17:45:19.999  1580  1823 E ActivityThread: Failed to find provider info for call_log
07-09 17:45:19.999  1304  1309 E SurfaceFlinger: ro.sf.lcd_density must be defined as a build property
07-09 17:45:20.002  1580  1580 I Telecom : Class: TelecomSystem.INSTANCE being set
07-09 17:45:20.002  1580  1580 E BluetoothAdapter: Bluetooth binder is null
07-09 17:45:20.004  1353  1367 I SoftMPEG4Encoder: Construct SoftMPEG4Encoder
07-09 17:45:20.005  1356  1356 W ACodec  : do not know color format 0x7f000789 = 2130708361
07-09 17:45:20.005  1353  1353 E OMXNodeInstance: getConfig(5490015:google.h263.encoder, ConfigAndroidIntraRefresh(0x6f60000a)) ERROR: Undefined(0x80001001)
07-09 17:45:20.010  1356  1356 I MediaPlayerService: MediaPlayerService::getOMX
07-09 17:45:20.010  1356  1356 I OMXClient: MuxOMX ctor
07-09 17:45:20.010  1353  1367 I OMXMaster: makeComponentInstance(OMX.google.h264.encoder) in mediacodec process
07-09 17:45:20.021  1580  1580 W System  : ClassLoader referenced unknown path: /system/priv-app/FusedLocation/lib/x86
07-09 17:45:20.024  1580  1580 D GpsNetInitiatedHandler: location enabled :true
07-09 17:45:20.024  1580  1580 V WiredAccessoryManager: notifyWiredAccessoryChanged: when=0 bits= mask=54
07-09 17:45:20.024  1580  1580 V WiredAccessoryManager: newName=h2w newState=0 headsetState=0 prev headsetState=0
07-09 17:45:20.024  1580  1580 E WiredAccessoryManager: No state change.
07-09 17:45:20.024  1580  1580 V WiredAccessoryManager: init()
07-09 17:45:20.027  1650  1813 I vol.Events: writeEvent level_changed STREAM_ALARM 6
07-09 17:45:20.028  1650  1813 I vol.Events: writeEvent level_changed STREAM_BLUETOOTH_SCO 7
07-09 17:45:20.028  1650  1813 I vol.Events: writeEvent level_changed STREAM_MUSIC 11
07-09 17:45:20.029  1650  1813 I vol.Events: writeEvent level_changed STREAM_RING 5
07-09 17:45:20.029  1650  1813 I vol.Events: writeEvent level_changed STREAM_SYSTEM 5
07-09 17:45:20.031  1650  1813 I vol.Events: writeEvent level_changed STREAM_VOICE_CALL 4
07-09 17:45:20.031  1795  1795 D         : HostConnection::get() New Host Connection established 0xa41d6640, tid 1795
07-09 17:45:20.032  1795  1795 W         : Unrecognized GLES max version string in extensions: ANDROID_EMU_CHECKSUM_HELPER_v1 ANDROID_EMU_dma_v1 
07-09 17:45:20.042  1304  1309 D PermissionCache: checking android.permission.HARDWARE_TEST for uid=1000 => granted (183 us)
07-09 17:45:20.044  1356  1356 W ACodec  : do not know color format 0x7f000789 = 2130708361
07-09 17:45:20.046  1356  1356 I MediaPlayerService: MediaPlayerService::getOMX
07-09 17:45:20.046  1356  1356 I OMXClient: MuxOMX ctor
07-09 17:45:20.046  1353  1722 I OMXMaster: makeComponentInstance(OMX.google.mpeg4.encoder) in mediacodec process
07-09 17:45:20.048  1580  1580 W VibratorService: Tried to stop vibrating but there is no vibrator device.
07-09 17:45:20.049  1580  1592 I SyncManager: Got SyncJobService instance.
07-09 17:45:20.055  1304  1337 E SurfaceFlinger: ro.sf.lcd_density must be defined as a build property
07-09 17:45:20.057  1650  1650 D         : HostConnection::get() New Host Connection established 0xa4169d00, tid 1650
07-09 17:45:20.058  1580  1580 D ConditionProviders.SCP: onSubscribe condition://android/schedule?days=1.2.3.4.5&start=22.0&end=7.0&exitAtAlarm=false
07-09 17:45:20.058  1580  1580 D ConditionProviders.SCP: setRegistered true
07-09 17:45:20.059  1650  1650 W         : Unrecognized GLES max version string in extensions: ANDROID_EMU_CHECKSUM_HELPER_v1 ANDROID_EMU_dma_v1 
07-09 17:45:20.059  1580  1580 D ConditionProviders.SCP: notifyCondition condition://android/schedule?days=1.2.3.4.5&start=22.0&end=7.0&exitAtAlarm=false STATE_FALSE reason=!meetsSchedule
07-09 17:45:20.062  1580  1580 D ConditionProviders.SCP: Scheduling evaluate for Sun Jul 09 22:00:00 GMT+05:30 2017 (1499617800000), in +4h14m39s941ms, now=Sun Jul 09 17:45:20 GMT+05:30 2017 (1499602520059)
07-09 17:45:20.062  1580  1580 D ConditionProviders.SCP: onSubscribe condition://android/schedule?days=6.7&start=23.30&end=10.0&exitAtAlarm=false
07-09 17:45:20.062  1580  1580 D ConditionProviders.SCP: notifyCondition condition://android/schedule?days=6.7&start=23.30&end=10.0&exitAtAlarm=false STATE_FALSE reason=!meetsSchedule
07-09 17:45:20.062  1580  1580 D ConditionProviders.SCP: notifyCondition condition://android/schedule?days=1.2.3.4.5&start=22.0&end=7.0&exitAtAlarm=false STATE_FALSE reason=!meetsSchedule
07-09 17:45:20.062  1580  1633 E ActivityThread: Failed to find provider info for com.android.calendar
07-09 17:45:20.062  1580  1633 E ActivityThread: Failed to find provider info for com.android.calendar
07-09 17:45:20.062  1580  1580 D ConditionProviders.SCP: Scheduling evaluate for Sun Jul 09 22:00:00 GMT+05:30 2017 (1499617800000), in +4h14m39s938ms, now=Sun Jul 09 17:45:20 GMT+05:30 2017 (1499602520062)
07-09 17:45:20.063  1580  1580 I Telecom : WiredHeadsetManager: ACTION_HEADSET_PLUG event, plugged in: false, : WHC.oADA@AAE
07-09 17:45:20.066  1580  1580 I ActivityManager: user 0 is still locked. Cannot load recents
07-09 17:45:20.079  1795  1824 D         : HostConnection::get() New Host Connection established 0xa41d6800, tid 1824
07-09 17:45:20.081  1650  1650 D StorageNotification: Notifying about private volume: VolumeInfo{private}:
07-09 17:45:20.081  1650  1650 D StorageNotification:     type=PRIVATE diskId=null partGuid=null mountFlags=0 mountUserId=-1 
07-09 17:45:20.081  1650  1650 D StorageNotification:     state=MOUNTED 
07-09 17:45:20.081  1650  1650 D StorageNotification:     fsType=null fsUuid=null fsLabel=null 
07-09 17:45:20.081  1650  1650 D StorageNotification:     path=/data internalPath=null 
07-09 17:45:20.081  1795  1824 W         : Unrecognized GLES max version string in extensions: ANDROID_EMU_CHECKSUM_HELPER_v1 ANDROID_EMU_dma_v1 
07-09 17:45:20.082  1650  1650 D StorageNotification: Notifying about public volume: VolumeInfo{public:253,64}:
07-09 17:45:20.082  1650  1650 D StorageNotification:     type=PUBLIC diskId=disk:253,64 partGuid=null mountFlags=VISIBLE 
07-09 17:45:20.082  1650  1650 D StorageNotification:     mountUserId=0 state=MOUNTED 
07-09 17:45:20.082  1650  1650 D StorageNotification:     fsType=vfat fsUuid=0D0C-0F05 fsLabel=SDCARD 
07-09 17:45:20.082  1650  1650 D StorageNotification:     path=/storage/0D0C-0F05 internalPath=/mnt/media_rw/0D0C-0F05 
07-09 17:45:20.084  1795  1824 I OpenGLRenderer: Initialized EGL, version 1.4
07-09 17:45:20.084  1795  1824 D OpenGLRenderer: Swap behavior 1
07-09 17:45:20.084  1795  1824 W OpenGLRenderer: Failed to choose config with EGL_SWAP_BEHAVIOR_PRESERVED, retrying without...
07-09 17:45:20.084  1795  1824 D OpenGLRenderer: Swap behavior 0
07-09 17:45:20.088  1580  1580 I FusedLocation: engine started (com.android.location.fused)
07-09 17:45:20.090  1795  1824 D EGL_emulation: eglCreateContext: 0xb1885060: maj 2 min 0 rcv 2
07-09 17:45:20.101  1795  1824 D EGL_emulation: eglMakeCurrent: 0xb1885060: ver 2 0 (tinfo 0xb1883220)
07-09 17:45:20.107  1353  1722 I SoftMPEG4Encoder: Construct SoftMPEG4Encoder
07-09 17:45:20.108  1356  1356 W ACodec  : do not know color format 0x7f000789 = 2130708361
07-09 17:45:20.108  1353  1353 E OMXNodeInstance: getConfig(5490017:google.mpeg4.encoder, ConfigAndroidIntraRefresh(0x6f60000a)) ERROR: Undefined(0x80001001)
07-09 17:45:20.111  1356  1356 I MediaPlayerService: MediaPlayerService::getOMX
07-09 17:45:20.111  1356  1356 I OMXClient: MuxOMX ctor
07-09 17:45:20.112  1353  1353 I OMXMaster: makeComponentInstance(OMX.google.vp8.encoder) in mediacodec process
07-09 17:45:20.129  1580  1632 D NotificationSQLiteLog: Pruned event entries: 0
07-09 17:45:20.134  1795  1824 D EGL_emulation: eglMakeCurrent: 0xb1885060: ver 2 0 (tinfo 0xb1883220)
07-09 17:45:20.146  1356  1356 W ACodec  : do not know color format 0x7f000789 = 2130708361
07-09 17:45:20.146  1353  1367 E OMXNodeInstance: getConfig(5490018:google.vp8.encoder, ConfigAndroidIntraRefresh(0x6f60000a)) ERROR: Undefined(0x80001001)
07-09 17:45:20.147  1356  1356 I MediaPlayerService: MediaPlayerService::getOMX
07-09 17:45:20.147  1356  1356 I OMXClient: MuxOMX ctor
07-09 17:45:20.153  1356  1356 I MediaPlayerService: MediaPlayerService::getOMX
07-09 17:45:20.153  1356  1356 I OMXClient: MuxOMX ctor
07-09 17:45:20.153  1356  1356 W MediaCodecList: unable to open media codecs configuration xml file: /data/misc/media/media_codecs_profiling_results.xml
07-09 17:45:20.154  1356  1739 I MediaPlayerService: MediaPlayerService::getOMX
07-09 17:45:20.154  1650  1735 I OMXClient: MuxOMX ctor
07-09 17:45:20.154  1356  1723 I MediaPlayerService: MediaPlayerService::getOMX
07-09 17:45:20.154  1580  1710 I OMXClient: MuxOMX ctor
07-09 17:45:20.155  1353  1367 I OMXMaster: makeComponentInstance(OMX.google.vorbis.decoder) in mediacodec process
07-09 17:45:20.164  1580  1600 I ActivityManager: Displayed com.android.settings/.FallbackHome: +290ms
07-09 17:45:20.164  1580  1593 V KeyguardServiceDelegate: *** Keyguard started
07-09 17:45:20.164  1580  1593 W KeyguardServiceDelegate: onScreenTurningOn(): no keyguard service!
07-09 17:45:20.180  1353  1353 I OMXMaster: makeComponentInstance(OMX.google.vorbis.decoder) in mediacodec process
07-09 17:45:20.181  1779  1779 D PhoneSwitcherNetworkRequstListener: Registering NetworkFactory
07-09 17:45:20.181  1580  1627 D ConnectivityService: Got NetworkFactory Messenger for PhoneSwitcherNetworkRequstListener
07-09 17:45:20.184  1580  1627 D ConnectivityService: Got NetworkFactory Messenger for TelephonyNetworkFactory[0]
07-09 17:45:20.195  1779  1779 D CarrierConfigLoader: CarrierConfigLoader has started
07-09 17:45:20.196  1779  1779 E BluetoothAdapter: Bluetooth binder is null
07-09 17:45:20.201  1779  1855 E ActivityThread: Failed to find provider info for com.android.contacts
07-09 17:45:20.201  1779  1855 W CallerInfoCache: cursor is null
07-09 17:45:20.202  1356  1762 I MediaPlayerService: MediaPlayerService::getOMX
07-09 17:45:20.202  1580  1856 I OMXClient: MuxOMX ctor
07-09 17:45:20.203  1353  1722 I OMXMaster: makeComponentInstance(OMX.google.vorbis.decoder) in mediacodec process
07-09 17:45:20.213  1356  1762 I MediaPlayerService: MediaPlayerService::getOMX
07-09 17:45:20.213  1650  1859 I OMXClient: MuxOMX ctor
07-09 17:45:20.213  1353  1367 I OMXMaster: makeComponentInstance(OMX.google.vorbis.decoder) in mediacodec process
07-09 17:45:20.217  1779  1779 I Telephony: TtyManager: updateUiTtyMode -1 -> 0
07-09 17:45:20.227  1356  1762 I MediaPlayerService: MediaPlayerService::getOMX
07-09 17:45:20.227  1580  1862 I OMXClient: MuxOMX ctor
07-09 17:45:20.228  1353  1722 I OMXMaster: makeComponentInstance(OMX.google.vorbis.decoder) in mediacodec process
07-09 17:45:20.232  1580  1677 D AlarmManagerService: Kernel timezone updated to -330 minutes west of GMT
07-09 17:45:20.233  1580  1590 D AlarmManagerService: Setting time of day to sec=1499602521
07-09 17:45:21.249  1580  1590 W AlarmManagerService: Unable to set rtc to 1499602521: No such device
07-09 17:45:21.250  1580  1580 D ConditionProviders.SCP: onReceive android.intent.action.TIME_SET
07-09 17:45:21.255  1356  1762 I MediaPlayerService: MediaPlayerService::getOMX
07-09 17:45:21.255  1650  1870 I OMXClient: MuxOMX ctor
07-09 17:45:21.256  1353  1367 I OMXMaster: makeComponentInstance(OMX.google.vorbis.decoder) in mediacodec process
07-09 17:45:21.256  1865  1865 W art     : Unexpected CPU variant for X86 using defaults: x86
07-09 17:45:21.260  1580  1593 I ActivityManager: Start proc 1865:com.android.deskclock/u0a41 for broadcast com.android.deskclock/.AlarmInitReceiver
07-09 17:45:21.260  1580  1580 D ConditionProviders.SCP: notifyCondition condition://android/schedule?days=6.7&start=23.30&end=10.0&exitAtAlarm=false STATE_FALSE reason=!meetsSchedule
07-09 17:45:21.260  1580  1580 D ConditionProviders.SCP: notifyCondition condition://android/schedule?days=1.2.3.4.5&start=22.0&end=7.0&exitAtAlarm=false STATE_FALSE reason=!meetsSchedule
07-09 17:45:21.262  1580  1580 D ConditionProviders.SCP: Scheduling evaluate for Sun Jul 09 22:00:00 GMT+05:30 2017 (1499617800000), in +4h14m38s750ms, now=Sun Jul 09 17:45:21 GMT+05:30 2017 (1499602521250)
07-09 17:45:21.262  1580  1633 E ActivityThread: Failed to find provider info for com.android.calendar
07-09 17:45:21.262  1580  1633 E ActivityThread: Failed to find provider info for com.android.calendar
07-09 17:45:21.269  1356  1723 I MediaPlayerService: MediaPlayerService::getOMX
07-09 17:45:21.269  1580  1881 I OMXClient: MuxOMX ctor
07-09 17:45:21.269  1353  1367 I OMXMaster: makeComponentInstance(OMX.google.vorbis.decoder) in mediacodec process
07-09 17:45:21.280  1779  1779 D PhoneSwitcherNetworkRequstListener: got request NetworkRequest [ id=1, legacyType=-1, [ Capabilities: INTERNET&NOT_RESTRICTED&TRUSTED&NOT_VPN] ] with score 0
07-09 17:45:21.280  1779  1779 D TelephonyDebugService: TelephonyDebugService()
07-09 17:45:21.280  1779  1779 D CarrierConfigLoader: mHandler: 12 phoneId: 0
07-09 17:45:21.291  1580  1580 I GnssLocationProvider: WakeLock acquired by sendMessage(12, 0, null)
07-09 17:45:21.292  1580  1592 I GnssLocationProvider: WakeLock released by handleMessage(12, 0, null)
07-09 17:45:21.292  1779  1779 D MccTable: updateMccMncConfiguration mccmnc='310260' fromServiceState=true
07-09 17:45:21.292  1779  1779 D MccTable: updateMccMncConfiguration defaultMccMnc=
07-09 17:45:21.292  1779  1779 D MccTable: updateMccMncConfiguration: mcc=310, mnc=260
07-09 17:45:21.292  1779  1779 D MccTable: WIFI_COUNTRY_CODE set to us
07-09 17:45:21.293  1580  1590 I WifiService: WifiService trying to set country code to us with persist set to true
07-09 17:45:21.305  1779  1779 E PhoneInterfaceManager: [PhoneIntfMgr] getIccId: No UICC
07-09 17:45:21.308  1356  1739 I MediaPlayerService: MediaPlayerService::getOMX
07-09 17:45:21.308  1580  1889 I OMXClient: MuxOMX ctor
07-09 17:45:21.308  1353  1367 I OMXMaster: makeComponentInstance(OMX.google.vorbis.decoder) in mediacodec process
07-09 17:45:21.309  1580  1810 I Telecom : PhoneAccountRegistrar: New phone account registered: [[ ] PhoneAccount: ComponentInfo{com.android.phone/com.android.services.telephony.TelephonyConnectionService}, [e0184adedf913b076626646d3f52c3b49c39ad6d], UserHandle{0} Capabilities: CallProvider MultiUser PlaceEmerg SimSub  Schemes: tel voicemail  Extras: null]: TSI.rPA@AAM
07-09 17:45:21.310  1580  1810 I Telecom : : Sending phone-account registered intent as user: TSI.rPA@AAM
07-09 17:45:21.310  1779  1779 I Telephony: AccountEntry: Registered phoneAccount: [[ ] PhoneAccount: ComponentInfo{com.android.phone/com.android.services.telephony.TelephonyConnectionService}, [e0184adedf913b076626646d3f52c3b49c39ad6d], UserHandle{0} Capabilities: CallProvider MultiUser PlaceEmerg SimSub  Schemes: tel voicemail  Extras: null] with handle: ComponentInfo{com.android.phone/com.android.services.telephony.TelephonyConnectionService}, [e0184adedf913b076626646d3f52c3b49c39ad6d], UserHandle{0}
07-09 17:45:21.312  1779  1779 I Telephony: PstnIncomingCallNotifier: Registering: Handler (com.android.internal.telephony.GsmCdmaPhone) {ec10a57}
07-09 17:45:21.313  1779  1779 I Telephony: TelecomAccountRegistry: Unregistering phone account ComponentInfo{com.android.phone/com.android.services.telephony.TelephonyConnectionService}, [e2f7d48dd2b5ca523e7313cf4ba0f6ea830b6281], UserHandle{0}.
07-09 17:45:21.314  1580  1591 I Telecom : : Sending phone-account unregistered intent as user: TSI.uPA@AAU
07-09 17:45:21.344  1865  1865 W System  : ClassLoader referenced unknown path: /system/app/DeskClock/lib/x86
07-09 17:45:21.352  1779  1779 D MccTable: updateMccMncConfiguration mccmnc='310260' fromServiceState=false
07-09 17:45:21.353  1779  1779 D MccTable: updateMccMncConfiguration defaultMccMnc=
07-09 17:45:21.353  1779  1779 D MccTable: updateMccMncConfiguration: mcc=310, mnc=260
07-09 17:45:21.353  1779  1779 D MccTable: updateMccMncConfiguration updateConfig config={1.0 310mcc260mnc ?localeList ?layoutDir ?swdp ?wdp ?hdp ?density ?lsize ?long ?orien ?uimode ?night ?touch ?keyb/?/? ?nav/?}
07-09 17:45:21.353  1580  1772 I ActivityManager: Config changes=3 {1.0 310mcc260mnc [en_US] ldltr sw411dp w411dp h659dp 420dpi nrml port finger qwerty/v/v dpad/v s.6}
07-09 17:45:21.355  1795  1824 D EGL_emulation: eglMakeCurrent: 0xb1885060: ver 2 0 (tinfo 0xb1883220)
07-09 17:45:21.358  1356  1356 I MediaPlayerService: MediaPlayerService::getOMX
07-09 17:45:21.358  1580  1892 I OMXClient: MuxOMX ctor
07-09 17:45:21.358  1353  1852 I OMXMaster: makeComponentInstance(OMX.google.vorbis.decoder) in mediacodec process
07-09 17:45:21.371  1779  1779 I Telephony: PstnIncomingCallNotifier: Unregistering: Handler (com.android.internal.telephony.GsmCdmaPhone) {ec10a57}
07-09 17:45:21.372  1779  1779 E PhoneInterfaceManager: [PhoneIntfMgr] getIccId: No UICC
07-09 17:45:21.372  1580  1580 I GnssLocationProvider: WakeLock acquired by sendMessage(12, 0, null)
07-09 17:45:21.375  1580  1810 I WindowManager: Destroying surface Surface(name=com.android.settings/com.android.settings.FallbackHome) called by com.android.server.wm.WindowStateAnimator.destroySurface:2014 com.android.server.wm.WindowStateAnimator.destroySurfaceLocked:881 com.android.server.wm.WindowState.removeLocked:1449 com.android.server.wm.WindowManagerService.removeWindowInnerLocked:2478 com.android.server.wm.WindowManagerService.removeWindowLocked:2436 com.android.server.wm.WindowManagerService.removeWindowLocked:2305 com.android.server.wm.WindowManagerService.removeWindow:2300 com.android.server.wm.Session.remove:193 
07-09 17:45:21.380  1580  1592 I GnssLocationProvider: WakeLock released by handleMessage(12, 0, null)
07-09 17:45:21.392  1580  1677 I Telecom : PhoneAccountRegistrar: [ComponentInfo{com.android.phone/com.android.services.telephony.TelephonyConnectionService}, [e0184adedf913b076626646d3f52c3b49c39ad6d], UserHandle{0}(addr: tel:*********** -> tel:)(icon: Icon(typ=BITMAP size=50x63) -> Icon(typ=BITMAP size=50x63))(subAddr: tel:*********** -> tel:)]: TSI.rPA@AAg
07-09 17:45:21.395  1580  1677 I Telecom : : Sending phone-account registered intent as user: TSI.rPA@AAg
07-09 17:45:21.395  1779  1779 I Telephony: AccountEntry: Registered phoneAccount: [[ ] PhoneAccount: ComponentInfo{com.android.phone/com.android.services.telephony.TelephonyConnectionService}, [e0184adedf913b076626646d3f52c3b49c39ad6d], UserHandle{0} Capabilities: CallProvider MultiUser PlaceEmerg SimSub  Schemes: tel voicemail  Extras: null] with handle: ComponentInfo{com.android.phone/com.android.services.telephony.TelephonyConnectionService}, [e0184adedf913b076626646d3f52c3b49c39ad6d], UserHandle{0}
07-09 17:45:21.395  1779  1779 I Telephony: PstnIncomingCallNotifier: Registering: Handler (com.android.internal.telephony.GsmCdmaPhone) {ec10a57}
07-09 17:45:21.400  1580  1580 I GnssLocationProvider: WakeLock acquired by sendMessage(12, 0, null)
07-09 17:45:21.401  1580  1592 I GnssLocationProvider: WakeLock released by handleMessage(12, 0, null)
07-09 17:45:21.403  1779  1779 I Telephony: PstnIncomingCallNotifier: Unregistering: Handler (com.android.internal.telephony.GsmCdmaPhone) {ec10a57}
07-09 17:45:21.403  1779  1779 E PhoneInterfaceManager: [PhoneIntfMgr] getIccId: No UICC
07-09 17:45:21.405  1580  1591 I Telecom : PhoneAccountRegistrar: [ComponentInfo{com.android.phone/com.android.services.telephony.TelephonyConnectionService}, [e0184adedf913b076626646d3f52c3b49c39ad6d], UserHandle{0}(icon: Icon(typ=BITMAP size=50x63) -> Icon(typ=BITMAP size=50x63))]: TSI.rPA@AAw
07-09 17:45:21.406  1580  1591 I Telecom : : Sending phone-account registered intent as user: TSI.rPA@AAw
07-09 17:45:21.406  1779  1779 I Telephony: AccountEntry: Registered phoneAccount: [[ ] PhoneAccount: ComponentInfo{com.android.phone/com.android.services.telephony.TelephonyConnectionService}, [e0184adedf913b076626646d3f52c3b49c39ad6d], UserHandle{0} Capabilities: CallProvider MultiUser PlaceEmerg SimSub  Schemes: tel voicemail  Extras: null] with handle: ComponentInfo{com.android.phone/com.android.services.telephony.TelephonyConnectionService}, [e0184adedf913b076626646d3f52c3b49c39ad6d], UserHandle{0}
07-09 17:45:21.406  1779  1779 I Telephony: PstnIncomingCallNotifier: Registering: Handler (com.android.internal.telephony.GsmCdmaPhone) {ec10a57}
07-09 17:45:21.418  1779  1779 D MccTable: updateMccMncConfiguration mccmnc='310260' fromServiceState=false
07-09 17:45:21.418  1779  1779 D MccTable: updateMccMncConfiguration defaultMccMnc=310260
07-09 17:45:21.418  1779  1779 D MccTable: updateMccMncConfiguration: mcc=310, mnc=260
07-09 17:45:21.418  1779  1779 D MccTable: updateMccMncConfiguration updateConfig config={1.0 310mcc260mnc ?localeList ?layoutDir ?swdp ?wdp ?hdp ?density ?lsize ?long ?orien ?uimode ?night ?touch ?keyb/?/? ?nav/?}
07-09 17:45:21.428  1304  1311 I SurfaceFlinger: Boot is finished (4525 ms)
07-09 17:45:21.432  1580  1580 I GnssLocationProvider: WakeLock acquired by sendMessage(12, 0, null)
07-09 17:45:21.433  1795  1824 D EGL_emulation: eglMakeCurrent: 0xb1885060: ver 2 0 (tinfo 0xb1883220)
07-09 17:45:21.434  1580  1592 W GnssLocationProvider: Could not open GPS configuration file /etc/gps.conf
07-09 17:45:21.435  1580  1592 E GnssLocationProvider: no AGPS interface in set_agps_server
07-09 17:45:21.435  1580  1592 I GnssLocationProvider: WakeLock released by handleMessage(12, 0, null)
07-09 17:45:21.446  1580  1677 I StatusBarManagerService: registerStatusBar bar=com.android.internal.statusbar.IStatusBar$Stub$Proxy@7a03a99
07-09 17:45:21.500  1897  1897 I bootstat: Service started: /system/bin/bootstat --record_boot_complete 
07-09 17:45:21.506  1897  1897 I bootstat: Logging histogram: bootstat_mtime_matches_content 1
07-09 17:45:21.506  1897  1897 I bootstat: Logging histogram: bootstat_mtime_matches_content 1
07-09 17:45:21.509  1580  1580 I GnssLocationProvider: WakeLock acquired by sendMessage(12, 0, null)
07-09 17:45:21.510  1580  1592 W GnssLocationProvider: Could not open GPS configuration file /etc/gps.conf
07-09 17:45:21.510  1580  1592 E GnssLocationProvider: no AGPS interface in set_agps_server
07-09 17:45:21.510  1580  1592 I GnssLocationProvider: WakeLock released by handleMessage(12, 0, null)
07-09 17:45:21.510  1779  1779 D MccTable: updateMccMncConfiguration mccmnc='310260' fromServiceState=false
07-09 17:45:21.510  1779  1779 D MccTable: updateMccMncConfiguration defaultMccMnc=310260
07-09 17:45:21.510  1779  1779 D MccTable: updateMccMncConfiguration: mcc=310, mnc=260
07-09 17:45:21.510  1779  1779 D MccTable: updateMccMncConfiguration updateConfig config={1.0 310mcc260mnc ?localeList ?layoutDir ?swdp ?wdp ?hdp ?density ?lsize ?long ?orien ?uimode ?night ?touch ?keyb/?/? ?nav/?}
07-09 17:45:21.512  1580  1600 I SystemServiceManager: Starting phase 1000
07-09 17:45:21.521  1901  1901 W art     : Unexpected CPU variant for X86 using defaults: x86
07-09 17:45:21.524  1580  1600 I ActivityManager: Start proc 1901:com.google.android.ext.services/u0a14 for on-hold
07-09 17:45:21.525  1580  1600 D ActivityManager: Finishing user boot 0
07-09 17:45:21.525  1580  1600 D CryptdConnector: SND -> {3 cryptfs prepare_user_storage ! 0 0 2}
07-09 17:45:21.525  1259  1294 D vold    : e4crypt_prepare_user_storage for volume null, user 0, serial 0, flags 2
07-09 17:45:21.525  1259  1294 D vold    : Preparing: /data/system_ce/0
07-09 17:45:21.525  1259  1294 D vold    : Preparing: /data/misc_ce/0
07-09 17:45:21.525  1259  1294 D vold    : Preparing: /data/media/0
07-09 17:45:21.525  1259  1294 D vold    : Preparing: /data/data
07-09 17:45:21.526  1580  1616 D CryptdConnector: RCV <- {200 3 Command succeeded}
07-09 17:45:21.526  1580  1600 V UserManagerService: Found /data/user/0 with serial number 0
07-09 17:45:21.526  1580  1600 V UserManagerService: Found /data/system_ce/0 with serial number 0
07-09 17:45:21.526  1580  1600 V PackageManager: reconcileAppsData for null u0 0x2
07-09 17:45:21.539  1899  1899 I bootstat: Service started: /system/bin/bootstat --record_boot_reason 
07-09 17:45:21.539  1899  1899 I bootstat: Unknown boot reason: 
07-09 17:45:21.558  1915  1915 I bootstat: Service started: /system/bin/bootstat --record_time_since_factory_reset 
07-09 17:45:21.558  1915  1915 I bootstat: Logging histogram: factory_reset_current_time 1499602521
07-09 17:45:21.558  1915  1915 I bootstat: Logging histogram: bootstat_mtime_matches_content 1
07-09 17:45:21.558  1915  1915 I bootstat: Logging histogram: factory_reset_record_value 1499233418
07-09 17:45:21.572  1917  1917 I bootstat: Service started: /system/bin/bootstat -l 
07-09 17:45:21.572  1917  1917 I bootstat: Logging histogram: bootstat_mtime_matches_content 1
07-09 17:45:21.575  1917  1917 I bootstat: Logging histogram: bootstat_mtime_matches_content 1
07-09 17:45:21.575  1917  1917 I bootstat: Logging histogram: bootstat_mtime_matches_content 1
07-09 17:45:21.576  1580  1600 V PackageManager: reconcileAppsData finished 96 packages; restoreconNeeded was false
07-09 17:45:21.583  1580  1580 I GnssLocationProvider: WakeLock acquired by sendMessage(12, 0, null)
07-09 17:45:21.588  1580  1592 W GnssLocationProvider: Could not open GPS configuration file /etc/gps.conf
07-09 17:45:21.588  1580  1592 E GnssLocationProvider: no AGPS interface in set_agps_server
07-09 17:45:21.588  1580  1592 I GnssLocationProvider: WakeLock released by handleMessage(12, 0, null)
07-09 17:45:21.595  1917  1917 I bootstat: Logging histogram: bootstat_mtime_matches_content 1
07-09 17:45:21.599  1901  1901 W System  : ClassLoader referenced unknown path: /system/priv-app/GoogleExtServices/lib/x86
07-09 17:45:21.605  1917  1917 I bootstat: Logging histogram: bootstat_mtime_matches_content 1
07-09 17:45:21.605  1917  1917 I bootstat: Logging histogram: bootstat_mtime_matches_content 1
07-09 17:45:21.606  1917  1917 I bootstat: Logging histogram: bootstat_mtime_matches_content 1
07-09 17:45:21.606  1917  1917 I bootstat: Logging histogram: bootstat_mtime_matches_content 1
07-09 17:45:21.606  1917  1917 I bootstat: Logging histogram: bootstat_mtime_matches_content 1
07-09 17:45:21.609  1917  1917 I bootstat: Logging histogram: bootstat_mtime_matches_content 1
07-09 17:45:21.609  1917  1917 I bootstat: Logging histogram: bootstat_mtime_matches_content 1
07-09 17:45:21.609  1917  1917 I bootstat: Logging histogram: bootstat_mtime_matches_content 1
07-09 17:45:21.609  1917  1917 I bootstat: Logging histogram: post_decrypt_time_elapsed 2
07-09 17:45:21.609  1917  1917 I bootstat: Logging histogram: build_date 1494963929
07-09 17:45:21.609  1917  1917 I bootstat: Logging histogram: boot_decryption_complete 6
07-09 17:45:21.609  1917  1917 I bootstat: Logging histogram: ota_boot_complete_post_decrypt 12
07-09 17:45:21.609  1917  1917 I bootstat: Logging histogram: ota_boot_complete 19
07-09 17:45:21.609  1917  1917 I bootstat: Logging histogram: boot_reason 1
07-09 17:45:21.609  1917  1917 I bootstat: Logging histogram: factory_reset_current_time 1499602521
07-09 17:45:21.609  1917  1917 I bootstat: Logging histogram: factory_reset 1499233418
07-09 17:45:21.609  1917  1917 I bootstat: Logging histogram: boot_complete_post_decrypt 4
07-09 17:45:21.609  1917  1917 I bootstat: Logging histogram: boot_complete 6
07-09 17:45:21.609  1917  1917 I bootstat: Logging histogram: factory_reset_record_value 1499233418
07-09 17:45:21.609  1917  1917 I bootstat: Logging histogram: time_since_factory_reset 369103
07-09 17:45:21.614  1779  1779 D CarrierConfigLoader: update config for phoneId: 0 simState: LOADED
07-09 17:45:21.614  1779  1779 D CarrierSvcBindHelper: update binding for phoneId: 0 simState: LOADED
07-09 17:45:21.614  1779  1779 I Telephony: PstnIncomingCallNotifier: Unregistering: Handler (com.android.internal.telephony.GsmCdmaPhone) {ec10a57}
07-09 17:45:21.620  1580  1590 I Telecom : PhoneAccountRegistrar: New phone account registered: [[ ] PhoneAccount: ComponentInfo{com.android.phone/com.android.services.telephony.TelephonyConnectionService}, [e2f7d48dd2b5ca523e7313cf4ba0f6ea830b6281], UserHandle{0} Capabilities: CallProvider MultiUser PlaceEmerg SimSub  Schemes: tel voicemail  Extras: null]: TSI.rPA@ABA
07-09 17:45:21.623  1580  1593 D MountService: onUnlockUser 0
07-09 17:45:21.623  1580  1593 D VoldConnector: SND -> {7 volume user_started 0}
07-09 17:45:21.624  1259  1293 D vold    : Linking /storage/emulated/0 to /mnt/user/0/primary
07-09 17:45:21.624  1580  1615 D VoldConnector: RCV <- {200 7 Command succeeded}
07-09 17:45:21.625  1580  1590 I Telecom : : Sending phone-account registered intent as user: TSI.rPA@ABA
07-09 17:45:21.626  1779  1779 I Telephony: AccountEntry: Registered phoneAccount: [[ ] PhoneAccount: ComponentInfo{com.android.phone/com.android.services.telephony.TelephonyConnectionService}, [e2f7d48dd2b5ca523e7313cf4ba0f6ea830b6281], UserHandle{0} Capabilities: CallProvider MultiUser PlaceEmerg SimSub  Schemes: tel voicemail  Extras: null] with handle: ComponentInfo{com.android.phone/com.android.services.telephony.TelephonyConnectionService}, [e2f7d48dd2b5ca523e7313cf4ba0f6ea830b6281], UserHandle{0}
07-09 17:45:21.626  1779  1779 I Telephony: PstnIncomingCallNotifier: Registering: Handler (com.android.internal.telephony.GsmCdmaPhone) {ec10a57}
07-09 17:45:21.627  1779  1779 I Telephony: TelecomAccountRegistry: Unregistering phone account ComponentInfo{com.android.phone/com.android.services.telephony.TelephonyConnectionService}, [e0184adedf913b076626646d3f52c3b49c39ad6d], UserHandle{0}.
07-09 17:45:21.628  1580  1772 I Telecom : : Sending phone-account unregistered intent as user: TSI.uPA@ABI
07-09 17:45:21.630  1580  1614 D MountService: Volume public:253,64 broadcasting mounted to UserHandle{0}
07-09 17:45:21.631  1779  1779 D TelephonyProvider: subIdString = 1 subId = 1
07-09 17:45:21.631  1580  1614 D MountService: Volume emulated broadcasting mounted to UserHandle{0}
07-09 17:45:21.654  1580  1593 V BackupManagerService: No ancestral data
07-09 17:45:21.661  1865  1865 I AlarmClock: AlarmInitReceiver android.intent.action.TIME_SET
07-09 17:45:21.662  1643  1643 I InputAttributes: InputType.TYPE_NULL is specified
07-09 17:45:21.669  1580  1593 V KeyValueBackupJob: Scheduling k/v pass in 241 minutes
07-09 17:45:21.670  1580  1580 I GnssLocationProvider: WakeLock acquired by sendMessage(12, 0, null)
07-09 17:45:21.670  1580  1592 W GnssLocationProvider: Could not open GPS configuration file /etc/gps.conf
07-09 17:45:21.670  1580  1592 E GnssLocationProvider: no AGPS interface in set_agps_server
07-09 17:45:21.671  1580  1592 I GnssLocationProvider: WakeLock released by handleMessage(12, 0, null)
07-09 17:45:21.674  1580  1580 I GnssLocationProvider: WakeLock acquired by sendMessage(12, 0, null)
07-09 17:45:21.675  1580  1592 W GnssLocationProvider: Could not open GPS configuration file /etc/gps.conf
07-09 17:45:21.675  1580  1592 E GnssLocationProvider: no AGPS interface in set_agps_server
07-09 17:45:21.675  1580  1592 I GnssLocationProvider: WakeLock released by handleMessage(12, 0, null)
07-09 17:45:21.684  1779  1779 D TelephonyProvider: subIdString = 1 subId = 1
07-09 17:45:21.688  1580  1593 V BackupManagerService: Starting with transport com.google.android.gms/.backup.BackupTransportService
07-09 17:45:21.688  1580  1593 V BackupManagerService: Found transports: 2
07-09 17:45:21.689  1580  1580 V BackupManagerService: Connected to transport ComponentInfo{android/com.android.internal.backup.LocalTransportService}
07-09 17:45:21.689  1580  1580 V BackupManagerService: Registering transport android/com.android.internal.backup.LocalTransportService::android/com.android.internal.backup.LocalTransport = android.app.backup.BackupTransport$TransportImpl@52ac4a0
07-09 17:45:21.693  1929  1929 I chatty  : uid=10013 com.google.android.gms.persistent expire 9 lines
07-09 17:45:21.700  1580  1593 I ActivityManager: Start proc 1929:com.google.android.gms.persistent/u0a13 for service com.google.android.gms/.backup.BackupTransportService
07-09 17:45:21.701  1580  1593 I BackupManagerService: Found stale backup journal, scheduling
07-09 17:45:21.704  1650  1650 W System  : ClassLoader referenced unknown path: 
07-09 17:45:21.709  1779  1779 I Telephony: PstnIncomingCallNotifier: Unregistering: Handler (com.android.internal.telephony.GsmCdmaPhone) {ec10a57}
07-09 17:45:21.713  1580  1810 I Telecom : PhoneAccountRegistrar: [ComponentInfo{com.android.phone/com.android.services.telephony.TelephonyConnectionService}, [e2f7d48dd2b5ca523e7313cf4ba0f6ea830b6281], UserHandle{0}(icon: Icon(typ=BITMAP size=50x63) -> Icon(typ=BITMAP size=50x63))]: TSI.rPA@ABQ
07-09 17:45:21.713  1580  1810 I Telecom : : Sending phone-account registered intent as user: TSI.rPA@ABQ
07-09 17:45:21.714  1779  1779 I Telephony: AccountEntry: Registered phoneAccount: [[ ] PhoneAccount: ComponentInfo{com.android.phone/com.android.services.telephony.TelephonyConnectionService}, [e2f7d48dd2b5ca523e7313cf4ba0f6ea830b6281], UserHandle{0} Capabilities: CallProvider MultiUser PlaceEmerg SimSub  Schemes: tel voicemail  Extras: null] with handle: ComponentInfo{com.android.phone/com.android.services.telephony.TelephonyConnectionService}, [e2f7d48dd2b5ca523e7313cf4ba0f6ea830b6281], UserHandle{0}
07-09 17:45:21.714  1779  1779 I Telephony: PstnIncomingCallNotifier: Registering: Handler (com.android.internal.telephony.GsmCdmaPhone) {ec10a57}
07-09 17:45:21.725  1779  1779 I Telephony: PstnIncomingCallNotifier: Unregistering: Handler (com.android.internal.telephony.GsmCdmaPhone) {ec10a57}
07-09 17:45:21.731  1580  1772 I Telecom : PhoneAccountRegistrar: [ComponentInfo{com.android.phone/com.android.services.telephony.TelephonyConnectionService}, [e2f7d48dd2b5ca523e7313cf4ba0f6ea830b6281], UserHandle{0}(icon: Icon(typ=BITMAP size=50x63) -> Icon(typ=BITMAP size=50x63))]: TSI.rPA@ABc
07-09 17:45:21.731  1580  1772 I Telecom : : Sending phone-account registered intent as user: TSI.rPA@ABc
07-09 17:45:21.732  1779  1779 I Telephony: AccountEntry: Registered phoneAccount: [[ ] PhoneAccount: ComponentInfo{com.android.phone/com.android.services.telephony.TelephonyConnectionService}, [e2f7d48dd2b5ca523e7313cf4ba0f6ea830b6281], UserHandle{0} Capabilities: CallProvider MultiUser PlaceEmerg SimSub  Schemes: tel voicemail  Extras: null] with handle: ComponentInfo{com.android.phone/com.android.services.telephony.TelephonyConnectionService}, [e2f7d48dd2b5ca523e7313cf4ba0f6ea830b6281], UserHandle{0}
07-09 17:45:21.732  1779  1779 I Telephony: PstnIncomingCallNotifier: Registering: Handler (com.android.internal.telephony.GsmCdmaPhone) {ec10a57}
07-09 17:45:21.735  1580  1593 I BackupManagerService: Backup enabled => false
07-09 17:45:21.741  1779  1779 I Telephony: PstnIncomingCallNotifier: Unregistering: Handler (com.android.internal.telephony.GsmCdmaPhone) {ec10a57}
07-09 17:45:21.748  1945  1945 I chatty  : uid=10013(com.google.android.gms) com.google.process.gapps expire 4 lines
07-09 17:45:21.749  1580  1810 I ActivityManager: Start proc 1945:com.google.process.gapps/u0a13 for content provider com.google.android.gsf/.gservices.GservicesProvider
07-09 17:45:21.751  1580  1677 I Telecom : PhoneAccountRegistrar: [ComponentInfo{com.android.phone/com.android.services.telephony.TelephonyConnectionService}, [e2f7d48dd2b5ca523e7313cf4ba0f6ea830b6281], UserHandle{0}(icon: Icon(typ=BITMAP size=50x63) -> Icon(typ=BITMAP size=50x63))]: TSI.rPA@ABo
07-09 17:45:21.752  1580  1677 I Telecom : : Sending phone-account registered intent as user: TSI.rPA@ABo
07-09 17:45:21.755  1953  1953 W art     : Unexpected CPU variant for X86 using defaults: x86
07-09 17:45:21.762  1580  1593 I ActivityManager: Start proc 1953:com.google.android.googlequicksearchbox:interactor/u0a28 for service com.google.android.googlequicksearchbox/com.google.android.voiceinteraction.GsaVoiceInteractionService
07-09 17:45:21.762  1779  1779 I Telephony: AccountEntry: Registered phoneAccount: [[ ] PhoneAccount: ComponentInfo{com.android.phone/com.android.services.telephony.TelephonyConnectionService}, [e2f7d48dd2b5ca523e7313cf4ba0f6ea830b6281], UserHandle{0} Capabilities: CallProvider MultiUser PlaceEmerg SimSub  Schemes: tel voicemail  Extras: null] with handle: ComponentInfo{com.android.phone/com.android.services.telephony.TelephonyConnectionService}, [e2f7d48dd2b5ca523e7313cf4ba0f6ea830b6281], UserHandle{0}
07-09 17:45:21.762  1779  1779 I Telephony: PstnIncomingCallNotifier: Registering: Handler (com.android.internal.telephony.GsmCdmaPhone) {ec10a57}
07-09 17:45:21.764  1580  1593 I ActivityManager: Loading recents for user 0 into memory.
07-09 17:45:21.791  1975  1975 W art     : Unexpected CPU variant for X86 using defaults: x86
07-09 17:45:21.799  1580  1592 I ActivityManager: Start proc 1975:com.android.printspooler/u0a67 for service com.android.printspooler/.model.PrintSpoolerService
07-09 17:45:21.800  1580  1593 D ActivityManager: Sending BOOT_COMPLETE user #0
07-09 17:45:21.810  1580  1580 I AccountManagerService: User 0 is unlocked - opening CE database
07-09 17:45:21.817  1990  1990 W art     : Unexpected CPU variant for X86 using defaults: x86
07-09 17:45:21.825  1580  1988 I ActivityManager: Start proc 1990:com.android.cellbroadcastreceiver/u0a4 for broadcast com.android.cellbroadcastreceiver/.CellBroadcastReceiver
07-09 17:45:21.827  1795  1795 D FallbackHome: User unlocked and real home found; let's go!
07-09 17:45:21.831  1580  1677 I ActivityManager: START u0 {act=android.intent.action.MAIN cat=[android.intent.category.HOME] flg=0x10000100 cmp=com.android.launcher3/.Launcher} from uid 0 on display 0
07-09 17:45:21.831  1779  1779 D CarrierConfigLoader: mHandler: 7 phoneId: 0
07-09 17:45:21.832  1779  1779 D CarrierConfigLoader: Loaded config from XML. package=com.android.carrierconfig phoneId=0
07-09 17:45:21.832  1779  1779 D CarrierSvcBindHelper: mHandler: 0
07-09 17:45:21.832  1779  1779 D CarrierSvcBindHelper: Rebinding if necessary for phoneId: 0
07-09 17:45:21.838  1779  1779 D CarrierSvcBindHelper: No carrier app for: 0
07-09 17:45:21.839  1650  1650 E BluetoothAdapter: Bluetooth binder is null
07-09 17:45:21.841  1580  1973 I Telecom : PhoneAccountRegistrar: [ComponentInfo{com.android.phone/com.android.services.telephony.TelephonyConnectionService}, [e2f7d48dd2b5ca523e7313cf4ba0f6ea830b6281], UserHandle{0}(icon: Icon(typ=BITMAP size=50x63) -> Icon(typ=BITMAP size=50x63))]: TSI.rPA@AB4
07-09 17:45:21.841  1580  1677 I ActivityManager: Start proc 2006:com.android.launcher3/u0a19 for activity com.android.launcher3/.Launcher
07-09 17:45:21.843  1580  1973 I Telecom : : Sending phone-account registered intent as user: TSI.rPA@AB4
07-09 17:45:21.843  1580  1589 I art     : Background sticky concurrent mark sweep GC freed 50219(2MB) AllocSpace objects, 25(468KB) LOS objects, 22% free, 11MB/14MB, paused 5.991ms total 31.780ms
07-09 17:45:21.847  2006  2006 W art     : Unexpected CPU variant for X86 using defaults: x86
07-09 17:45:21.850  1580  1592 W GnssLocationProvider: Could not open GPS configuration file /etc/gps.conf
07-09 17:45:21.850  1580  1592 E GnssLocationProvider: no AGPS interface in set_agps_server
07-09 17:45:21.851  1795  1824 D EGL_emulation: eglMakeCurrent: 0xb1885060: ver 2 0 (tinfo 0xb1883220)
07-09 17:45:21.854  1580  1591 I ActivityManager: Start proc 2013:com.google.android.googlequicksearchbox:search/u0a28 for service com.google.android.googlequicksearchbox/com.google.android.hotword.service.HotwordService
07-09 17:45:21.854  1580  1677 I WindowManager: Destroying surface Surface(name=com.android.settings/com.android.settings.FallbackHome) called by com.android.server.wm.WindowStateAnimator.destroySurface:2014 com.android.server.wm.WindowStateAnimator.destroySurfaceLocked:881 com.android.server.wm.WindowState.destroyOrSaveSurface:2073 com.android.server.wm.WindowManagerService.tryStartExitingAnimation:3017 com.android.server.wm.WindowManagerService.relayoutWindow:2897 com.android.server.wm.Session.relayout:215 android.view.IWindowSession$Stub.onTransact:286 com.android.server.wm.Session.onTransact:136 
07-09 17:45:21.861  1650  1650 I CameraManagerGlobal: Connecting to camera service
07-09 17:45:21.863  1349  1349 V EmulatedCamera_Camera: getCameraInfo
07-09 17:45:21.863  1349  1349 V EmulatedCamera_BaseCamera: getCameraInfo
07-09 17:45:21.863  1349  1349 I CameraService: getCameraCharacteristics: Switching to HAL1 shim implementation...
07-09 17:45:21.863  1349  1349 V EmulatedCamera_Camera: getCameraInfo
07-09 17:45:21.863  1349  1349 V EmulatedCamera_BaseCamera: getCameraInfo
07-09 17:45:21.863  1349  1349 I CameraService: CameraService::connect call (PID -1 "cameraserver", camera ID 0) for HAL version default and Camera API version 1
07-09 17:45:21.864  1349  1349 E CameraService: getCameraPriorityFromProcState: Received invalid process state -1 from ActivityManagerService!
07-09 17:45:21.864  1349  1349 V EmulatedCamera_Camera: getCameraInfo
07-09 17:45:21.864  1349  1349 V EmulatedCamera_BaseCamera: getCameraInfo
07-09 17:45:21.868  1580  1580 I FusedLocation: engine stopped (com.android.location.fused)
07-09 17:45:21.874  1356  2026 E WVMExtractor: Failed to open libwvm.so: dlopen failed: library "libwvm.so" not found
07-09 17:45:21.876  1779  1779 I Telephony: PstnIncomingCallNotifier: Unregistering: Handler (com.android.internal.telephony.GsmCdmaPhone) {ec10a57}
07-09 17:45:21.881  2013  2013 W art     : Unexpected CPU variant for X86 using defaults: x86
07-09 17:45:21.881  1356  2020 D NuPlayerDriver: notifyListener_l(0xb2492180), (1, 0, 0), loop setting(0, 0)
07-09 17:45:21.886  1580  1591 I Telecom : PhoneAccountRegistrar: [ComponentInfo{com.android.phone/com.android.services.telephony.TelephonyConnectionService}, [e2f7d48dd2b5ca523e7313cf4ba0f6ea830b6281], UserHandle{0}(icon: Icon(typ=BITMAP size=50x63) -> Icon(typ=BITMAP size=50x63))]: TSI.rPA@AB8
07-09 17:45:21.887  1580  1591 I Telecom : : Sending phone-account registered intent as user: TSI.rPA@AB8
07-09 17:45:21.888  1779  1779 I Telephony: AccountEntry: Registered phoneAccount: [[ ] PhoneAccount: ComponentInfo{com.android.phone/com.android.services.telephony.TelephonyConnectionService}, [e2f7d48dd2b5ca523e7313cf4ba0f6ea830b6281], UserHandle{0} Capabilities: CallProvider MultiUser PlaceEmerg SimSub  Schemes: tel voicemail  Extras: null] with handle: ComponentInfo{com.android.phone/com.android.services.telephony.TelephonyConnectionService}, [e2f7d48dd2b5ca523e7313cf4ba0f6ea830b6281], UserHandle{0}
07-09 17:45:21.888  1779  1779 I Telephony: PstnIncomingCallNotifier: Registering: Handler (com.android.internal.telephony.GsmCdmaPhone) {ec10a57}
07-09 17:45:21.888  2006  2006 W System  : ClassLoader referenced unknown path: /system/priv-app/Launcher3/lib/x86
07-09 17:45:21.889  1356  2029 D NuPlayerDriver: notifyListener_l(0xb3ca8a80), (1, 0, 0), loop setting(0, 0)
07-09 17:45:21.896  1356  2032 D NuPlayerDriver: notifyListener_l(0xb2492000), (1, 0, 0), loop setting(0, 0)
07-09 17:45:21.898  1349  1349 I CameraFlashlight: Opening camera 0
07-09 17:45:21.898  1349  1349 V EmulatedCamera_Camera: getCameraInfo
07-09 17:45:21.898  1349  1349 V EmulatedCamera_BaseCamera: getCameraInfo
07-09 17:45:21.898  1349  1349 V EmulatedCamera_Camera: connectCamera
