07-09 14:30:02.520  1771  1771 D MccTable: updateMccMncConfiguration updateConfig config={1.0 310mcc260mnc ?localeList ?layoutDir ?swdp ?wdp ?hdp ?density ?lsize ?long ?orien ?uimode ?night ?touch ?keyb/?/? ?nav/?}
07-09 14:30:02.522  1644  1644 I InputAttributes: InputType.TYPE_NULL is specified
07-09 14:30:02.528  1901  1901 W System  : ClassLoader referenced unknown path: /system/app/DeskClock/lib/x86
07-09 14:30:02.531  1581  1581 I GnssLocationProvider: WakeLock acquired by sendMessage(12, 0, null)
07-09 14:30:02.531  1581  1593 W GnssLocationProvider: Could not open GPS configuration file /etc/gps.conf
07-09 14:30:02.531  1581  1593 E GnssLocationProvider: no AGPS interface in set_agps_server
07-09 14:30:02.531  1581  1593 I GnssLocationProvider: WakeLock released by handleMessage(12, 0, null)
07-09 14:30:02.537  1771  1771 D CarrierConfigLoader: update config for phoneId: 0 simState: LOADED
07-09 14:30:02.537  1771  1771 D CarrierSvcBindHelper: update binding for phoneId: 0 simState: LOADED
07-09 14:30:02.539  1771  1771 D TelephonyProvider: subIdString = 1 subId = 1
07-09 14:30:02.558  1581  1594 V BackupManagerService: No ancestral data
07-09 14:30:02.558  1771  1771 I Telephony: PstnIncomingCallNotifier: Unregistering: Handler (com.android.internal.telephony.GsmCdmaPhone) {482a15c}
07-09 14:30:02.564  1581  1802 I Telecom : PhoneAccountRegistrar: New phone account registered: [[ ] PhoneAccount: ComponentInfo{com.android.phone/com.android.services.telephony.TelephonyConnectionService}, [e2f7d48dd2b5ca523e7313cf4ba0f6ea830b6281], UserHandle{0} Capabilities: CallProvider MultiUser PlaceEmerg SimSub  Schemes: tel voicemail  Extras: null]: TSI.rPA@ABQ
07-09 14:30:02.565  1581  1802 I Telecom : : Sending phone-account registered intent as user: TSI.rPA@ABQ
07-09 14:30:02.565  1771  1771 I Telephony: AccountEntry: Registered phoneAccount: [[ ] PhoneAccount: ComponentInfo{com.android.phone/com.android.services.telephony.TelephonyConnectionService}, [e2f7d48dd2b5ca523e7313cf4ba0f6ea830b6281], UserHandle{0} Capabilities: CallProvider MultiUser PlaceEmerg SimSub  Schemes: tel voicemail  Extras: null] with handle: ComponentInfo{com.android.phone/com.android.services.telephony.TelephonyConnectionService}, [e2f7d48dd2b5ca523e7313cf4ba0f6ea830b6281], UserHandle{0}
07-09 14:30:02.566  1771  1771 I Telephony: PstnIncomingCallNotifier: Registering: Handler (com.android.internal.telephony.GsmCdmaPhone) {482a15c}
07-09 14:30:02.566  1771  1771 I Telephony: TelecomAccountRegistry: Unregistering phone account ComponentInfo{com.android.phone/com.android.services.telephony.TelephonyConnectionService}, [e0184adedf913b076626646d3f52c3b49c39ad6d], UserHandle{0}.
07-09 14:30:02.568  1581  1591 I Telecom : : Sending phone-account unregistered intent as user: TSI.uPA@ABY
07-09 14:30:02.570  1581  1594 V KeyValueBackupJob: Scheduling k/v pass in 242 minutes
07-09 14:30:02.583  1581  1581 I GnssLocationProvider: WakeLock acquired by sendMessage(12, 0, null)
07-09 14:30:02.584  1581  1593 W GnssLocationProvider: Could not open GPS configuration file /etc/gps.conf
07-09 14:30:02.584  1581  1593 E GnssLocationProvider: no AGPS interface in set_agps_server
07-09 14:30:02.584  1581  1593 I GnssLocationProvider: WakeLock released by handleMessage(12, 0, null)
07-09 14:30:02.586  1581  1594 V BackupManagerService: Starting with transport com.google.android.gms/.backup.BackupTransportService
07-09 14:30:02.586  1581  1594 V BackupManagerService: Found transports: 2
07-09 14:30:02.590  1945  1945 I chatty  : uid=10013 com.google.android.gms.persistent expire 3 lines
07-09 14:30:02.598  1581  1594 I ActivityManager: Start proc 1945:com.google.android.gms.persistent/u0a13 for service com.google.android.gms/.backup.BackupTransportService
07-09 14:30:02.598  1581  1594 I BackupManagerService: Found stale backup journal, scheduling
07-09 14:30:02.599  1581  1581 V BackupManagerService: Connected to transport ComponentInfo{android/com.android.internal.backup.LocalTransportService}
07-09 14:30:02.599  1581  1581 V BackupManagerService: Registering transport android/com.android.internal.backup.LocalTransportService::android/com.android.internal.backup.LocalTransport = android.app.backup.BackupTransport$TransportImpl@29904aa
07-09 14:30:02.600  1581  1581 I GnssLocationProvider: WakeLock acquired by sendMessage(12, 0, null)
07-09 14:30:02.601  1581  1593 W GnssLocationProvider: Could not open GPS configuration file /etc/gps.conf
07-09 14:30:02.601  1581  1593 E GnssLocationProvider: no AGPS interface in set_agps_server
07-09 14:30:02.601  1581  1593 I GnssLocationProvider: WakeLock released by handleMessage(12, 0, null)
07-09 14:30:02.604  1650  1650 W System  : ClassLoader referenced unknown path: 
07-09 14:30:02.607  1581  1594 I BackupManagerService: Backup enabled => false
07-09 14:30:02.614  1771  1771 D TelephonyProvider: subIdString = 1 subId = 1
07-09 14:30:02.629  1771  1771 I Telephony: PstnIncomingCallNotifier: Unregistering: Handler (com.android.internal.telephony.GsmCdmaPhone) {482a15c}
07-09 14:30:02.633  1581  1802 I Telecom : PhoneAccountRegistrar: [ComponentInfo{com.android.phone/com.android.services.telephony.TelephonyConnectionService}, [e2f7d48dd2b5ca523e7313cf4ba0f6ea830b6281], UserHandle{0}(icon: Icon(typ=BITMAP size=50x63) -> Icon(typ=BITMAP size=50x63))]: TSI.rPA@ABg
07-09 14:30:02.634  1581  1802 I Telecom : : Sending phone-account registered intent as user: TSI.rPA@ABg
07-09 14:30:02.637  1771  1771 I Telephony: AccountEntry: Registered phoneAccount: [[ ] PhoneAccount: ComponentInfo{com.android.phone/com.android.services.telephony.TelephonyConnectionService}, [e2f7d48dd2b5ca523e7313cf4ba0f6ea830b6281], UserHandle{0} Capabilities: CallProvider MultiUser PlaceEmerg SimSub  Schemes: tel voicemail  Extras: null] with handle: ComponentInfo{com.android.phone/com.android.services.telephony.TelephonyConnectionService}, [e2f7d48dd2b5ca523e7313cf4ba0f6ea830b6281], UserHandle{0}
07-09 14:30:02.637  1771  1771 I Telephony: PstnIncomingCallNotifier: Registering: Handler (com.android.internal.telephony.GsmCdmaPhone) {482a15c}
07-09 14:30:02.647  1901  1901 I AlarmClock: AlarmInitReceiver android.intent.action.TIME_SET
07-09 14:30:02.648  1771  1771 I Telephony: PstnIncomingCallNotifier: Unregistering: Handler (com.android.internal.telephony.GsmCdmaPhone) {482a15c}
07-09 14:30:02.651  1962  1962 I chatty  : uid=10013(com.google.android.gms) com.google.process.gapps expire 4 lines
07-09 14:30:02.658  1581  1592 I ActivityManager: Start proc 1962:com.google.process.gapps/u0a13 for content provider com.google.android.gsf/.gservices.GservicesProvider
07-09 14:30:02.661  1976  1976 W art     : Unexpected CPU variant for X86 using defaults: x86
07-09 14:30:02.669  1581  1594 I ActivityManager: Start proc 1976:com.google.android.googlequicksearchbox:interactor/u0a28 for service com.google.android.googlequicksearchbox/com.google.android.voiceinteraction.GsaVoiceInteractionService
07-09 14:30:02.670  1581  1594 I ActivityManager: Loading recents for user 0 into memory.
07-09 14:30:02.675  1581  1786 I Telecom : PhoneAccountRegistrar: [ComponentInfo{com.android.phone/com.android.services.telephony.TelephonyConnectionService}, [e2f7d48dd2b5ca523e7313cf4ba0f6ea830b6281], UserHandle{0}(icon: Icon(typ=BITMAP size=50x63) -> Icon(typ=BITMAP size=50x63))]: TSI.rPA@ABs
07-09 14:30:02.675  1581  1786 I Telecom : : Sending phone-account registered intent as user: TSI.rPA@ABs
07-09 14:30:02.679  1991  1991 W art     : Unexpected CPU variant for X86 using defaults: x86
07-09 14:30:02.685  1581  1593 I ActivityManager: Start proc 1991:com.android.printspooler/u0a67 for service com.android.printspooler/.model.PrintSpoolerService
07-09 14:30:02.689  1771  1771 I Telephony: AccountEntry: Registered phoneAccount: [[ ] PhoneAccount: ComponentInfo{com.android.phone/com.android.services.telephony.TelephonyConnectionService}, [e2f7d48dd2b5ca523e7313cf4ba0f6ea830b6281], UserHandle{0} Capabilities: CallProvider MultiUser PlaceEmerg SimSub  Schemes: tel voicemail  Extras: null] with handle: ComponentInfo{com.android.phone/com.android.services.telephony.TelephonyConnectionService}, [e2f7d48dd2b5ca523e7313cf4ba0f6ea830b6281], UserHandle{0}
07-09 14:30:02.689  1771  1771 I Telephony: PstnIncomingCallNotifier: Registering: Handler (com.android.internal.telephony.GsmCdmaPhone) {482a15c}
07-09 14:30:02.690  1581  1594 D ActivityManager: Sending BOOT_COMPLETE user #0
07-09 14:30:02.694  1581  1581 I AccountManagerService: User 0 is unlocked - opening CE database
07-09 14:30:02.696  1789  1789 D FallbackHome: User unlocked and real home found; let's go!
07-09 14:30:02.697  1581  1786 I ActivityManager: START u0 {act=android.intent.action.MAIN cat=[android.intent.category.HOME] flg=0x10000100 cmp=com.android.launcher3/.Launcher} from uid 0 on display 0
07-09 14:30:02.706  2006  2006 W art     : Unexpected CPU variant for X86 using defaults: x86
07-09 14:30:02.713  1581  1786 I ActivityManager: Start proc 2006:com.android.launcher3/u0a19 for activity com.android.launcher3/.Launcher
07-09 14:30:02.713  1789  1814 D EGL_emulation: eglMakeCurrent: 0xa9405060: ver 2 0 (tinfo 0xa9403140)
07-09 14:30:02.716  1581  1802 I WindowManager: Destroying surface Surface(name=com.android.settings/com.android.settings.FallbackHome) called by com.android.server.wm.WindowStateAnimator.destroySurface:2014 com.android.server.wm.WindowStateAnimator.destroySurfaceLocked:881 com.android.server.wm.WindowState.destroyOrSaveSurface:2073 com.android.server.wm.WindowManagerService.tryStartExitingAnimation:3017 com.android.server.wm.WindowManagerService.relayoutWindow:2897 com.android.server.wm.Session.relayout:215 android.view.IWindowSession$Stub.onTransact:286 com.android.server.wm.Session.onTransact:136 
07-09 14:30:02.728  1581  1593 W GnssLocationProvider: Could not open GPS configuration file /etc/gps.conf
07-09 14:30:02.728  1581  1593 E GnssLocationProvider: no AGPS interface in set_agps_server
07-09 14:30:02.742  1581  1581 I FusedLocation: engine stopped (com.android.location.fused)
07-09 14:30:02.746  1650  1650 E BluetoothAdapter: Bluetooth binder is null
07-09 14:30:02.750  2006  2006 W System  : ClassLoader referenced unknown path: /system/priv-app/Launcher3/lib/x86
07-09 14:30:02.751  2020  2020 W art     : Unexpected CPU variant for X86 using defaults: x86
07-09 14:30:02.755  1581  1817 I ActivityManager: Start proc 2020:com.android.keychain/1000 for service com.android.keychain/.KeyChainService
07-09 14:30:02.759  1771  1771 I Telephony: PstnIncomingCallNotifier: Unregistering: Handler (com.android.internal.telephony.GsmCdmaPhone) {482a15c}
07-09 14:30:02.766  1581  1802 I Telecom : PhoneAccountRegistrar: [ComponentInfo{com.android.phone/com.android.services.telephony.TelephonyConnectionService}, [e2f7d48dd2b5ca523e7313cf4ba0f6ea830b6281], UserHandle{0}(icon: Icon(typ=BITMAP size=50x63) -> Icon(typ=BITMAP size=50x63))]: TSI.rPA@AB4
07-09 14:30:02.767  1581  1802 I Telecom : : Sending phone-account registered intent as user: TSI.rPA@AB4
07-09 14:30:02.770  2020  2020 W System  : ClassLoader referenced unknown path: /system/app/KeyChain/lib/x86
07-09 14:30:02.775  1581  1989 I ActivityManager: Start proc 2034:com.google.android.googlequicksearchbox:search/u0a28 for service com.google.android.googlequicksearchbox/com.google.android.hotword.service.HotwordService
07-09 14:30:02.775  1771  1771 I Telephony: AccountEntry: Registered phoneAccount: [[ ] PhoneAccount: ComponentInfo{com.android.phone/com.android.services.telephony.TelephonyConnectionService}, [e2f7d48dd2b5ca523e7313cf4ba0f6ea830b6281], UserHandle{0} Capabilities: CallProvider MultiUser PlaceEmerg SimSub  Schemes: tel voicemail  Extras: null] with handle: ComponentInfo{com.android.phone/com.android.services.telephony.TelephonyConnectionService}, [e2f7d48dd2b5ca523e7313cf4ba0f6ea830b6281], UserHandle{0}
07-09 14:30:02.775  1771  1771 I Telephony: PstnIncomingCallNotifier: Registering: Handler (com.android.internal.telephony.GsmCdmaPhone) {482a15c}
07-09 14:30:02.776  1771  1771 D CarrierConfigLoader: mHandler: 7 phoneId: 0
07-09 14:30:02.776  2034  2034 W art     : Unexpected CPU variant for X86 using defaults: x86
07-09 14:30:02.777  1771  1771 D CarrierConfigLoader: Loaded config from XML. package=com.android.carrierconfig phoneId=0
07-09 14:30:02.778  1771  1771 D CarrierSvcBindHelper: mHandler: 0
07-09 14:30:02.778  1771  1771 D CarrierSvcBindHelper: Rebinding if necessary for phoneId: 0
07-09 14:30:02.780  1771  1771 D CarrierSvcBindHelper: No carrier app for: 0
07-09 14:30:02.781  1581  1786 I Telecom : PhoneAccountRegistrar: [ComponentInfo{com.android.phone/com.android.services.telephony.TelephonyConnectionService}, [e2f7d48dd2b5ca523e7313cf4ba0f6ea830b6281], UserHandle{0}(icon: Icon(typ=BITMAP size=50x63) -> Icon(typ=BITMAP size=50x63))]: TSI.rPA@ACI
07-09 14:30:02.782  1650  1650 I CameraManagerGlobal: Connecting to camera service
07-09 14:30:02.782  1581  1786 I Telecom : : Sending phone-account registered intent as user: TSI.rPA@ACI
07-09 14:30:02.783  1350  1350 V EmulatedCamera_Camera: getCameraInfo
07-09 14:30:02.783  1350  1350 V EmulatedCamera_BaseCamera: getCameraInfo
07-09 14:30:02.783  1350  1350 I CameraService: getCameraCharacteristics: Switching to HAL1 shim implementation...
07-09 14:30:02.783  1350  1350 V EmulatedCamera_Camera: getCameraInfo
07-09 14:30:02.783  1350  1350 V EmulatedCamera_BaseCamera: getCameraInfo
07-09 14:30:02.783  1350  1350 I CameraService: CameraService::connect call (PID -1 "cameraserver", camera ID 0) for HAL version default and Camera API version 1
07-09 14:30:02.783  1350  1350 E CameraService: getCameraPriorityFromProcState: Received invalid process state -1 from ActivityManagerService!
07-09 14:30:02.783  1350  1350 V EmulatedCamera_Camera: getCameraInfo
07-09 14:30:02.783  1350  1350 V EmulatedCamera_BaseCamera: getCameraInfo
07-09 14:30:02.784  2006  2006 V Launcher: LauncherAppState inited
07-09 14:30:02.787  1357  2042 E WVMExtractor: Failed to open libwvm.so: dlopen failed: library "libwvm.so" not found
07-09 14:30:02.789  1357  2040 D NuPlayerDriver: notifyListener_l(0xb148c000), (1, 0, 0), loop setting(0, 0)
07-09 14:30:02.792  1771  1771 I Telephony: PstnIncomingCallNotifier: Unregistering: Handler (com.android.internal.telephony.GsmCdmaPhone) {482a15c}
07-09 14:30:02.795  1581  1786 I Telecom : PhoneAccountRegistrar: [ComponentInfo{com.android.phone/com.android.services.telephony.TelephonyConnectionService}, [e2f7d48dd2b5ca523e7313cf4ba0f6ea830b6281], UserHandle{0}(icon: Icon(typ=BITMAP size=50x63) -> Icon(typ=BITMAP size=50x63))]: TSI.rPA@ACM
07-09 14:30:02.795  1581  1786 I Telecom : : Sending phone-account registered intent as user: TSI.rPA@ACM
07-09 14:30:02.796  1771  1771 I Telephony: AccountEntry: Registered phoneAccount: [[ ] PhoneAccount: ComponentInfo{com.android.phone/com.android.services.telephony.TelephonyConnectionService}, [e2f7d48dd2b5ca523e7313cf4ba0f6ea830b6281], UserHandle{0} Capabilities: CallProvider MultiUser PlaceEmerg SimSub  Schemes: tel voicemail  Extras: null] with handle: ComponentInfo{com.android.phone/com.android.services.telephony.TelephonyConnectionService}, [e2f7d48dd2b5ca523e7313cf4ba0f6ea830b6281], UserHandle{0}
07-09 14:30:02.796  1771  1771 I Telephony: PstnIncomingCallNotifier: Registering: Handler (com.android.internal.telephony.GsmCdmaPhone) {482a15c}
07-09 14:30:02.799  1357  2045 D NuPlayerDriver: notifyListener_l(0xb148c0c0), (1, 0, 0), loop setting(0, 0)
07-09 14:30:02.803  2006  2006 D Launcher.Model: Old launcher provider: content://com.android.launcher2.settings/favorites?notify=true
07-09 14:30:02.803  2006  2006 D Launcher.Model: Old launcher provider does not exist.
07-09 14:30:02.807  1861  1861 D CellBroadcastReceiver: Service state changed! 0 Full: 0 0 voice home data home Android Android 310260 Android Android 310260  Unknown LTE CSS not supported -1 -1 RoamInd=-1 DefRoamInd=-1 EmergOnly=false IsDataRoamingFromRegistration=false Current state=3
07-09 14:30:02.807  1861  1861 D CellBroadcastReceiver: Start Cell Broadcast configuration.
07-09 14:30:02.810  1357  2054 D NuPlayerDriver: notifyListener_l(0xb148c120), (1, 0, 0), loop setting(0, 0)
07-09 14:30:02.810  1350  1350 I CameraFlashlight: Opening camera 0
07-09 14:30:02.810  1350  1350 V EmulatedCamera_Camera: getCameraInfo
07-09 14:30:02.810  1350  1350 V EmulatedCamera_BaseCamera: getCameraInfo
07-09 14:30:02.810  1350  1350 V EmulatedCamera_Camera: connectCamera
07-09 14:30:02.810  1350  1350 V EmulatedCamera_FakeDevice: connectDevice
07-09 14:30:02.810  1350  1350 V EmulatedCamera_CallbackNotifier: setCallbacks: 0xb2991eb0, 0xb2991f00, 0xb2992020, 0xb2992140 (0xb2743280)
07-09 14:30:02.810  1350  1350 V EmulatedCamera_CallbackNotifier: enableMessage: msg_type = 0xc0d
07-09 14:30:02.810  1350  1350 V EmulatedCamera_CallbackNotifier:     CAMERA_MSG_ERROR
07-09 14:30:02.810  1350  1350 V EmulatedCamera_CallbackNotifier:     CAMERA_MSG_FOCUS
07-09 14:30:02.810  1350  1350 V EmulatedCamera_CallbackNotifier:     CAMERA_MSG_ZOOM
07-09 14:30:02.810  1350  1350 V EmulatedCamera_CallbackNotifier:     CAMERA_MSG_PREVIEW_METADATA
07-09 14:30:02.810  1350  1350 V EmulatedCamera_CallbackNotifier: **** Currently enabled messages:
07-09 14:30:02.810  1350  1350 V EmulatedCamera_CallbackNotifier:     CAMERA_MSG_ERROR
07-09 14:30:02.810  1350  1350 V EmulatedCamera_CallbackNotifier:     CAMERA_MSG_FOCUS
07-09 14:30:02.810  1350  1350 V EmulatedCamera_CallbackNotifier:     CAMERA_MSG_ZOOM
07-09 14:30:02.810  1350  1350 V EmulatedCamera_CallbackNotifier:     CAMERA_MSG_PREVIEW_METADATA
07-09 14:30:02.811  1350  1350 V EmulatedCamera_CallbackNotifier: disableMessage: msg_type = 0xffff
07-09 14:30:02.811  1350  1350 V EmulatedCamera_CallbackNotifier:     CAMERA_MSG_ERROR
07-09 14:30:02.811  1350  1350 V EmulatedCamera_CallbackNotifier:     CAMERA_MSG_SHUTTER
07-09 14:30:02.811  1350  1350 V EmulatedCamera_CallbackNotifier:     CAMERA_MSG_FOCUS
07-09 14:30:02.811  1350  1350 V EmulatedCamera_CallbackNotifier:     CAMERA_MSG_ZOOM
07-09 14:30:02.811  1350  1350 V EmulatedCamera_CallbackNotifier:     CAMERA_MSG_PREVIEW_FRAME
07-09 14:30:02.811  1350  1350 V EmulatedCamera_CallbackNotifier:     CAMERA_MSG_VIDEO_FRAME
07-09 14:30:02.811  1350  1350 V EmulatedCamera_CallbackNotifier:     CAMERA_MSG_POSTVIEW_FRAME
07-09 14:30:02.811  1350  1350 V EmulatedCamera_CallbackNotifier:     CAMERA_MSG_RAW_IMAGE
07-09 14:30:02.811  1350  1350 V EmulatedCamera_CallbackNotifier:     CAMERA_MSG_COMPRESSED_IMAGE
07-09 14:30:02.811  1350  1350 V EmulatedCamera_CallbackNotifier:     CAMERA_MSG_RAW_IMAGE_NOTIFY
07-09 14:30:02.811  1350  1350 V EmulatedCamera_CallbackNotifier:     CAMERA_MSG_PREVIEW_METADATA
07-09 14:30:02.811  1350  1350 V EmulatedCamera_CallbackNotifier: **** Currently enabled messages:
07-09 14:30:02.811  1350  1350 V EmulatedCamera_Preview: setPreviewWindow: current: 0x0 -> new: 0x0
07-09 14:30:02.811  1350  1350 V EmulatedCamera_Camera: doStopPreview
07-09 14:30:02.811  1350  1350 V EmulatedCamera_Camera: cancelPicture
07-09 14:30:02.811  1350  1350 V EmulatedCamera_Camera: releaseCamera
07-09 14:30:02.811  1350  1350 V EmulatedCamera_Camera: doStopPreview
07-09 14:30:02.811  1350  1350 V EmulatedCamera_FakeDevice: disconnectDevice
07-09 14:30:02.811  1350  1350 W EmulatedCamera_Device: Initialize: Emulated camera device is already initialized: mState = 1
07-09 14:30:02.811  1350  1350 D EmulatedCamera_FakeCamera: Initialize: Fake camera is facing back
07-09 14:30:02.811  1350  1350 V EmulatedCamera_Device: initializeWhiteBalanceModes with auto, 1.000000, 1.000000
07-09 14:30:02.811  1350  1350 V EmulatedCamera_Device: initializeWhiteBalanceModes with incandescent, 1.380000, 0.600000
07-09 14:30:02.811  1350  1350 V EmulatedCamera_Device: initializeWhiteBalanceModes with daylight, 1.090000, 0.920000
07-09 14:30:02.811  1350  1350 V EmulatedCamera_Device: initializeWhiteBalanceModes with twilight, 0.920000, 1.220000
07-09 14:30:02.811  1350  1350 V EmulatedCamera_Device: setWhiteBalanceMode with white balance auto
07-09 14:30:02.811  1350  1350 I CameraFlashlight: Destroying camera 0
07-09 14:30:02.811  1350  1350 V EmulatedCamera_Camera: closeCamera
07-09 14:30:02.811  1350  1350 V EmulatedCamera_Camera: doStopPreview
07-09 14:30:02.811  1350  1350 W EmulatedCamera_Device: Initialize: Emulated camera device is already initialized: mState = 1
07-09 14:30:02.811  1350  1350 D EmulatedCamera_FakeCamera: Initialize: Fake camera is facing back
07-09 14:30:02.811  1350  1350 V EmulatedCamera_Device: initializeWhiteBalanceModes with auto, 1.000000, 1.000000
07-09 14:30:02.811  1350  1350 V EmulatedCamera_Device: initializeWhiteBalanceModes with incandescent, 1.380000, 0.600000
07-09 14:30:02.811  1350  1350 V EmulatedCamera_Device: initializeWhiteBalanceModes with daylight, 1.090000, 0.920000
07-09 14:30:02.811  1350  1350 V EmulatedCamera_Device: initializeWhiteBalanceModes with twilight, 0.920000, 1.220000
07-09 14:30:02.811  1350  1350 V EmulatedCamera_Device: setWhiteBalanceMode with white balance auto
07-09 14:30:02.811  1350  1350 I CameraService: disconnect: Disconnected client for camera 0 for PID 1350
07-09 14:30:02.811  1357  1749 D NuPlayerDriver: reset(0xb148c000) at state 4
07-09 14:30:02.811  1357  1749 D NuPlayerDriver: notifyListener_l(0xb148c000), (8, 0, 0), loop setting(0, 0)
07-09 14:30:02.811  1357  2040 D NuPlayerDriver: notifyResetComplete(0xb148c000)
07-09 14:30:02.811  1357  1357 D NuPlayerDriver: reset(0xb148c0c0) at state 4
07-09 14:30:02.811  1357  1357 D NuPlayerDriver: notifyListener_l(0xb148c0c0), (8, 0, 0), loop setting(0, 0)
07-09 14:30:02.811  1357  2045 D NuPlayerDriver: notifyResetComplete(0xb148c0c0)
07-09 14:30:02.812  1357  1749 D NuPlayerDriver: reset(0xb148c120) at state 4
07-09 14:30:02.812  1357  1749 D NuPlayerDriver: notifyListener_l(0xb148c120), (8, 0, 0), loop setting(0, 0)
07-09 14:30:02.812  1357  2054 D NuPlayerDriver: notifyResetComplete(0xb148c120)
07-09 14:30:02.812  1350  1803 V EmulatedCamera_Camera: getCameraInfo
07-09 14:30:02.812  1350  1803 V EmulatedCamera_BaseCamera: getCameraInfo
07-09 14:30:02.812  1350  1803 I CameraService: getCameraCharacteristics: Switching to HAL1 shim implementation...
07-09 14:30:02.812  1350  1803 V EmulatedCamera_Camera: getCameraInfo
07-09 14:30:02.812  1350  1803 V EmulatedCamera_BaseCamera: getCameraInfo
07-09 14:30:02.812  1350  1803 I CameraService: CameraService::connect call (PID -1 "cameraserver", camera ID 1) for HAL version default and Camera API version 1
07-09 14:30:02.812  1350  1803 E CameraService: getCameraPriorityFromProcState: Received invalid process state -1 from ActivityManagerService!
07-09 14:30:02.812  1350  1803 V EmulatedCamera_Camera: getCameraInfo
07-09 14:30:02.812  1350  1803 V EmulatedCamera_BaseCamera: getCameraInfo
07-09 14:30:02.815  1771  1771 I Telephony: PstnIncomingCallNotifier: Unregistering: Handler (com.android.internal.telephony.GsmCdmaPhone) {482a15c}
07-09 14:30:02.819  1357  2056 D NuPlayerDriver: notifyListener_l(0xb148c600), (1, 0, 0), loop setting(0, 0)
07-09 14:30:02.822  1581  1802 I Telecom : PhoneAccountRegistrar: [ComponentInfo{com.android.phone/com.android.services.telephony.TelephonyConnectionService}, [e2f7d48dd2b5ca523e7313cf4ba0f6ea830b6281], UserHandle{0}(icon: Icon(typ=BITMAP size=50x63) -> Icon(typ=BITMAP size=50x63))]: TSI.rPA@ACY
07-09 14:30:02.822  1581  1802 I Telecom : : Sending phone-account registered intent as user: TSI.rPA@ACY
07-09 14:30:02.823  1771  1771 I Telephony: AccountEntry: Registered phoneAccount: [[ ] PhoneAccount: ComponentInfo{com.android.phone/com.android.services.telephony.TelephonyConnectionService}, [e2f7d48dd2b5ca523e7313cf4ba0f6ea830b6281], UserHandle{0} Capabilities: CallProvider MultiUser PlaceEmerg SimSub  Schemes: tel voicemail  Extras: null] with handle: ComponentInfo{com.android.phone/com.android.services.telephony.TelephonyConnectionService}, [e2f7d48dd2b5ca523e7313cf4ba0f6ea830b6281], UserHandle{0}
07-09 14:30:02.823  1771  1771 I Telephony: PstnIncomingCallNotifier: Registering: Handler (com.android.internal.telephony.GsmCdmaPhone) {482a15c}
07-09 14:30:02.824  1771  1771 I NotificationMgr: updateMwi(): subId 1 update to false
07-09 14:30:02.825  1581  1679 I Telecom : PhoneAccountRegistrar: [ComponentInfo{com.android.phone/com.android.services.telephony.TelephonyConnectionService}, [e2f7d48dd2b5ca523e7313cf4ba0f6ea830b6281], UserHandle{0}(icon: Icon(typ=BITMAP size=50x63) -> Icon(typ=BITMAP size=50x63))]: TSI.rPA@ACo
07-09 14:30:02.826  1581  1679 I Telecom : : Sending phone-account registered intent as user: TSI.rPA@ACo
07-09 14:30:02.828  1581  1989 I Telecom : PhoneAccountRegistrar: [ComponentInfo{com.android.phone/com.android.services.telephony.TelephonyConnectionService}, [e2f7d48dd2b5ca523e7313cf4ba0f6ea830b6281], UserHandle{0}(icon: Icon(typ=BITMAP size=50x63) -> Icon(typ=BITMAP size=50x63))]: TSI.rPA@ACw
07-09 14:30:02.828  1581  1989 I Telecom : : Sending phone-account registered intent as user: TSI.rPA@ACw
07-09 14:30:02.842  1945  1945 I chatty  : uid=10013 com.google.android.gms.persistent expire 8 lines
07-09 14:30:02.843  1357  2059 D NuPlayerDriver: notifyListener_l(0xb148c060), (1, 0, 0), loop setting(0, 0)
07-09 14:30:02.846  1581  1593 W GnssLocationProvider: Could not open GPS configuration file /etc/gps.conf
07-09 14:30:02.846  1581  1593 E GnssLocationProvider: no AGPS interface in set_agps_server
07-09 14:30:02.850  1771  1771 D CarrierSvcBindHelper: Received android.intent.action.USER_UNLOCKED
07-09 14:30:02.851  1771  1771 D CarrierSvcBindHelper: No carrier app for: 0
07-09 14:30:02.852  1581  1591 I Telecom : PhoneAccountRegistrar: [ComponentInfo{com.android.phone/com.android.services.telephony.TelephonyConnectionService}, [e2f7d48dd2b5ca523e7313cf4ba0f6ea830b6281], UserHandle{0}(icon: Icon(typ=BITMAP size=50x63) -> Icon(typ=BITMAP size=50x63))]: TSI.rPA@AC4
07-09 14:30:02.853  1581  1591 I Telecom : : Sending phone-account registered intent as user: TSI.rPA@AC4
07-09 14:30:02.853  1771  1771 D CarrierConfigLoader: mHandler: 5 phoneId: 0
07-09 14:30:02.856  1581  1581 I Telecom : PhoneAccountRegistrar: SimCallManager queried, returning: null: TSI.gSCMFU@AC8
07-09 14:30:02.858  1581  1989 I Telecom : PhoneAccountRegistrar: [ComponentInfo{com.android.phone/com.android.services.telephony.TelephonyConnectionService}, [e2f7d48dd2b5ca523e7313cf4ba0f6ea830b6281], UserHandle{0}(icon: Icon(typ=BITMAP size=50x63) -> Icon(typ=BITMAP size=50x63))]: TSI.rPA@ADE
07-09 14:30:02.858  1581  1989 I Telecom : : Sending phone-account registered intent as user: TSI.rPA@ADE
07-09 14:30:02.859  1581  1679 I Telecom : PhoneAccountRegistrar: [ComponentInfo{com.android.phone/com.android.services.telephony.TelephonyConnectionService}, [e2f7d48dd2b5ca523e7313cf4ba0f6ea830b6281], UserHandle{0}(icon: Icon(typ=BITMAP size=50x63) -> Icon(typ=BITMAP size=50x63))]: TSI.rPA@ADM
07-09 14:30:02.860  1581  1679 I Telecom : : Sending phone-account registered intent as user: TSI.rPA@ADM
07-09 14:30:02.867  1771  1771 D TelephonyProvider: subIdString = 1 subId = 1
07-09 14:30:02.869  1357  2065 D NuPlayerDriver: notifyListener_l(0xb148c4e0), (1, 0, 0), loop setting(0, 0)
07-09 14:30:02.869  1350  1803 I CameraFlashlight: Opening camera 1
07-09 14:30:02.869  1350  1803 V EmulatedCamera_Camera: getCameraInfo
07-09 14:30:02.869  1350  1803 V EmulatedCamera_BaseCamera: getCameraInfo
07-09 14:30:02.869  1350  1803 V EmulatedCamera_Camera: connectCamera
07-09 14:30:02.869  1350  1803 V EmulatedCamera_FakeDevice: connectDevice
07-09 14:30:02.869  1350  1803 V EmulatedCamera_CallbackNotifier: setCallbacks: 0xb2991eb0, 0xb2991f00, 0xb2992020, 0xb2992140 (0xb23b11e0)
07-09 14:30:02.869  1350  1803 V EmulatedCamera_CallbackNotifier: enableMessage: msg_type = 0xc0d
07-09 14:30:02.869  1350  1803 V EmulatedCamera_CallbackNotifier:     CAMERA_MSG_ERROR
07-09 14:30:02.869  1350  1803 V EmulatedCamera_CallbackNotifier:     CAMERA_MSG_FOCUS
07-09 14:30:02.869  1350  1803 V EmulatedCamera_CallbackNotifier:     CAMERA_MSG_ZOOM
07-09 14:30:02.869  1350  1803 V EmulatedCamera_CallbackNotifier:     CAMERA_MSG_PREVIEW_METADATA
07-09 14:30:02.869  1350  1803 V EmulatedCamera_CallbackNotifier: **** Currently enabled messages:
07-09 14:30:02.869  1350  1803 V EmulatedCamera_CallbackNotifier:     CAMERA_MSG_ERROR
07-09 14:30:02.869  1350  1803 V EmulatedCamera_CallbackNotifier:     CAMERA_MSG_FOCUS
07-09 14:30:02.869  1350  1803 V EmulatedCamera_CallbackNotifier:     CAMERA_MSG_ZOOM
07-09 14:30:02.869  1350  1803 V EmulatedCamera_CallbackNotifier:     CAMERA_MSG_PREVIEW_METADATA
07-09 14:30:02.870  1350  1803 V EmulatedCamera_CallbackNotifier: disableMessage: msg_type = 0xffff
07-09 14:30:02.870  1350  1803 V EmulatedCamera_CallbackNotifier:     CAMERA_MSG_ERROR
07-09 14:30:02.870  1350  1803 V EmulatedCamera_CallbackNotifier:     CAMERA_MSG_SHUTTER
07-09 14:30:02.870  1350  1803 V EmulatedCamera_CallbackNotifier:     CAMERA_MSG_FOCUS
07-09 14:30:02.870  1350  1803 V EmulatedCamera_CallbackNotifier:     CAMERA_MSG_ZOOM
07-09 14:30:02.870  1350  1803 V EmulatedCamera_CallbackNotifier:     CAMERA_MSG_PREVIEW_FRAME
07-09 14:30:02.870  1350  1803 V EmulatedCamera_CallbackNotifier:     CAMERA_MSG_VIDEO_FRAME
07-09 14:30:02.870  1350  1803 V EmulatedCamera_CallbackNotifier:     CAMERA_MSG_POSTVIEW_FRAME
07-09 14:30:02.870  1350  1803 V EmulatedCamera_CallbackNotifier:     CAMERA_MSG_RAW_IMAGE
07-09 14:30:02.870  1350  1803 V EmulatedCamera_CallbackNotifier:     CAMERA_MSG_COMPRESSED_IMAGE
07-09 14:30:02.870  1350  1803 V EmulatedCamera_CallbackNotifier:     CAMERA_MSG_RAW_IMAGE_NOTIFY
07-09 14:30:02.870  1350  1803 V EmulatedCamera_CallbackNotifier:     CAMERA_MSG_PREVIEW_METADATA
07-09 14:30:02.870  1350  1803 V EmulatedCamera_CallbackNotifier: **** Currently enabled messages:
07-09 14:30:02.870  1350  1803 V EmulatedCamera_Preview: setPreviewWindow: current: 0x0 -> new: 0x0
07-09 14:30:02.870  1350  1803 V EmulatedCamera_Camera: doStopPreview
07-09 14:30:02.870  1350  1803 V EmulatedCamera_Camera: cancelPicture
07-09 14:30:02.870  1350  1803 V EmulatedCamera_Camera: releaseCamera
07-09 14:30:02.870  1350  1803 V EmulatedCamera_Camera: doStopPreview
07-09 14:30:02.870  1350  1803 V EmulatedCamera_FakeDevice: disconnectDevice
07-09 14:30:02.870  1350  1803 W EmulatedCamera_Device: Initialize: Emulated camera device is already initialized: mState = 1
07-09 14:30:02.870  1350  1803 D EmulatedCamera_FakeCamera: Initialize: Fake camera is facing front
07-09 14:30:02.870  1350  1803 V EmulatedCamera_Device: initializeWhiteBalanceModes with auto, 1.000000, 1.000000
07-09 14:30:02.870  1350  1803 V EmulatedCamera_Device: initializeWhiteBalanceModes with incandescent, 1.380000, 0.600000
07-09 14:30:02.870  1350  1803 V EmulatedCamera_Device: initializeWhiteBalanceModes with daylight, 1.090000, 0.920000
07-09 14:30:02.870  1350  1803 V EmulatedCamera_Device: initializeWhiteBalanceModes with twilight, 0.920000, 1.220000
07-09 14:30:02.870  1350  1803 V EmulatedCamera_Device: setWhiteBalanceMode with white balance auto
07-09 14:30:02.870  1350  1803 I CameraFlashlight: Destroying camera 1
07-09 14:30:02.870  1350  1803 V EmulatedCamera_Camera: closeCamera
07-09 14:30:02.870  1350  1803 V EmulatedCamera_Camera: doStopPreview
07-09 14:30:02.870  1350  1803 W EmulatedCamera_Device: Initialize: Emulated camera device is already initialized: mState = 1
07-09 14:30:02.870  1350  1803 D EmulatedCamera_FakeCamera: Initialize: Fake camera is facing front
07-09 14:30:02.870  1350  1803 V EmulatedCamera_Device: initializeWhiteBalanceModes with auto, 1.000000, 1.000000
07-09 14:30:02.870  1350  1803 V EmulatedCamera_Device: initializeWhiteBalanceModes with incandescent, 1.380000, 0.600000
07-09 14:30:02.870  1350  1803 V EmulatedCamera_Device: initializeWhiteBalanceModes with daylight, 1.090000, 0.920000
07-09 14:30:02.870  1350  1803 V EmulatedCamera_Device: initializeWhiteBalanceModes with twilight, 0.920000, 1.220000
07-09 14:30:02.870  1350  1803 V EmulatedCamera_Device: setWhiteBalanceMode with white balance auto
07-09 14:30:02.870  1350  1803 I CameraService: disconnect: Disconnected client for camera 1 for PID 1350
07-09 14:30:02.870  1357  1357 D NuPlayerDriver: reset(0xb148c600) at state 4
07-09 14:30:02.870  1357  1357 D NuPlayerDriver: notifyListener_l(0xb148c600), (8, 0, 0), loop setting(0, 0)
07-09 14:30:02.870  1357  2056 D NuPlayerDriver: notifyResetComplete(0xb148c600)
07-09 14:30:02.870  1357  1357 D NuPlayerDriver: reset(0xb148c060) at state 4
07-09 14:30:02.870  1357  1357 D NuPlayerDriver: notifyListener_l(0xb148c060), (8, 0, 0), loop setting(0, 0)
07-09 14:30:02.871  1357  2059 D NuPlayerDriver: notifyResetComplete(0xb148c060)
07-09 14:30:02.871  1357  1749 D NuPlayerDriver: reset(0xb148c4e0) at state 4
07-09 14:30:02.871  1357  1749 D NuPlayerDriver: notifyListener_l(0xb148c4e0), (8, 0, 0), loop setting(0, 0)
07-09 14:30:02.871  1357  2065 D NuPlayerDriver: notifyResetComplete(0xb148c4e0)
07-09 14:30:02.871  1350  2041 V EmulatedCamera_Camera: getCameraInfo
07-09 14:30:02.871  1350  2041 V EmulatedCamera_BaseCamera: getCameraInfo
07-09 14:30:02.871  1350  1803 V EmulatedCamera_Camera: getCameraInfo
07-09 14:30:02.871  1350  1803 V EmulatedCamera_BaseCamera: getCameraInfo
07-09 14:30:02.874  1350  2041 V EmulatedCamera_Camera: getCameraInfo
07-09 14:30:02.874  1350  2041 V EmulatedCamera_BaseCamera: getCameraInfo
07-09 14:30:02.874  1350  1803 V EmulatedCamera_Camera: getCameraInfo
07-09 14:30:02.874  1350  1803 V EmulatedCamera_BaseCamera: getCameraInfo
07-09 14:30:02.902  1581  1990 D ConnectivityService: registerNetworkAgent NetworkAgentInfo{ ni{[type: MOBILE[LTE], state: CONNECTED/CONNECTED, reason: connected, extra: epc.tmobile.com, failover: false, available: true, roaming: false, metered: false]}  network{100}  nethandle{429513165534}  lp{{InterfaceName: eth0 LinkAddresses: [10.0.2.15/32,]  Routes: [0.0.0.0/0 -> 10.0.2.2 eth0,] DnsAddresses: [10.0.2.3,] Domains: null MTU: 1500 TcpBufferSizes: 524288,1048576,2097152,262144,524288,1048576}}  nc{[ Transports: CELLULAR Capabilities: MMS&SUPL&FOTA&IMS&CBS&IA&INTERNET&NOT_RESTRICTED&TRUSTED&NOT_VPN LinkUpBandwidth>=51200Kbps LinkDnBandwidth>=102400Kbps Specifier: <1>]}  Score{10}  everValidated{false}  lastValidated{false}  created{false} lingering{false} explicitlySelected{false} acceptUnvalidated{false} everCaptivePortalDetected{false} lastCaptivePortalDetected{false} }
07-09 14:30:02.902  1581  1628 D ConnectivityService: NetworkAgentInfo [MOBILE (LTE) - 100] EVENT_NETWORK_INFO_CHANGED, going from null to CONNECTED
07-09 14:30:02.902  1581  1628 D ConnectivityService: Adding iface eth0 to network 100
07-09 14:30:02.925  1581  1628 D ConnectivityService: Setting DNS servers for network 100 to [/10.0.2.3]
07-09 14:30:02.927  1581  1581 V BackupManagerService: Connected to transport ComponentInfo{com.google.android.gms/com.google.android.gms.backup.BackupTransportService}
07-09 14:30:02.927  1581  1581 V BackupManagerService: Registering transport com.google.android.gms/.backup.BackupTransportService::com.google.android.gms/.backup.BackupTransportService = com.android.internal.backup.IBackupTransport$Stub$Proxy@c69f8f2
07-09 14:30:02.930  1581  1628 D ConnectivityService: Switching to new default network: NetworkAgentInfo{ ni{[type: MOBILE[LTE], state: CONNECTED/CONNECTED, reason: connected, extra: epc.tmobile.com, failover: false, available: true, roaming: false, metered: false]}  network{100}  nethandle{429513165534}  lp{{InterfaceName: eth0 LinkAddresses: [10.0.2.15/32,]  Routes: [0.0.0.0/0 -> 10.0.2.2 eth0,] DnsAddresses: [10.0.2.3,] Domains: null MTU: 1500 TcpBufferSizes: 524288,1048576,2097152,262144,524288,1048576}}  nc{[ Transports: CELLULAR Capabilities: MMS&SUPL&FOTA&IMS&CBS&IA&INTERNET&NOT_RESTRICTED&TRUSTED&NOT_VPN LinkUpBandwidth>=51200Kbps LinkDnBandwidth>=102400Kbps Specifier: <1>]}  Score{10}  everValidated{false}  lastValidated{false}  created{true} lingering{false} explicitlySelected{false} acceptUnvalidated{false} everCaptivePortalDetected{false} lastCaptivePortalDetected{false} }
07-09 14:30:02.931  1901  1901 I AlarmClock: AlarmInitReceiver android.intent.action.LOCKED_BOOT_COMPLETED
07-09 14:30:02.933  1861  2064 D CellBroadcastConfigService: Enable CellBroadcast on sub 1
07-09 14:30:02.941  1358  1576 V IdletimerController: runCmd(/system/bin/ip6tables -w -t raw -A idletimer_raw_PREROUTING -i eth0 -j IDLETIMER --timeout 10 --label 0 --send_nl_msg 1) res_ipv4=0, res_ipv6=0
07-09 14:30:02.950  1358  1576 V IdletimerController: runCmd(/system/bin/ip6tables -w -t mangle -A idletimer_mangle_POSTROUTING -o eth0 -j IDLETIMER --timeout 10 --label 0 --send_nl_msg 1) res_ipv4=0, res_ipv6=0
07-09 14:30:02.951  1650  1827 D OpenGLRenderer: profile bars disabled
07-09 14:30:02.951  1650  1827 D OpenGLRenderer: ambientRatio = 1.50
07-09 14:30:02.953  1650  1650 D PhoneStatusBar: disable: < EXPAND* icons alerts system_info BACK* HOME* RECENT* clock SEARCH* quick_settings >
07-09 14:30:02.953  1581  1628 D ConnectivityService: Sending CONNECTED broadcast for type 0 NetworkAgentInfo [MOBILE (LTE) - 100] isDefaultNetwork=true
07-09 14:30:02.953  1581  1641 I GnssLocationProvider: WakeLock acquired by sendMessage(5, 0, null)
07-09 14:30:02.953  1581  1641 I GnssLocationProvider: WakeLock acquired by sendMessage(6, 0, null)
07-09 14:30:02.953  1581  1593 I GnssLocationProvider: WakeLock acquired by handleInjectNtpTime()
07-09 14:30:02.953  1581  1593 I GnssLocationProvider: WakeLock released by handleMessage(5, 0, null)
07-09 14:30:02.953  1581  1593 I GnssLocationProvider: WakeLock released by handleMessage(6, 0, null)
07-09 14:30:02.977  1650  1650 D PhoneStatusBar: heads up is enabled
07-09 14:30:02.979  1581  1595 V KeyguardServiceDelegate: *** Keyguard connected (yay!)
07-09 14:30:02.988  1976  1976 W KeyphraseEnrollmentInfo: No Enrollment application supports the given keyphrase/locale
07-09 14:30:02.989  1581  1621 D SntpClient: round trip: 12ms, clock offset: 465ms
07-09 14:30:02.999  1306  1826 D gralloc_ranchu: gralloc_alloc: Creating ashmem region of size 8294400
07-09 14:30:03.004  1306  1313 D gralloc_ranchu: gralloc_alloc: Creating ashmem region of size 7753728
07-09 14:30:03.013  1861  1861 D CellBroadcastReceiver: Start Cell Broadcast configuration.
07-09 14:30:03.047  1581  1595 W WindowManager: Keyguard drawn timeout. Setting mKeyguardDrawComplete
07-09 14:30:03.077  2113  2113 W art     : Unexpected CPU variant for X86 using defaults: x86
07-09 14:30:03.079  1581  1591 I ActivityManager: Start proc 2113:com.google.android.apps.messaging/u0a65 for broadcast com.google.android.apps.messaging/.shared.receiver.DefaultSmsSubscriptionChangeReceiver
07-09 14:30:03.080  1650  1650 D ViewRootImpl[StatusBar]: changeCanvasOpacity: opaque=true
07-09 14:30:03.099  1581  1628 D ConnectivityService: NetworkAgentInfo [MOBILE (LTE) - 100] validation passed
07-09 14:30:03.121  2130  2130 W art     : Unexpected CPU variant for X86 using defaults: x86
07-09 14:30:03.121  1581  1990 I ActivityManager: Start proc 2130:com.google.android.partnersetup/u0a18 for content provider com.google.android.partnersetup/.RlzAppProvider
07-09 14:30:03.153  1771  1847 D IccSmsInterfaceManager: [IccSmsInterfaceManager] Calling setCdmaBroadcastConfig with 1 configurations
07-09 14:30:03.154  1771  1847 D IccSmsInterfaceManager: [IccSmsInterfaceManager] Failed to add cdma broadcast subscription for MID range 4096 to 4096 from client com.android.cellbroadcastreceiver
07-09 14:30:03.163  2130  2130 W System  : ClassLoader referenced unknown path: /system/priv-app/GooglePartnerSetup/lib/x86
07-09 14:30:03.182  1581  1636 D SntpClient: round trip: 149ms, clock offset: 399ms
07-09 14:30:03.188  1581  1636 I GnssLocationProvider: WakeLock acquired by sendMessage(10, 0, null)
07-09 14:30:03.193  2006  2006 W System  : ClassLoader referenced unknown path: 
07-09 14:30:03.200  1771  1785 D IccSmsInterfaceManager: [IccSmsInterfaceManager] Calling setCdmaBroadcastConfig with 1 configurations
07-09 14:30:03.200  1771  1785 D IccSmsInterfaceManager: [IccSmsInterfaceManager] Failed to add cdma broadcast subscription for MID range 4097 to 4097 from client com.android.cellbroadcastreceiver
07-09 14:30:03.202  1771  1784 D IccSmsInterfaceManager: [IccSmsInterfaceManager] Calling setCdmaBroadcastConfig with 1 configurations
07-09 14:30:03.203  1771  1784 D IccSmsInterfaceManager: [IccSmsInterfaceManager] Failed to add cdma broadcast subscription for MID range 4098 to 4098 from client com.android.cellbroadcastreceiver
07-09 14:30:03.208  1650  1827 D         : HostConnection::get() New Host Connection established 0x8ac7b9c0, tid 1827
07-09 14:30:03.213  1650  1827 W         : Unrecognized GLES max version string in extensions: ANDROID_EMU_CHECKSUM_HELPER_v1 ANDROID_EMU_dma_v1 
07-09 14:30:03.213  1650  1827 I OpenGLRenderer: Initialized EGL, version 1.4
07-09 14:30:03.213  1650  1827 D OpenGLRenderer: Swap behavior 1
07-09 14:30:03.213  1650  1827 W OpenGLRenderer: Failed to choose config with EGL_SWAP_BEHAVIOR_PRESERVED, retrying without...
07-09 14:30:03.213  1650  1827 D OpenGLRenderer: Swap behavior 0
07-09 14:30:03.215  1650  1827 D EGL_emulation: eglCreateContext: 0x8c39bea0: maj 2 min 0 rcv 2
07-09 14:30:03.217  1650  1827 D EGL_emulation: eglMakeCurrent: 0x8c39bea0: ver 2 0 (tinfo 0xa58493f0)
07-09 14:30:03.220  2034  2099 W ModelDownloadController: Cannot find any speech config location.
07-09 14:30:03.220  2034  2099 W ModelDownloadController: Cannot find any speech config location.
07-09 14:30:03.242  2113  2113 W System  : ClassLoader referenced unknown path: /system/app/PrebuiltBugle/lib/x86
07-09 14:30:03.244  2167  2167 W art     : Unexpected CPU variant for X86 using defaults: x86
07-09 14:30:03.246  1581  1623 D WifiService: New client listening to asynchronous messages
07-09 14:30:03.246  1581  1592 I ActivityManager: Start proc 2167:android.process.acore/u0a1 for content provider com.android.providers.contacts/.ContactsProvider2
07-09 14:30:03.249  1771  1960 D IccSmsInterfaceManager: [IccSmsInterfaceManager] Calling setCdmaBroadcastConfig with 1 configurations
07-09 14:30:03.249  1581  1593 I GnssLocationProvider: WakeLock released by handleMessage(10, 0, null)
07-09 14:30:03.252  1771  1960 D IccSmsInterfaceManager: [IccSmsInterfaceManager] Failed to add cdma broadcast subscription for MID range 4099 to 4099 from client com.android.cellbroadcastreceiver
07-09 14:30:03.261  1581  1636 I GnssLocationProvider: WakeLock released by handleInjectNtpTime()
07-09 14:30:03.263  2167  2167 W System  : ClassLoader referenced unknown path: /system/priv-app/ContactsProvider/lib/x86
07-09 14:30:03.265  1306  1336 E SurfaceFlinger: ro.sf.lcd_density must be defined as a build property
07-09 14:30:03.267  2006  2006 D         : HostConnection::get() New Host Connection established 0x99ffefc0, tid 2006
07-09 14:30:03.268  2006  2006 W         : Unrecognized GLES max version string in extensions: ANDROID_EMU_CHECKSUM_HELPER_v1 ANDROID_EMU_dma_v1 
07-09 14:30:03.276  1771  1784 D IccSmsInterfaceManager: [IccSmsInterfaceManager] Failed to remove cdma broadcast subscription for MID range 4100 to 4100 from client com.android.cellbroadcastreceiver
07-09 14:30:03.277  2034  2161 I GrammarCompilationSvcCt: Grammar compilation alarm set for interval 604800000
07-09 14:30:03.285  1771  1847 D IccSmsInterfaceManager: [IccSmsInterfaceManager] Calling setGsmBroadcastConfig with 1 configurations
07-09 14:30:03.286  1771  1847 D IccSmsInterfaceManager: [IccSmsInterfaceManager] Failed to add GSM cell broadcast subscription for MID range 4352 to 4354 from client com.android.cellbroadcastreceiver
07-09 14:30:03.296  2006  2183 D         : HostConnection::get() New Host Connection established 0x9e77a500, tid 2183
07-09 14:30:03.302  2006  2183 W         : Unrecognized GLES max version string in extensions: ANDROID_EMU_CHECKSUM_HELPER_v1 ANDROID_EMU_dma_v1 
07-09 14:30:03.305  1771  1847 D IccSmsInterfaceManager: [IccSmsInterfaceManager] Calling setGsmBroadcastConfig with 1 configurations
07-09 14:30:03.306  1771  1847 D IccSmsInterfaceManager: [IccSmsInterfaceManager] Failed to add GSM cell broadcast subscription for MID range 4356 to 4356 from client com.android.cellbroadcastreceiver
07-09 14:30:03.306  2006  2183 I OpenGLRenderer: Initialized EGL, version 1.4
07-09 14:30:03.306  2006  2183 D OpenGLRenderer: Swap behavior 1
07-09 14:30:03.310  2006  2183 W OpenGLRenderer: Failed to choose config with EGL_SWAP_BEHAVIOR_PRESERVED, retrying without...
07-09 14:30:03.310  2006  2183 D OpenGLRenderer: Swap behavior 0
07-09 14:30:03.313  1771  1847 D IccSmsInterfaceManager: [IccSmsInterfaceManager] Failed to remove GSM cell broadcast subscription for MID range 4355 to 4355 from client com.android.cellbroadcastreceiver
07-09 14:30:03.314  2006  2183 D EGL_emulation: eglCreateContext: 0xa9405240: maj 2 min 0 rcv 2
07-09 14:30:03.315  1771  1785 D IccSmsInterfaceManager: [IccSmsInterfaceManager] Calling setGsmBroadcastConfig with 1 configurations
07-09 14:30:03.316  2006  2183 D EGL_emulation: eglMakeCurrent: 0xa9405240: ver 2 0 (tinfo 0xa9403200)
07-09 14:30:03.316  1771  1785 D IccSmsInterfaceManager: [IccSmsInterfaceManager] Failed to add GSM cell broadcast subscription for MID range 4370 to 4370 from client com.android.cellbroadcastreceiver
07-09 14:30:03.325  2006  2183 D EGL_emulation: eglMakeCurrent: 0xa9405240: ver 2 0 (tinfo 0xa9403200)
07-09 14:30:03.332  2167  2167 W System  : ClassLoader referenced unknown path: /system/priv-app/BlockedNumberProvider/lib/x86
07-09 14:30:03.336  1771  1784 D IccSmsInterfaceManager: [IccSmsInterfaceManager] Calling setGsmBroadcastConfig with 1 configurations
07-09 14:30:03.337  1771  1784 D IccSmsInterfaceManager: [IccSmsInterfaceManager] Failed to add GSM cell broadcast subscription for MID range 4371 to 4372 from client com.android.cellbroadcastreceiver
07-09 14:30:03.343  2167  2167 W System  : ClassLoader referenced unknown path: /system/app/UserDictionaryProvider/lib/x86
07-09 14:30:03.358  1581  1601 I ActivityManager: Displayed com.android.launcher3/.Launcher: +656ms
07-09 14:30:03.366  1581  1592 V KeyguardServiceDelegate: **** SHOWN CALLED ****
07-09 14:30:03.391  1650  1650 W KeyguardUpdateMonitor: invalid subId in handleSimStateChange()
07-09 14:30:03.398  1650  1650 W KeyguardUpdateMonitor: invalid subId in handleServiceStateChange()
07-09 14:30:03.401  1650  1650 W KeyguardUpdateMonitor: invalid subId in handleServiceStateChange()
07-09 14:30:03.401  1650  1650 W KeyguardUpdateMonitor: invalid subId in handleSimStateChange()
07-09 14:30:03.401  1650  1650 W KeyguardUpdateMonitor: invalid subId in handleSimStateChange()
07-09 14:30:03.404  1581  1601 I WindowManager: Destroying surface Surface(name=KeyguardScrim) called by com.android.server.wm.WindowStateAnimator.destroySurface:2014 com.android.server.wm.WindowStateAnimator.destroySurfaceLocked:881 com.android.server.wm.WindowState.destroyOrSaveSurface:2073 com.android.server.wm.WindowSurfacePlacer.performSurfacePlacementInner:429 com.android.server.wm.WindowSurfacePlacer.performSurfacePlacementLoop:232 com.android.server.wm.WindowSurfacePlacer.performSurfacePlacement:180 com.android.server.wm.WindowManagerService$H.handleMessage:8079 android.os.Handler.dispatchMessage:102 
07-09 14:30:03.405  1581  1601 D         : HostConnection::get() New Host Connection established 0x9bca4600, tid 1601
07-09 14:30:03.405  1945  2111 I chatty  : uid=10013(com.google.android.gms) FlpThread expire 1 line
07-09 14:30:03.407  1581  1601 W         : Unrecognized GLES max version string in extensions: ANDROID_EMU_CHECKSUM_HELPER_v1 ANDROID_EMU_dma_v1 
07-09 14:30:03.449  1650  1827 D EGL_emulation: eglMakeCurrent: 0x8c39bea0: ver 2 0 (tinfo 0xa58493f0)
07-09 14:30:03.458  1581  1581 W IInputConnectionWrapper: reportFullscreenMode on inexistent InputConnection
07-09 14:30:03.483  1771  1847 D IccSmsInterfaceManager: [IccSmsInterfaceManager] Calling setGsmBroadcastConfig with 1 configurations
07-09 14:30:03.484  1771  1847 D IccSmsInterfaceManager: [IccSmsInterfaceManager] Failed to add GSM cell broadcast subscription for MID range 4373 to 4378 from client com.android.cellbroadcastreceiver
07-09 14:30:03.497  1650  1827 D EGL_emulation: eglMakeCurrent: 0x8c39bea0: ver 2 0 (tinfo 0xa58493f0)
07-09 14:30:03.500  1945  2185 I chatty  : uid=10013(com.google.android.gms) GeofencerStateM expire 1 line
07-09 14:30:03.512  1945  2192 I chatty  : uid=10013(com.google.android.gms) GoogleLocationS expire 1 line
07-09 14:30:03.527  1771  1785 D IccSmsInterfaceManager: [IccSmsInterfaceManager] Calling setGsmBroadcastConfig with 1 configurations
07-09 14:30:03.530  1771  1785 D IccSmsInterfaceManager: [IccSmsInterfaceManager] Failed to add GSM cell broadcast subscription for MID range 4379 to 4379 from client com.android.cellbroadcastreceiver
07-09 14:30:03.537  1771  1784 D IccSmsInterfaceManager: [IccSmsInterfaceManager] Failed to remove GSM cell broadcast subscription for MID range 4380 to 4382 from client com.android.cellbroadcastreceiver
07-09 14:30:03.548  1771  1847 D IccSmsInterfaceManager: [IccSmsInterfaceManager] Calling setGsmBroadcastConfig with 1 configurations
07-09 14:30:03.549  1771  1847 D IccSmsInterfaceManager: [IccSmsInterfaceManager] Failed to add GSM cell broadcast subscription for MID range 4383 to 4383 from client com.android.cellbroadcastreceiver
07-09 14:30:03.552  1771  1785 D IccSmsInterfaceManager: [IccSmsInterfaceManager] Calling setGsmBroadcastConfig with 1 configurations
07-09 14:30:03.553  1771  1785 D IccSmsInterfaceManager: [IccSmsInterfaceManager] Failed to add GSM cell broadcast subscription for MID range 4384 to 4385 from client com.android.cellbroadcastreceiver
