07-09 18:30:49.327  1650  1650 W asset   : Asset path /data/app/io.cordova.hellocordova-1/base.apk is neither a directory nor file (type=1).
07-09 18:30:49.327  1650  1650 W PackageManager: Failure retrieving resources for io.cordova.hellocordova
07-09 18:30:49.327  1650  1650 W asset   : Asset path /data/app/io.cordova.hellocordova-1/base.apk is neither a directory nor file (type=1).
07-09 18:30:49.327  1650  1650 W PackageManager: Failure retrieving resources for io.cordova.hellocordova
07-09 18:30:49.327  1650  1650 W asset   : Asset path /data/app/io.cordova.hellocordova-1/base.apk is neither a directory nor file (type=1).
07-09 18:30:49.327  1650  1650 W PackageManager: Failure retrieving resources for io.cordova.hellocordova
07-09 18:30:49.327  1650  1650 W asset   : Asset path /data/app/io.cordova.hellocordova-1/base.apk is neither a directory nor file (type=1).
07-09 18:30:49.328  1650  1650 W PackageManager: Failure retrieving resources for io.cordova.hellocordova
07-09 18:30:49.328  1650  1650 W asset   : Asset path /data/app/io.cordova.hellocordova-1/base.apk is neither a directory nor file (type=1).
07-09 18:30:49.328  1650  1650 W PackageManager: Failure retrieving resources for io.cordova.hellocordova
07-09 18:30:49.330  5695  5720 W cr_media: Requires BLUETOOTH permission
07-09 18:30:49.345  5695  5695 D cr_Ime  : [InputMethodManagerWrapper.java:30] Constructor
07-09 18:30:49.347  5695  5695 W cr_AwContents: onDetachedFromWindow called when already detached. Ignoring
07-09 18:30:49.347  5695  5695 D cr_Ime  : [InputMethodManagerWrapper.java:59] isActive: false
07-09 18:30:49.356  5695  5695 D SystemWebViewEngine: CordovaWebView is running on device made by: Google
07-09 18:30:49.359  5695  5695 D PluginManager: init()
07-09 18:30:49.361  5695  5695 D CordovaWebViewImpl: >>> loadUrl(file:///android_asset/www/index.html)
07-09 18:30:49.366  5695  5695 I cr_Ime  : ImeThread is not enabled.
07-09 18:30:49.376  5695  5695 D CordovaActivity: Started the activity.
07-09 18:30:49.377  5695  5695 D CordovaActivity: Resumed the activity.
07-09 18:30:49.378  1304  3924 E SurfaceFlinger: ro.sf.lcd_density must be defined as a build property
07-09 18:30:49.409  5695  5735 E libEGL  : validate_display:99 error 3008 (EGL_BAD_DISPLAY)
07-09 18:30:49.424  5695  5732 I OpenGLRenderer: Initialized EGL, version 1.4
07-09 18:30:49.424  5695  5732 D OpenGLRenderer: Swap behavior 1
07-09 18:30:49.424  5695  5732 D         : HostConnection::get() New Host Connection established 0x92260f00, tid 5732
07-09 18:30:49.427  5695  5732 W         : Unrecognized GLES max version string in extensions: ANDROID_EMU_CHECKSUM_HELPER_v1 ANDROID_EMU_dma_v1 
07-09 18:30:49.427  5695  5732 W OpenGLRenderer: Failed to choose config with EGL_SWAP_BEHAVIOR_PRESERVED, retrying without...
07-09 18:30:49.427  5695  5732 D OpenGLRenderer: Swap behavior 0
07-09 18:30:49.428  5695  5735 I VideoCapabilities: Unsupported profile 4 for video/mp4v-es
07-09 18:30:49.431  5695  5735 D         : HostConnection::get() New Host Connection established 0x90cd6100, tid 5735
07-09 18:30:49.431  5695  5732 D EGL_emulation: eglCreateContext: 0xa20a4380: maj 2 min 0 rcv 2
07-09 18:30:49.432  5695  5735 W         : Unrecognized GLES max version string in extensions: ANDROID_EMU_CHECKSUM_HELPER_v1 ANDROID_EMU_dma_v1 
07-09 18:30:49.436  5695  5695 D CordovaWebViewImpl: onPageDidNavigate(file:///android_asset/www/index.html)
07-09 18:30:49.437  5695  5732 D EGL_emulation: eglMakeCurrent: 0xa20a4380: ver 2 0 (tinfo 0x92abf980)
07-09 18:30:49.443  5695  5735 D EGL_emulation: eglCreateContext: 0xa20a49e0: maj 2 min 0 rcv 2
07-09 18:30:49.444  5695  5735 D EGL_emulation: eglMakeCurrent: 0xa20a49e0: ver 2 0 (tinfo 0x92264970)
07-09 18:30:49.456  5695  5695 W art     : Attempt to remove non-JNI local reference, dumping thread
07-09 18:30:49.458  5695  5732 D EGL_emulation: eglMakeCurrent: 0xa20a4380: ver 2 0 (tinfo 0x92abf980)
07-09 18:30:49.500  5695  5695 W cr_BindingManager: Cannot call determinedVisibility() - never saw a connection for the pid: 5695
07-09 18:30:49.500  5695  5695 D cr_Ime  : [InputMethodManagerWrapper.java:59] isActive: true
07-09 18:30:49.500  5695  5695 D cr_Ime  : [InputMethodManagerWrapper.java:68] hideSoftInputFromWindow
07-09 18:30:49.501  1580  1600 I ActivityManager: Displayed io.cordova.hellocordova/.MainActivity: +285ms
07-09 18:30:49.504  5685  5685 D AndroidRuntime: Shutting down VM
07-09 18:30:49.509  5695  5695 W art     : Attempt to remove non-JNI local reference, dumping thread
07-09 18:30:49.535  5695  5695 W art     : Attempt to remove non-JNI local reference, dumping thread
07-09 18:30:49.542  5695  5695 W art     : Attempt to remove non-JNI local reference, dumping thread
07-09 18:30:49.550  5695  5695 W art     : Attempt to remove non-JNI local reference, dumping thread
07-09 18:30:49.576  5695  5695 W art     : Attempt to remove non-JNI local reference, dumping thread
07-09 18:30:49.591  5695  5695 W art     : Attempt to remove non-JNI local reference, dumping thread
07-09 18:30:49.610  5695  5695 W art     : Attempt to remove non-JNI local reference, dumping thread
07-09 18:30:49.629  5695  5695 W art     : Attempt to remove non-JNI local reference, dumping thread
07-09 18:30:49.647  5695  5695 W art     : Attempt to remove non-JNI local reference, dumping thread
07-09 18:30:49.666  5695  5695 W art     : Attempt to remove non-JNI local reference, dumping thread
07-09 18:30:49.680  5695  5695 W art     : Attempt to remove non-JNI local reference, dumping thread
07-09 18:30:49.682  5695  5706 I art     : Background partial concurrent mark sweep GC freed 11(304B) AllocSpace objects, 2(14MB) LOS objects, 13% free, 25MB/29MB, paused 5.172ms total 17.623ms
07-09 18:30:49.697  5695  5695 W art     : Attempt to remove non-JNI local reference, dumping thread
07-09 18:30:49.699  1580  1600 I WindowManager: Destroying surface Surface(name=Starting io.cordova.hellocordova) called by com.android.server.wm.WindowStateAnimator.destroySurface:2014 com.android.server.wm.WindowStateAnimator.destroySurfaceLocked:881 com.android.server.wm.WindowState.destroyOrSaveSurface:2073 com.android.server.wm.AppWindowToken.destroySurfaces:363 com.android.server.wm.WindowStateAnimator.finishExit:565 com.android.server.wm.WindowStateAnimator.stepAnimationLocked:491 com.android.server.wm.WindowAnimator.updateWindowsLocked:303 com.android.server.wm.WindowAnimator.animateLocked:704 
07-09 18:30:49.710  5695  5695 W art     : Attempt to remove non-JNI local reference, dumping thread
07-09 18:30:49.733  5695  5695 W art     : Attempt to remove non-JNI local reference, dumping thread
07-09 18:30:49.747  5695  5695 W art     : Attempt to remove non-JNI local reference, dumping thread
07-09 18:30:49.760  5695  5695 W art     : Attempt to remove non-JNI local reference, dumping thread
07-09 18:30:49.779  5695  5695 W art     : Attempt to remove non-JNI local reference, dumping thread
07-09 18:30:49.794  5695  5695 W art     : Attempt to remove non-JNI local reference, dumping thread
07-09 18:30:49.809  5695  5695 W art     : Attempt to remove non-JNI local reference, dumping thread
07-09 18:30:49.822  5695  5695 W art     : Attempt to remove non-JNI local reference, dumping thread
07-09 18:30:49.839  5695  5695 W art     : Attempt to remove non-JNI local reference, dumping thread
07-09 18:30:49.858  5695  5695 W art     : Attempt to remove non-JNI local reference, dumping thread
07-09 18:30:49.870  5695  5695 W art     : Attempt to remove non-JNI local reference, dumping thread
07-09 18:30:49.888  5695  5695 W art     : Attempt to remove non-JNI local reference, dumping thread
07-09 18:30:49.904  5695  5695 W art     : Attempt to remove non-JNI local reference, dumping thread
07-09 18:30:49.918  5695  5695 W art     : Attempt to remove non-JNI local reference, dumping thread
07-09 18:30:49.935  5695  5695 W art     : Attempt to remove non-JNI local reference, dumping thread
07-09 18:30:49.951  5695  5695 W art     : Attempt to remove non-JNI local reference, dumping thread
07-09 18:30:49.969  5695  5695 W art     : Attempt to remove non-JNI local reference, dumping thread
07-09 18:30:49.984  5695  5695 D SystemWebChromeClient: https://unpkg.com/onsenui@2.4.2/js/onsenui.min.js: Line 20 : Custom Elements: `Element#attachShadow` was not patched.
07-09 18:30:49.984  5695  5695 I chromium: [INFO:CONSOLE(20)] "Custom Elements: `Element#attachShadow` was not patched.", source: https://unpkg.com/onsenui@2.4.2/js/onsenui.min.js (20)
07-09 18:30:49.987  5695  5695 W art     : Attempt to remove non-JNI local reference, dumping thread
07-09 18:30:50.003  5695  5695 W art     : Attempt to remove non-JNI local reference, dumping thread
07-09 18:30:50.013  2190  2478 I Icing   : Indexing EE6F8C9882833486D9329DB7241784EA0359044B from com.google.android.googlequicksearchbox
07-09 18:30:50.023  5695  5695 W art     : Attempt to remove non-JNI local reference, dumping thread
07-09 18:30:50.039  5695  5695 W art     : Attempt to remove non-JNI local reference, dumping thread
07-09 18:30:50.052  5695  5695 W art     : Attempt to remove non-JNI local reference, dumping thread
07-09 18:30:50.074  5695  5695 W art     : Attempt to remove non-JNI local reference, dumping thread
07-09 18:30:50.087  5695  5695 W art     : Attempt to remove non-JNI local reference, dumping thread
07-09 18:30:50.108  5695  5695 W art     : Attempt to remove non-JNI local reference, dumping thread
07-09 18:30:50.119  5695  5695 W art     : Attempt to remove non-JNI local reference, dumping thread
07-09 18:30:50.134  5695  5695 W art     : Attempt to remove non-JNI local reference, dumping thread
07-09 18:30:50.151  5695  5695 W art     : Attempt to remove non-JNI local reference, dumping thread
07-09 18:30:50.171  5695  5695 W art     : Attempt to remove non-JNI local reference, dumping thread
07-09 18:30:50.184  5695  5695 W art     : Attempt to remove non-JNI local reference, dumping thread
07-09 18:30:50.202  5695  5695 W art     : Attempt to remove non-JNI local reference, dumping thread
07-09 18:30:50.218  5695  5695 W art     : Attempt to remove non-JNI local reference, dumping thread
07-09 18:30:50.235  5695  5695 W art     : Attempt to remove non-JNI local reference, dumping thread
07-09 18:30:50.252  5695  5695 W art     : Attempt to remove non-JNI local reference, dumping thread
07-09 18:30:50.268  5695  5695 W art     : Attempt to remove non-JNI local reference, dumping thread
07-09 18:30:50.287  5695  5695 W art     : Attempt to remove non-JNI local reference, dumping thread
07-09 18:30:50.306  5695  5695 W art     : Attempt to remove non-JNI local reference, dumping thread
07-09 18:30:50.318  5695  5695 W art     : Attempt to remove non-JNI local reference, dumping thread
07-09 18:30:50.326  2190  2478 I Icing   : Indexing done EE6F8C9882833486D9329DB7241784EA0359044B
07-09 18:30:50.337  5695  5695 W art     : Attempt to remove non-JNI local reference, dumping thread
07-09 18:30:50.338  2190  2478 I Icing   : Indexing D3776286D12FC7DB06D432C084C75C62DB0FF1AC from com.google.android.gms
07-09 18:30:50.366  5695  5695 W art     : Attempt to remove non-JNI local reference, dumping thread
07-09 18:30:50.372  5695  5695 W art     : Attempt to remove non-JNI local reference, dumping thread
07-09 18:30:50.387  5695  5695 W art     : Attempt to remove non-JNI local reference, dumping thread
07-09 18:30:50.405  5695  5695 W art     : Attempt to remove non-JNI local reference, dumping thread
07-09 18:30:50.412  2190  2478 I Icing   : Indexing done D3776286D12FC7DB06D432C084C75C62DB0FF1AC
07-09 18:30:50.423  5695  5695 W art     : Attempt to remove non-JNI local reference, dumping thread
07-09 18:30:50.435  5695  5695 W art     : Attempt to remove non-JNI local reference, dumping thread
07-09 18:30:50.453  5695  5695 W art     : Attempt to remove non-JNI local reference, dumping thread
07-09 18:30:50.495  5695  5695 D JsMessageQueue: Set native->JS mode to EvalBridgeMode
07-09 18:30:50.518  5695  5695 W art     : Attempt to remove non-JNI local reference, dumping thread
07-09 18:30:50.529  5695  5695 D CordovaWebViewImpl: onPageFinished(file:///android_asset/www/index.html)
07-09 18:30:50.532  5695  5750 I App     : WARNING: Back Button Default Behavior will be overridden.  The backbutton event will be fired!
07-09 18:30:50.533  1580  1677 I WindowManager: Destroying surface Surface(name=com.android.launcher3/com.android.launcher3.Launcher) called by com.android.server.wm.WindowStateAnimator.destroySurface:2014 com.android.server.wm.WindowStateAnimator.destroySurfaceLocked:881 com.android.server.wm.WindowState.destroyOrSaveSurface:2073 com.android.server.wm.AppWindowToken.destroySurfaces:363 com.android.server.wm.AppWindowToken.notifyAppStopped:389 com.android.server.wm.WindowManagerService.notifyAppStopped:4456 com.android.server.am.ActivityStack.activityStoppedLocked:1252 com.android.server.am.ActivityManagerService.activityStopped:6903 
07-09 18:30:50.571  5695  5695 W art     : Attempt to remove non-JNI local reference, dumping thread
07-09 18:30:50.573  5695  5695 D SystemWebChromeClient: file:///android_asset/www/js/index.js: Line 15 : YAEMR: {"section_name":"Subjective","data":[{"name":"Sore throat","f":71},{"name":"Skin rash","f":69},{"name":"Abdominal pain","f":61},{"name":"Backache","f":52},{"name":"Earache","f":49}]}
07-09 18:30:50.573  5695  5695 I chromium: [INFO:CONSOLE(15)] "YAEMR: {"section_name":"Subjective","data":[{"name":"Sore throat","f":71},{"name":"Skin rash","f":69},{"name":"Abdominal pain","f":61},{"name":"Backache","f":52},{"name":"Earache","f":49}]}", source: file:///android_asset/www/js/index.js (15)
07-09 18:30:50.576  5695  5695 D SystemWebChromeClient: file:///android_asset/www/js/index.js: Line 15 : YAEMR: {"section_name":"Objective","data":[{"name":"Sore throat","f":71},{"name":"Skin rash","f":69},{"name":"Abdominal pain","f":61},{"name":"Backache","f":52},{"name":"Earache","f":49}]}
07-09 18:30:50.576  5695  5695 I chromium: [INFO:CONSOLE(15)] "YAEMR: {"section_name":"Objective","data":[{"name":"Sore throat","f":71},{"name":"Skin rash","f":69},{"name":"Abdominal pain","f":61},{"name":"Backache","f":52},{"name":"Earache","f":49}]}", source: file:///android_asset/www/js/index.js (15)
07-09 18:30:50.576  5695  5695 D SystemWebChromeClient: file:///android_asset/www/js/index.js: Line 15 : YAEMR: {"section_name":"Assessment","data":[{"name":"Sore throat","f":71},{"name":"Skin rash","f":69},{"name":"Abdominal pain","f":61},{"name":"Backache","f":52},{"name":"Earache","f":49}]}
07-09 18:30:50.576  5695  5695 I chromium: [INFO:CONSOLE(15)] "YAEMR: {"section_name":"Assessment","data":[{"name":"Sore throat","f":71},{"name":"Skin rash","f":69},{"name":"Abdominal pain","f":61},{"name":"Backache","f":52},{"name":"Earache","f":49}]}", source: file:///android_asset/www/js/index.js (15)
07-09 18:30:50.576  5695  5695 D SystemWebChromeClient: file:///android_asset/www/js/index.js: Line 15 : YAEMR: {"section_name":"Plan","data":[{"name":"Sore throat","f":71},{"name":"Skin rash","f":69},{"name":"Abdominal pain","f":61},{"name":"Backache","f":52},{"name":"Earache","f":49}]}
07-09 18:30:50.576  5695  5695 I chromium: [INFO:CONSOLE(15)] "YAEMR: {"section_name":"Plan","data":[{"name":"Sore throat","f":71},{"name":"Skin rash","f":69},{"name":"Abdominal pain","f":61},{"name":"Backache","f":52},{"name":"Earache","f":49}]}", source: file:///android_asset/www/js/index.js (15)
07-09 18:30:50.852  5695  5695 W art     : Attempt to remove non-JNI local reference, dumping thread
07-09 18:30:51.295  5695  5695 W art     : Attempt to remove non-JNI local reference, dumping thread
07-09 18:30:51.551  5695  5695 W art     : Attempt to remove non-JNI local reference, dumping thread
07-09 18:31:03.803  2357  2396 W Finsky  : [138] com.google.android.finsky.FinskyApp.i(1468): No account configured on this device.
07-09 18:31:03.804  2357  2396 I Finsky  : [138] com.google.android.finsky.c.e.run(1151): Replicating app states via AMAS.
07-09 18:31:03.855  2357  2396 I Finsky  : [138] com.google.android.finsky.c.c.a(311): Completed 0 account content syncs with 0 successful.
07-09 18:31:03.855  2357  2357 I Finsky  : [1] com.google.android.finsky.services.j.a(149): Installation state replication succeeded.
07-09 18:32:43.496  1351  1351 I         : free_cache(5004826) avail 687849472
07-09 18:32:43.620  1580  1605 I PackageManager.DexOptimizer: Running dexopt (dex2oat) on: /data/app/vmdl537930257.tmp/base.apk pkg=io.cordova.hellocordova isa=x86 vmSafeMode=false debuggable=true target-filter=interpret-only oatDir = /data/app/vmdl537930257.tmp/oat sharedLibraries=null
07-09 18:32:43.627  5811  5811 W dex2oat : Unexpected CPU variant for X86 using defaults: x86
07-09 18:32:43.627  5811  5811 W dex2oat : Mismatch between dex2oat instruction set features (ISA: X86 Feature string: smp,-ssse3,-sse4.1,-sse4.2,-avx,-avx2,-lock_add,-popcnt) and those of dex2oat executable (ISA: X86 Feature string: smp,ssse3,-sse4.1,-sse4.2,-avx,-avx2,-lock_add,-popcnt) for the command line:
07-09 18:32:43.627  5811  5811 W dex2oat : /system/bin/dex2oat --zip-fd=6 --zip-location=base.apk --oat-fd=7 --oat-location=/data/app/vmdl537930257.tmp/oat/x86/base.odex --instruction-set=x86 --instruction-set-variant=x86 --instruction-set-features=default --runtime-arg -Xms64m --runtime-arg -Xmx512m --compiler-filter=interpret-only --swap-fd=9 --debuggable
07-09 18:32:43.627  5811  5811 I dex2oat : /system/bin/dex2oat --compiler-filter=interpret-only --debuggable
07-09 18:32:43.655  5811  5811 I dex2oat : dex2oat took 27.645ms (threads: 2) arena alloc=1920B (1920B) java alloc=229KB (234984B) native alloc=1140KB (1167512B) free=1419KB (1453928B)
07-09 18:32:43.656  1580  1593 I ActivityManager: Force stopping io.cordova.hellocordova appid=10075 user=-1: installPackageLI
07-09 18:32:43.656  1580  1593 I ActivityManager: Killing 5695:io.cordova.hellocordova/u0a75 (adj 0): stop io.cordova.hellocordova
07-09 18:32:43.656  1580  1593 D ActivityManager: cleanUpApplicationRecord -- 5695
07-09 18:32:43.661  1580  1593 W ActivityManager: Force removing ActivityRecord{2768fb3 u0 io.cordova.hellocordova/.MainActivity t97}: app died, no saved state
07-09 18:32:43.662  1580  1593 E JavaBinder: !!! FAILED BINDER TRANSACTION !!!  (parcel size = 56)
07-09 18:32:43.663  1580  1593 I WindowManager: Destroying surface Surface(name=io.cordova.hellocordova/io.cordova.hellocordova.MainActivity) called by com.android.server.wm.WindowStateAnimator.destroySurface:2014 com.android.server.wm.WindowStateAnimator.destroySurfaceLocked:881 com.android.server.wm.WindowState.removeLocked:1449 com.android.server.wm.WindowManagerService.removeWindowInnerLocked:2478 com.android.server.wm.WindowManagerService.removeWindowLocked:2436 com.android.server.wm.WindowManagerService.removeWindowLocked:2305 com.android.server.wm.AppWindowToken.removeAllWindows:530 com.android.server.wm.AppWindowToken.removeAppFromTaskLocked:326 
07-09 18:32:43.664  1580  1600 E JavaBinder: !!! FAILED BINDER TRANSACTION !!!  (parcel size = 60)
07-09 18:32:43.684  1580  1605 I PackageManager: Package io.cordova.hellocordova codePath changed from /data/app/io.cordova.hellocordova-2 to /data/app/io.cordova.hellocordova-1; Retaining data and using new
07-09 18:32:43.684  1580  1605 W PackageManager: Code path for io.cordova.hellocordova changing from /data/app/io.cordova.hellocordova-2 to /data/app/io.cordova.hellocordova-1
07-09 18:32:43.684  1580  1605 W PackageManager: Resource path for io.cordova.hellocordova changing from /data/app/io.cordova.hellocordova-2 to /data/app/io.cordova.hellocordova-1
07-09 18:32:43.686  1580  1677 D GraphicsStats: Buffer count: 2
07-09 18:32:43.725  1580  1605 I art     : Starting a blocking GC Explicit
07-09 18:32:43.760  1580  1605 I art     : Explicit concurrent mark sweep GC freed 45069(2MB) AllocSpace objects, 13(260KB) LOS objects, 25% free, 11MB/15MB, paused 520us total 34.378ms
07-09 18:32:43.762  1351  1351 E         : Couldn't opendir /data/app/vmdl537930257.tmp: No such file or directory
07-09 18:32:43.763  1580  1605 I ActivityManager: Force stopping io.cordova.hellocordova appid=10075 user=0: pkg removed
07-09 18:32:43.774  2006  2125 D EGL_emulation: eglMakeCurrent: 0xb18852a0: ver 2 0 (tinfo 0xb1883210)
07-09 18:32:43.800  1580  1613 I InputReader: Reconfiguring input devices.  changes=0x00000010
07-09 18:32:43.801  1580  1613 I InputReader: Reconfiguring input devices.  changes=0x00000010
07-09 18:32:43.804  1580  1613 I InputReader: Reconfiguring input devices.  changes=0x00000010
07-09 18:32:43.829  1779  1779 D CarrierSvcBindHelper: No carrier app for: 0
07-09 18:32:43.829  1779  1779 D CarrierSvcBindHelper: No carrier app for: 0
07-09 18:32:43.829  1779  1779 D CarrierConfigLoader: mHandler: 9 phoneId: 0
07-09 18:32:43.850  3118  3118 W ContextImpl: Calling a method in the system process without a qualified user: android.app.ContextImpl.startService:1385 android.content.ContextWrapper.startService:613 android.content.ContextWrapper.startService:613 com.android.keychain.KeyChainBroadcastReceiver.onReceive:12 android.app.ActivityThread.handleReceiver:3011 
07-09 18:32:43.896  1929  2725 E NetworkScheduler.SR: Invalid parameter app
07-09 18:32:43.896  1929  2725 E NetworkScheduler.SR: Invalid package name : Perhaps you didn't include a PendingIntent in the extras?
07-09 18:32:43.916  2190  2478 E Drive.UninstallOperation: Package still installed io.cordova.hellocordova
07-09 18:32:43.935  2190  5827 D Wear_Controller: Received broadcast action=android.intent.action.PACKAGE_REMOVED and uri=io.cordova.hellocordova
07-09 18:32:43.960  2190  2198 W SQLiteConnectionPool: A SQLiteConnection object for database '/data/user/0/com.google.android.gms/databases/metrics.db' was leaked!  Please fix your application to end transactions in progress properly and to close the database when it is no longer needed.
07-09 18:32:43.960  2190  2198 W SQLiteConnectionPool: A SQLiteConnection object for database '/data/user/0/com.google.android.gms/databases/help_responses.db.18' was leaked!  Please fix your application to end transactions in progress properly and to close the database when it is no longer needed.
07-09 18:32:43.960  2190  2198 W SQLiteConnectionPool: A SQLiteConnection object for database '/data/user/0/com.google.android.gms/databases/auto_complete_suggestions.db' was leaked!  Please fix your application to end transactions in progress properly and to close the database when it is no longer needed.
07-09 18:32:43.961  2190  2198 W SQLiteConnectionPool: A SQLiteConnection object for database '/data/user/0/com.google.android.gms/databases/metrics.db' was leaked!  Please fix your application to end transactions in progress properly and to close the database when it is no longer needed.
07-09 18:32:43.961  2190  2198 W SQLiteConnectionPool: A SQLiteConnection object for database '/data/user/0/com.google.android.gms/databases/help_responses.db.18' was leaked!  Please fix your application to end transactions in progress properly and to close the database when it is no longer needed.
07-09 18:32:43.961  2190  2198 W SQLiteConnectionPool: A SQLiteConnection object for database '/data/user/0/com.google.android.gms/databases/auto_complete_suggestions.db' was leaked!  Please fix your application to end transactions in progress properly and to close the database when it is no longer needed.
07-09 18:32:43.987  2190  5828 D Wear_Controller: Received broadcast action=android.intent.action.PACKAGE_ADDED and uri=io.cordova.hellocordova
07-09 18:32:44.000  2357  2357 I Finsky  : [1] com.google.android.finsky.utils.PermissionPolicies$PermissionPolicyService.onStartCommand(117): post-install permissions check for io.cordova.hellocordova
07-09 18:32:44.002  2357  2357 I Finsky  : [1] com.google.android.finsky.utils.bh.run(2302): Package state data is missing for io.cordova.hellocordova
07-09 18:32:44.003  2357  2357 W Finsky  : [1] com.google.android.finsky.FinskyApp.i(1468): No account configured on this device.
07-09 18:32:44.078  2013  5839 I UpdateIcingCorporaServi: Updating corpora: APPS=io.cordova.hellocordova, CONTACTS=MAYBE
07-09 18:32:44.132  5814  5814 D AndroidRuntime: >>>>>> START com.android.internal.os.RuntimeInit uid 2000 <<<<<<
07-09 18:32:44.133  5814  5814 D AndroidRuntime: CheckJNI is ON
07-09 18:32:44.136  2190  5836 I PeopleContactsSync: triggerPendingContactsCleanup: no accounts
07-09 18:32:44.152  5814  5814 W art     : Unexpected CPU variant for X86 using defaults: x86
07-09 18:32:44.153  2190  5836 W IcingInternalCorpora: getNumBytesRead when not calculated.
07-09 18:32:44.156  5814  5814 D ICU     : No timezone override file found: /data/misc/zoneinfo/current/icu/icu_tzdata.dat
07-09 18:32:44.160  1929  2720 E NetworkScheduler.SR: Invalid parameter app
07-09 18:32:44.160  1929  2720 E NetworkScheduler.SR: Invalid package name : Perhaps you didn't include a PendingIntent in the extras?
07-09 18:32:44.167  5814  5814 E memtrack: Couldn't load memtrack module (No such file or directory)
07-09 18:32:44.167  5814  5814 E android.os.Debug: failed to load memtrack module: -2
07-09 18:32:44.168  5814  5814 I Radio-JNI: register_android_hardware_Radio DONE
07-09 18:32:44.173  5814  5814 D AndroidRuntime: Calling main entry com.android.commands.input.Input
07-09 18:32:44.173  5814  5814 I Input   : injectKeyEvent: KeyEvent { action=ACTION_DOWN, keyCode=KEYCODE_MENU, scanCode=0, metaState=0, flags=0x0, repeatCount=0, eventTime=2849158, downTime=2849158, deviceId=-1, source=0x101 }
07-09 18:32:44.174  5814  5814 I Input   : injectKeyEvent: KeyEvent { action=ACTION_UP, keyCode=KEYCODE_MENU, scanCode=0, metaState=0, flags=0x0, repeatCount=0, eventTime=2849158, downTime=2849158, deviceId=-1, source=0x101 }
07-09 18:32:44.175  5814  5814 D AndroidRuntime: Shutting down VM
07-09 18:32:44.192  2190  2481 I Icing   : Usage reports 0 indexed 0 rejected 0 imm upload false
07-09 18:32:44.196  2190  2481 I Icing   : Usage reports 0 indexed 0 rejected 0 imm upload false
07-09 18:32:44.204  2190  2481 I Icing   : Usage reports 0 indexed 0 rejected 0 imm upload true
07-09 18:32:44.205  2013  5839 I UpdateIcingCorporaServi: UpdateCorporaTask done [took 127 ms] updated apps [took 127 ms] 
07-09 18:32:44.220  2190  2561 I Icing   : Usage reports 0 indexed 0 rejected 0 imm upload false
07-09 18:32:44.223  2190  2561 I Icing   : Usage reports 0 indexed 0 rejected 0 imm upload false
07-09 18:32:44.363  5852  5852 D AndroidRuntime: >>>>>> START com.android.internal.os.RuntimeInit uid 2000 <<<<<<
07-09 18:32:44.364  5852  5852 D AndroidRuntime: CheckJNI is ON
07-09 18:32:44.381  5852  5852 W art     : Unexpected CPU variant for X86 using defaults: x86
07-09 18:32:44.384  5852  5852 D ICU     : No timezone override file found: /data/misc/zoneinfo/current/icu/icu_tzdata.dat
07-09 18:32:44.396  5852  5852 E memtrack: Couldn't load memtrack module (No such file or directory)
07-09 18:32:44.396  5852  5852 E android.os.Debug: failed to load memtrack module: -2
07-09 18:32:44.396  5852  5852 I Radio-JNI: register_android_hardware_Radio DONE
07-09 18:32:44.403  5852  5852 D AndroidRuntime: Calling main entry com.android.commands.am.Am
07-09 18:32:44.405  1580  1677 I ActivityManager: START u0 {act=android.intent.action.MAIN flg=0x10000000 cmp=io.cordova.hellocordova/.MainActivity} from uid 2000 on display 0
07-09 18:32:44.413  5862  5862 I art     : Not late-enabling -Xcheck:jni (already on)
07-09 18:32:44.413  5862  5862 W art     : Unexpected CPU variant for X86 using defaults: x86
07-09 18:32:44.421  1580  1988 I ActivityManager: Start proc 5862:io.cordova.hellocordova/u0a75 for activity io.cordova.hellocordova/.MainActivity
07-09 18:32:44.443  5862  5862 W System  : ClassLoader referenced unknown path: /data/app/io.cordova.hellocordova-1/lib/x86
07-09 18:32:44.448  5862  5862 I CordovaLog: Changing log level to DEBUG(3)
07-09 18:32:44.448  5862  5862 I CordovaActivity: Apache Cordova native platform version 6.2.3 is starting
07-09 18:32:44.448  5862  5862 D CordovaActivity: CordovaActivity.onCreate()
07-09 18:32:44.453  1304  1309 D gralloc_ranchu: gralloc_alloc: Creating ashmem region of size 8294400
07-09 18:32:44.457  5862  5862 W System  : ClassLoader referenced unknown path: /system/app/Chrome/lib/x86
07-09 18:32:44.458  5862  5862 I WebViewFactory: Loading com.android.chrome version 51.0.2704.90 (code 275509012)
07-09 18:32:44.470  5862  5862 I cr_LibraryLoader: Time to load native libraries: 1 ms (timestamps 9453-9454)
07-09 18:32:44.470  5862  5862 I cr_LibraryLoader: Expected native library version number "51.0.2704.90", actual native library version number "51.0.2704.90"
07-09 18:32:44.488  5862  5862 V WebViewChromiumFactoryProvider: Binding Chromium to main looper Looper (main, tid 1) {ceb998f}
07-09 18:32:44.488  5862  5862 I cr_LibraryLoader: Expected native library version number "51.0.2704.90", actual native library version number "51.0.2704.90"
07-09 18:32:44.488  5862  5862 I chromium: [INFO:library_loader_hooks.cc(143)] Chromium logging enabled: level = 0, default verbosity = 0
07-09 18:32:44.491  5862  5862 I cr_BrowserStartup: Initializing chromium process, singleProcess=true
07-09 18:32:44.493  5862  5862 E ApkAssets: Error while loading asset assets/natives_blob_64.bin: java.io.FileNotFoundException: assets/natives_blob_64.bin
07-09 18:32:44.493  5862  5862 E ApkAssets: Error while loading asset assets/snapshot_blob_64.bin: java.io.FileNotFoundException: assets/snapshot_blob_64.bin
07-09 18:32:44.496  5862  5862 D         : HostConnection::get() New Host Connection established 0xa4170980, tid 5862
07-09 18:32:44.497  5862  5862 W         : Unrecognized GLES max version string in extensions: ANDROID_EMU_CHECKSUM_HELPER_v1 ANDROID_EMU_dma_v1 
07-09 18:32:44.498  2006  2125 W OpenGLRenderer: Incorrectly called buildLayer on View: ShortcutAndWidgetContainer, destroying layer...
07-09 18:32:44.499  5862  5862 D EGL_emulation: eglCreateContext: 0xa417dd60: maj 2 min 0 rcv 2
07-09 18:32:44.500  2006  2125 D EGL_emulation: eglMakeCurrent: 0xb18852a0: ver 2 0 (tinfo 0xb1883210)
07-09 18:32:44.506  5862  5862 D EGL_emulation: eglMakeCurrent: 0xa417dd60: ver 2 0 (tinfo 0xadc305a0)
07-09 18:32:44.526  5862  5887 W cr_media: Requires BLUETOOTH permission
07-09 18:32:44.544  5862  5862 D cr_Ime  : [InputMethodManagerWrapper.java:30] Constructor
07-09 18:32:44.546  5862  5862 W cr_AwContents: onDetachedFromWindow called when already detached. Ignoring
07-09 18:32:44.547  5862  5862 D cr_Ime  : [InputMethodManagerWrapper.java:59] isActive: false
07-09 18:32:44.556  5862  5862 D SystemWebViewEngine: CordovaWebView is running on device made by: Google
07-09 18:32:44.559  5862  5862 D PluginManager: init()
07-09 18:32:44.561  5862  5862 D CordovaWebViewImpl: >>> loadUrl(file:///android_asset/www/index.html)
07-09 18:32:44.564  5862  5862 I cr_Ime  : ImeThread is not enabled.
07-09 18:32:44.573  5862  5862 D CordovaActivity: Started the activity.
07-09 18:32:44.575  5862  5862 D CordovaActivity: Resumed the activity.
07-09 18:32:44.578  1304  1309 E SurfaceFlinger: ro.sf.lcd_density must be defined as a build property
07-09 18:32:44.582  5862  5902 E libEGL  : validate_display:99 error 3008 (EGL_BAD_DISPLAY)
07-09 18:32:44.597  5862  5902 I VideoCapabilities: Unsupported profile 4 for video/mp4v-es
07-09 18:32:44.600  5862  5902 D         : HostConnection::get() New Host Connection established 0x915ef400, tid 5902
07-09 18:32:44.602  5862  5902 W         : Unrecognized GLES max version string in extensions: ANDROID_EMU_CHECKSUM_HELPER_v1 ANDROID_EMU_dma_v1 
07-09 18:32:44.608  5862  5902 D EGL_emulation: eglCreateContext: 0x92ae5240: maj 2 min 0 rcv 2
07-09 18:32:44.609  5862  5902 D EGL_emulation: eglMakeCurrent: 0x92ae5240: ver 2 0 (tinfo 0x9212aa10)
07-09 18:32:44.620  5862  5901 I OpenGLRenderer: Initialized EGL, version 1.4
07-09 18:32:44.620  5862  5901 D OpenGLRenderer: Swap behavior 1
07-09 18:32:44.621  5862  5901 D         : HostConnection::get() New Host Connection established 0x915d3fc0, tid 5901
07-09 18:32:44.626  5862  5901 W         : Unrecognized GLES max version string in extensions: ANDROID_EMU_CHECKSUM_HELPER_v1 ANDROID_EMU_dma_v1 
07-09 18:32:44.626  5862  5901 W OpenGLRenderer: Failed to choose config with EGL_SWAP_BEHAVIOR_PRESERVED, retrying without...
07-09 18:32:44.626  5862  5901 D OpenGLRenderer: Swap behavior 0
07-09 18:32:44.628  5862  5901 D EGL_emulation: eglCreateContext: 0xb1885ba0: maj 2 min 0 rcv 2
07-09 18:32:44.639  5862  5862 D CordovaWebViewImpl: onPageDidNavigate(file:///android_asset/www/index.html)
07-09 18:32:44.639  5862  5901 D EGL_emulation: eglMakeCurrent: 0xb1885ba0: ver 2 0 (tinfo 0x92a333f0)
07-09 18:32:44.647  5862  5862 W art     : Attempt to remove non-JNI local reference, dumping thread
07-09 18:32:44.649  5862  5901 D EGL_emulation: eglMakeCurrent: 0xb1885ba0: ver 2 0 (tinfo 0x92a333f0)
07-09 18:32:44.695  5862  5862 W cr_BindingManager: Cannot call determinedVisibility() - never saw a connection for the pid: 5862
07-09 18:32:44.695  1580  1600 I ActivityManager: Displayed io.cordova.hellocordova/.MainActivity: +286ms
07-09 18:32:44.696  5862  5862 D cr_Ime  : [InputMethodManagerWrapper.java:59] isActive: true
07-09 18:32:44.696  5862  5862 D cr_Ime  : [InputMethodManagerWrapper.java:68] hideSoftInputFromWindow
07-09 18:32:44.696  5852  5852 D AndroidRuntime: Shutting down VM
07-09 18:32:44.702  5862  5862 W art     : Attempt to remove non-JNI local reference, dumping thread
07-09 18:32:44.721  5862  5862 W art     : Attempt to remove non-JNI local reference, dumping thread
07-09 18:32:44.733  5862  5862 W art     : Attempt to remove non-JNI local reference, dumping thread
07-09 18:32:44.755  5862  5862 W art     : Attempt to remove non-JNI local reference, dumping thread
07-09 18:32:44.766  5862  5862 W art     : Attempt to remove non-JNI local reference, dumping thread
07-09 18:32:44.786  5862  5862 W art     : Attempt to remove non-JNI local reference, dumping thread
07-09 18:32:44.800  5862  5862 W art     : Attempt to remove non-JNI local reference, dumping thread
07-09 18:32:44.816  5862  5862 W art     : Attempt to remove non-JNI local reference, dumping thread
07-09 18:32:44.832  5862  5862 W art     : Attempt to remove non-JNI local reference, dumping thread
07-09 18:32:44.849  5862  5862 W art     : Attempt to remove non-JNI local reference, dumping thread
07-09 18:32:44.866  5862  5862 W art     : Attempt to remove non-JNI local reference, dumping thread
07-09 18:32:44.882  1580  1600 I WindowManager: Destroying surface Surface(name=Starting io.cordova.hellocordova) called by com.android.server.wm.WindowStateAnimator.destroySurface:2014 com.android.server.wm.WindowStateAnimator.destroySurfaceLocked:881 com.android.server.wm.WindowState.destroyOrSaveSurface:2073 com.android.server.wm.AppWindowToken.destroySurfaces:363 com.android.server.wm.WindowStateAnimator.finishExit:565 com.android.server.wm.WindowStateAnimator.stepAnimationLocked:491 com.android.server.wm.WindowAnimator.updateWindowsLocked:303 com.android.server.wm.WindowAnimator.animateLocked:704 
07-09 18:32:44.883  5862  5862 W art     : Attempt to remove non-JNI local reference, dumping thread
07-09 18:32:44.901  5862  5862 W art     : Attempt to remove non-JNI local reference, dumping thread
07-09 18:32:44.917  5862  5862 W art     : Attempt to remove non-JNI local reference, dumping thread
07-09 18:32:44.933  5862  5862 W art     : Attempt to remove non-JNI local reference, dumping thread
07-09 18:32:44.951  5862  5862 W art     : Attempt to remove non-JNI local reference, dumping thread
07-09 18:32:44.967  5862  5862 W art     : Attempt to remove non-JNI local reference, dumping thread
07-09 18:32:44.984  5862  5862 W art     : Attempt to remove non-JNI local reference, dumping thread
07-09 18:32:44.999  5862  5862 W art     : Attempt to remove non-JNI local reference, dumping thread
07-09 18:32:45.019  5862  5862 W art     : Attempt to remove non-JNI local reference, dumping thread
07-09 18:32:45.036  5862  5862 W art     : Attempt to remove non-JNI local reference, dumping thread
07-09 18:32:45.053  5862  5862 W art     : Attempt to remove non-JNI local reference, dumping thread
07-09 18:32:45.067  5862  5862 W art     : Attempt to remove non-JNI local reference, dumping thread
07-09 18:32:45.083  5862  5862 W art     : Attempt to remove non-JNI local reference, dumping thread
07-09 18:32:45.099  5862  5862 W art     : Attempt to remove non-JNI local reference, dumping thread
07-09 18:32:45.106  5862  5862 D SystemWebChromeClient: https://unpkg.com/onsenui@2.4.2/js/onsenui.min.js: Line 20 : Custom Elements: `Element#attachShadow` was not patched.
07-09 18:32:45.106  5862  5862 I chromium: [INFO:CONSOLE(20)] "Custom Elements: `Element#attachShadow` was not patched.", source: https://unpkg.com/onsenui@2.4.2/js/onsenui.min.js (20)
07-09 18:32:45.116  5862  5862 W art     : Attempt to remove non-JNI local reference, dumping thread
07-09 18:32:45.132  5862  5862 W art     : Attempt to remove non-JNI local reference, dumping thread
07-09 18:32:45.149  5862  5862 W art     : Attempt to remove non-JNI local reference, dumping thread
07-09 18:32:45.166  5862  5862 W art     : Attempt to remove non-JNI local reference, dumping thread
07-09 18:32:45.186  5862  5862 W art     : Attempt to remove non-JNI local reference, dumping thread
07-09 18:32:45.202  5862  5862 W art     : Attempt to remove non-JNI local reference, dumping thread
07-09 18:32:45.216  5862  5862 W art     : Attempt to remove non-JNI local reference, dumping thread
07-09 18:32:45.232  5862  5862 W art     : Attempt to remove non-JNI local reference, dumping thread
07-09 18:32:45.248  2190  2478 I Icing   : Indexing D3776286D12FC7DB06D432C084C75C62DB0FF1AC from com.google.android.gms
07-09 18:32:45.254  5862  5862 W art     : Attempt to remove non-JNI local reference, dumping thread
07-09 18:32:45.266  5862  5862 W art     : Attempt to remove non-JNI local reference, dumping thread
07-09 18:32:45.286  5862  5862 W art     : Attempt to remove non-JNI local reference, dumping thread
07-09 18:32:45.297  1580  1973 I WindowManager: Destroying surface Surface(name=com.android.launcher3/com.android.launcher3.Launcher) called by com.android.server.wm.WindowStateAnimator.destroySurface:2014 com.android.server.wm.WindowStateAnimator.destroySurfaceLocked:881 com.android.server.wm.WindowState.destroyOrSaveSurface:2073 com.android.server.wm.AppWindowToken.destroySurfaces:363 com.android.server.wm.AppWindowToken.notifyAppStopped:389 com.android.server.wm.WindowManagerService.notifyAppStopped:4456 com.android.server.am.ActivityStack.activityStoppedLocked:1252 com.android.server.am.ActivityManagerService.activityStopped:6903 
07-09 18:32:45.299  5862  5862 W art     : Attempt to remove non-JNI local reference, dumping thread
07-09 18:32:45.314  2190  2478 I Icing   : Indexing EE6F8C9882833486D9329DB7241784EA0359044B from com.google.android.googlequicksearchbox
07-09 18:32:45.320  5862  5862 W art     : Attempt to remove non-JNI local reference, dumping thread
07-09 18:32:45.333  5862  5862 W art     : Attempt to remove non-JNI local reference, dumping thread
07-09 18:32:45.349  5862  5862 W art     : Attempt to remove non-JNI local reference, dumping thread
07-09 18:32:45.368  5862  5862 W art     : Attempt to remove non-JNI local reference, dumping thread
07-09 18:32:45.384  5862  5862 W art     : Attempt to remove non-JNI local reference, dumping thread
07-09 18:32:45.399  5862  5862 W art     : Attempt to remove non-JNI local reference, dumping thread
07-09 18:32:45.416  5862  5862 W art     : Attempt to remove non-JNI local reference, dumping thread
07-09 18:32:45.433  5862  5862 W art     : Attempt to remove non-JNI local reference, dumping thread
07-09 18:32:45.450  5862  5862 W art     : Attempt to remove non-JNI local reference, dumping thread
07-09 18:32:45.466  5862  5862 W art     : Attempt to remove non-JNI local reference, dumping thread
07-09 18:32:45.482  5862  5862 W art     : Attempt to remove non-JNI local reference, dumping thread
07-09 18:32:45.496  2190  2478 I Icing   : Indexing done D3776286D12FC7DB06D432C084C75C62DB0FF1AC
07-09 18:32:45.499  5862  5862 W art     : Attempt to remove non-JNI local reference, dumping thread
07-09 18:32:45.516  5862  5862 W art     : Attempt to remove non-JNI local reference, dumping thread
07-09 18:32:45.528  2190  2478 I Icing   : Indexing done EE6F8C9882833486D9329DB7241784EA0359044B
07-09 18:32:45.537  5862  5862 W art     : Attempt to remove non-JNI local reference, dumping thread
07-09 18:32:45.554  5862  5862 W art     : Attempt to remove non-JNI local reference, dumping thread
07-09 18:32:45.569  5862  5862 W art     : Attempt to remove non-JNI local reference, dumping thread
07-09 18:32:45.582  5862  5862 W art     : Attempt to remove non-JNI local reference, dumping thread
07-09 18:32:45.601  5862  5862 W art     : Attempt to remove non-JNI local reference, dumping thread
07-09 18:32:45.641  5862  5862 D JsMessageQueue: Set native->JS mode to EvalBridgeMode
07-09 18:32:45.649  5862  5862 W art     : Attempt to remove non-JNI local reference, dumping thread
07-09 18:32:45.686  5862  5917 I App     : WARNING: Back Button Default Behavior will be overridden.  The backbutton event will be fired!
07-09 18:32:45.695  5862  5862 W art     : Attempt to remove non-JNI local reference, dumping thread
07-09 18:32:45.698  5862  5862 D SystemWebChromeClient: file:///android_asset/www/js/index.js: Line 15 : YAEMR: {"section_name":"Subjective","data":[{"name":"Sore throat","f":71},{"name":"Skin rash","f":69},{"name":"Abdominal pain","f":61},{"name":"Backache","f":52},{"name":"Earache","f":49}]}
07-09 18:32:45.698  5862  5862 I chromium: [INFO:CONSOLE(15)] "YAEMR: {"section_name":"Subjective","data":[{"name":"Sore throat","f":71},{"name":"Skin rash","f":69},{"name":"Abdominal pain","f":61},{"name":"Backache","f":52},{"name":"Earache","f":49}]}", source: file:///android_asset/www/js/index.js (15)
07-09 18:32:45.698  5862  5862 D SystemWebChromeClient: file:///android_asset/www/js/index.js: Line 15 : YAEMR: {"section_name":"Objective","data":[{"name":"Sore throat","f":71},{"name":"Skin rash","f":69},{"name":"Abdominal pain","f":61},{"name":"Backache","f":52},{"name":"Earache","f":49}]}
07-09 18:32:45.698  5862  5862 I chromium: [INFO:CONSOLE(15)] "YAEMR: {"section_name":"Objective","data":[{"name":"Sore throat","f":71},{"name":"Skin rash","f":69},{"name":"Abdominal pain","f":61},{"name":"Backache","f":52},{"name":"Earache","f":49}]}", source: file:///android_asset/www/js/index.js (15)
07-09 18:32:45.700  5862  5862 D SystemWebChromeClient: file:///android_asset/www/js/index.js: Line 15 : YAEMR: {"section_name":"Assessment","data":[{"name":"Sore throat","f":71},{"name":"Skin rash","f":69},{"name":"Abdominal pain","f":61},{"name":"Backache","f":52},{"name":"Earache","f":49}]}
07-09 18:32:45.700  5862  5862 I chromium: [INFO:CONSOLE(15)] "YAEMR: {"section_name":"Assessment","data":[{"name":"Sore throat","f":71},{"name":"Skin rash","f":69},{"name":"Abdominal pain","f":61},{"name":"Backache","f":52},{"name":"Earache","f":49}]}", source: file:///android_asset/www/js/index.js (15)
07-09 18:32:45.708  5862  5862 D SystemWebChromeClient: file:///android_asset/www/js/index.js: Line 15 : YAEMR: {"section_name":"Plan","data":[{"name":"Sore throat","f":71},{"name":"Skin rash","f":69},{"name":"Abdominal pain","f":61},{"name":"Backache","f":52},{"name":"Earache","f":49}]}
07-09 18:32:45.708  5862  5862 I chromium: [INFO:CONSOLE(15)] "YAEMR: {"section_name":"Plan","data":[{"name":"Sore throat","f":71},{"name":"Skin rash","f":69},{"name":"Abdominal pain","f":61},{"name":"Backache","f":52},{"name":"Earache","f":49}]}", source: file:///android_asset/www/js/index.js (15)
07-09 18:32:45.992  5862  5862 W art     : Attempt to remove non-JNI local reference, dumping thread
07-09 18:32:46.067  5862  5911 D NetworkSecurityConfig: No Network Security Config specified, using platform default
07-09 18:32:46.494  5862  5862 W art     : Attempt to remove non-JNI local reference, dumping thread
07-09 18:32:46.751  5862  5862 W art     : Attempt to remove non-JNI local reference, dumping thread
07-09 18:32:47.918  5862  5862 W art     : Attempt to remove non-JNI local reference, dumping thread
07-09 18:32:48.197  5862  5862 W art     : Attempt to remove non-JNI local reference, dumping thread
07-09 18:32:48.204  5862  5862 D CordovaWebViewImpl: onPageFinished(file:///android_asset/www/index.html)
07-09 18:32:48.481  5862  5862 W art     : Attempt to remove non-JNI local reference, dumping thread
07-09 18:32:58.975  2357  2396 W Finsky  : [138] com.google.android.finsky.FinskyApp.i(1468): No account configured on this device.
07-09 18:32:58.977  2357  2396 I Finsky  : [138] com.google.android.finsky.c.e.run(1151): Replicating app states via AMAS.
07-09 18:32:59.027  2357  2396 I Finsky  : [138] com.google.android.finsky.c.c.a(311): Completed 0 account content syncs with 0 successful.
07-09 18:32:59.027  2357  2357 I Finsky  : [1] com.google.android.finsky.services.j.a(149): Installation state replication succeeded.
07-09 18:33:25.808  1580  1592 I UsageStatsService: User[0] Flushing usage stats to disk
07-09 18:42:26.045  1354  1354 D WVCdm   : Instantiating CDM.
07-09 18:42:26.045  1354  1370 I WVCdm   : CdmEngine::OpenSession
07-09 18:42:26.046  1354  1370 I WVCdm   : Level3 Library 4464 Mar 30 2016 13:26:29
07-09 18:42:26.047  1354  1370 W WVCdm   : Could not load liboemcrypto.so. Falling back to L3.  dlopen failed: library "liboemcrypto.so" not found
07-09 18:42:26.050  1354  1370 I WVCdm   : CdmEngine::QueryKeyControlInfo
07-09 18:42:26.050  1354  2319 I WVCdm   : CdmEngine::GenerateKeyRequest
07-09 18:42:26.051  1354  2319 D WVCdm   : PrepareKeyRequest: nonce=3720808240
07-09 18:42:26.057  1929  6166 I GoogleURLConnFactory: Using platform SSLCertificateSocketFactory
07-09 18:42:26.119  1354  6168 I WVCdm   : CdmEngine::CloseSession
07-09 18:42:26.434  1929  6166 I GoogleURLConnFactory: Using platform SSLCertificateSocketFactory
07-09 18:42:26.511  2276  2288 D EGL_emulation: eglCreateContext: 0xa240e820: maj 2 min 0 rcv 2
07-09 18:42:26.513  2276  2288 D EGL_emulation: eglMakeCurrent: 0xa240e820: ver 2 0 (tinfo 0xa41718b0)
07-09 18:42:26.543  2276  2288 D EGL_emulation: eglCreateContext: 0xa2436120: maj 2 min 0 rcv 2
07-09 18:42:26.544  2276  2288 D EGL_emulation: eglMakeCurrent: 0xa2436120: ver 2 0 (tinfo 0xa41718b0)
07-09 18:42:26.549  2276  2276 W Binder:2276_2: type=1400 audit(0.0:15): avc: denied { read } for name="/" dev="tmpfs" ino=2989 scontext=u:r:priv_app:s0:c512,c768 tcontext=u:object_r:device:s0 tclass=dir permissive=0
07-09 18:42:26.743  1929  2806 W Conscrypt: Could not set socket write timeout: null
07-09 18:42:26.790  1929  2806 W Conscrypt: Could not set socket write timeout: null
07-09 18:42:26.898  1929  2806 W GLSUser : [AppCertManager] IOException while requesting key: 
07-09 18:42:26.898  1929  2806 W GLSUser : java.io.IOException: Invalid device key response.
07-09 18:42:26.898  1929  2806 W GLSUser : 	at evk.a(:com.google.android.gms:274)
07-09 18:42:26.898  1929  2806 W GLSUser : 	at evk.a(:com.google.android.gms:4238)
07-09 18:42:26.898  1929  2806 W GLSUser : 	at evj.a(:com.google.android.gms:45)
07-09 18:42:26.898  1929  2806 W GLSUser : 	at evd.a(:com.google.android.gms:50)
07-09 18:42:26.898  1929  2806 W GLSUser : 	at evc.a(:com.google.android.gms:104)
07-09 18:42:26.898  1929  2806 W GLSUser : 	at com.google.android.gms.auth.account.be.legacy.AuthCronChimeraService.b(:com.google.android.gms:4049)
07-09 18:42:26.898  1929  2806 W GLSUser : 	at ecm.call(:com.google.android.gms:2041)
07-09 18:42:26.898  1929  2806 W GLSUser : 	at java.util.concurrent.FutureTask.run(FutureTask.java:237)
07-09 18:42:26.898  1929  2806 W GLSUser : 	at llt.run(:com.google.android.gms:450)
07-09 18:42:26.898  1929  2806 W GLSUser : 	at java.util.concurrent.ThreadPoolExecutor.runWorker(ThreadPoolExecutor.java:1133)
07-09 18:42:26.898  1929  2806 W GLSUser : 	at java.util.concurrent.ThreadPoolExecutor$Worker.run(ThreadPoolExecutor.java:607)
07-09 18:42:26.898  1929  2806 W GLSUser : 	at lqc.run(:com.google.android.gms:17)
07-09 18:42:26.898  1929  2806 W GLSUser : 	at java.lang.Thread.run(Thread.java:761)
07-09 18:43:26.009  1929  1929 W GCM     : Heartbeat timeout, GCM connection reset -15
07-09 18:43:26.011  1580  2749 D ConnectivityService: reportNetworkConnectivity(100, false) by 10013
07-09 18:43:26.176  1580  1627 D ConnectivityService: NetworkAgentInfo [MOBILE (LTE) - 100] validation passed
07-09 18:43:32.696  1580  1973 I ActivityManager: Killing 4657:com.google.android.gms.ui/u0a13 (adj 904): empty for 1805s
07-09 18:43:32.747  1580  2749 D ActivityManager: cleanUpApplicationRecord -- 4657
07-09 18:45:15.031  1580  1623 D WifiNative-HAL: Failing getSupportedFeatureset because HAL isn't started
07-09 18:45:15.032  1580  1596 E BluetoothAdapter: Bluetooth binder is null
07-09 18:45:15.032  1580  1596 E BatteryStatsService: no controller energy info supplied
07-09 18:45:15.033  1580  1596 E KernelCpuSpeedReader: Failed to read cpu-freq: /sys/devices/system/cpu/cpu0/cpufreq/stats/time_in_state (No such file or directory)
07-09 18:45:15.033  1580  1596 E KernelUidCpuTimeReader: Failed to read uid_cputime: /proc/uid_cputime/show_uid_stat (No such file or directory)
07-09 18:45:15.034  1580  1596 E BatteryStatsService: modem info is invalid: ModemActivityInfo{ mTimestamp=0 mSleepTimeMs=0 mIdleTimeMs=0 mTxTimeMs[]=[0, 0, 0, 0, 0] mRxTimeMs=0 mEnergyUsed=0}
07-09 18:45:32.713  1580  1593 I ProcessStatsService: Prepared write state in 3ms
07-09 18:45:32.724  2809  2809 D Babel   : onCreate: Shutdown runnable posted in onCreate with a delay of 5000 ms.
