07-09 14:36:38.604  3744  3744 W cr_BindingManager: Cannot call determinedVisibility() - never saw a connection for the pid: 3744
07-09 14:36:38.605  3744  3744 D cr_Ime  : [InputMethodManagerWrapper.java:59] isActive: true
07-09 14:36:38.605  3744  3744 D cr_Ime  : [InputMethodManagerWrapper.java:68] hideSoftInputFromWindow
07-09 14:36:38.622  3744  3744 W art     : Attempt to remove non-JNI local reference, dumping thread
07-09 14:36:38.644  3744  3744 W art     : Attempt to remove non-JNI local reference, dumping thread
07-09 14:36:38.669  3744  3744 D JsMessageQueue: Set native->JS mode to EvalBridgeMode
07-09 14:36:38.682  3744  3744 D SystemWebChromeClient: file:///android_asset/www/js/index.js: Line 26 : Uncaught SyntaxError: Unexpected token }
07-09 14:36:38.682  3744  3744 I chromium: [INFO:CONSOLE(26)] "Uncaught SyntaxError: Unexpected token }", source: file:///android_asset/www/js/index.js (26)
07-09 14:36:38.699  3744  3744 D CordovaWebViewImpl: onPageFinished(file:///android_asset/www/index.html)
07-09 14:36:38.754  1581  1601 I WindowManager: Destroying surface Surface(name=Starting io.cordova.hellocordova) called by com.android.server.wm.WindowStateAnimator.destroySurface:2014 com.android.server.wm.WindowStateAnimator.destroySurfaceLocked:881 com.android.server.wm.WindowState.destroyOrSaveSurface:2073 com.android.server.wm.AppWindowToken.destroySurfaces:363 com.android.server.wm.WindowStateAnimator.finishExit:565 com.android.server.wm.WindowStateAnimator.stepAnimationLocked:491 com.android.server.wm.WindowAnimator.updateWindowsLocked:303 com.android.server.wm.WindowAnimator.animateLocked:704 
07-09 14:36:39.050  2238  2292 I Icing   : Indexing EE6F8C9882833486D9329DB7241784EA0359044B from com.google.android.googlequicksearchbox
07-09 14:36:39.123  1581  1802 I WindowManager: Destroying surface Surface(name=com.android.launcher3/com.android.launcher3.Launcher) called by com.android.server.wm.WindowStateAnimator.destroySurface:2014 com.android.server.wm.WindowStateAnimator.destroySurfaceLocked:881 com.android.server.wm.WindowState.destroyOrSaveSurface:2073 com.android.server.wm.AppWindowToken.destroySurfaces:363 com.android.server.wm.AppWindowToken.notifyAppStopped:389 com.android.server.wm.WindowManagerService.notifyAppStopped:4456 com.android.server.am.ActivityStack.activityStoppedLocked:1252 com.android.server.am.ActivityManagerService.activityStopped:6903 
07-09 14:36:39.176  2238  2292 I Icing   : Indexing D3776286D12FC7DB06D432C084C75C62DB0FF1AC from com.google.android.gms
07-09 14:36:39.245  2238  2292 I Icing   : Indexing done EE6F8C9882833486D9329DB7241784EA0359044B
07-09 14:36:39.248  2238  2292 I Icing   : Indexing done D3776286D12FC7DB06D432C084C75C62DB0FF1AC
07-09 14:36:40.081  3744  3744 W art     : Attempt to remove non-JNI local reference, dumping thread
07-09 14:36:40.094  3744  3744 W art     : Attempt to remove non-JNI local reference, dumping thread
07-09 14:36:40.111  3744  3744 W art     : Attempt to remove non-JNI local reference, dumping thread
07-09 14:36:40.127  3744  3744 W art     : Attempt to remove non-JNI local reference, dumping thread
07-09 14:36:40.143  3744  3744 W art     : Attempt to remove non-JNI local reference, dumping thread
07-09 14:36:40.163  3744  3744 W art     : Attempt to remove non-JNI local reference, dumping thread
07-09 14:36:40.177  3744  3744 W art     : Attempt to remove non-JNI local reference, dumping thread
07-09 14:36:40.195  3744  3744 W art     : Attempt to remove non-JNI local reference, dumping thread
07-09 14:36:40.210  3744  3744 W art     : Attempt to remove non-JNI local reference, dumping thread
07-09 14:36:40.226  3744  3744 W art     : Attempt to remove non-JNI local reference, dumping thread
07-09 14:36:40.242  3744  3744 W art     : Attempt to remove non-JNI local reference, dumping thread
07-09 14:36:40.259  3744  3744 W art     : Attempt to remove non-JNI local reference, dumping thread
07-09 14:36:40.276  3744  3744 W art     : Attempt to remove non-JNI local reference, dumping thread
07-09 14:36:40.290  3744  3744 W art     : Attempt to remove non-JNI local reference, dumping thread
07-09 14:36:40.309  3744  3744 W art     : Attempt to remove non-JNI local reference, dumping thread
07-09 14:36:40.326  3744  3744 W art     : Attempt to remove non-JNI local reference, dumping thread
07-09 14:36:40.343  3744  3744 W art     : Attempt to remove non-JNI local reference, dumping thread
07-09 14:36:43.115  3744  3744 D cr_Ime  : [InputMethodManagerWrapper.java:59] isActive: true
07-09 14:36:43.115  3744  3744 D cr_Ime  : [InputMethodManagerWrapper.java:68] hideSoftInputFromWindow
07-09 14:36:43.419  3744  3744 D cr_Ime  : [InputMethodManagerWrapper.java:59] isActive: true
07-09 14:36:43.420  3744  3744 D cr_Ime  : [InputMethodManagerWrapper.java:68] hideSoftInputFromWindow
07-09 14:36:43.725  3744  3744 D cr_Ime  : [InputMethodManagerWrapper.java:59] isActive: true
07-09 14:36:43.725  3744  3744 D cr_Ime  : [InputMethodManagerWrapper.java:68] hideSoftInputFromWindow
07-09 14:36:44.314  3744  3744 D cr_Ime  : [InputMethodManagerWrapper.java:59] isActive: true
07-09 14:36:44.314  3744  3744 D cr_Ime  : [InputMethodManagerWrapper.java:68] hideSoftInputFromWindow
07-09 14:36:44.543  3744  3744 D cr_Ime  : [InputMethodManagerWrapper.java:59] isActive: true
07-09 14:36:44.543  3744  3744 D cr_Ime  : [InputMethodManagerWrapper.java:68] hideSoftInputFromWindow
07-09 14:36:46.242  3744  3744 D cr_Ime  : [InputMethodManagerWrapper.java:59] isActive: true
07-09 14:36:46.243  3744  3744 D cr_Ime  : [InputMethodManagerWrapper.java:68] hideSoftInputFromWindow
07-09 14:37:03.718  2408  2452 W Finsky  : [142] com.google.android.finsky.FinskyApp.i(1468): No account configured on this device.
07-09 14:37:03.724  2408  2452 I Finsky  : [142] com.google.android.finsky.c.e.run(1151): Replicating app states via AMAS.
07-09 14:37:03.909  2408  2452 I Finsky  : [142] com.google.android.finsky.c.c.a(311): Completed 0 account content syncs with 0 successful.
07-09 14:37:03.910  2408  2408 I Finsky  : [1] com.google.android.finsky.services.j.a(149): Installation state replication succeeded.
07-09 14:40:28.689  1650  1827 D EGL_emulation: eglMakeCurrent: 0x8c39bea0: ver 2 0 (tinfo 0xa58493f0)
07-09 14:40:28.776  1349  1390 W audio_hw_generic: Not supplying enough data to HAL, expected position 862000 , only wrote 861840
07-09 14:40:28.781  3744  3744 D CordovaActivity: Paused the activity.
07-09 14:40:28.787  1306  1336 D gralloc_ranchu: gralloc_alloc: Creating ashmem region of size 2691072
07-09 14:40:28.791  1306  1306 E EGL_emulation: tid 1306: eglCreateSyncKHR(1901): error 0x3004 (EGL_BAD_ATTRIBUTE)
07-09 14:40:28.840  2006  2183 D EGL_emulation: eglMakeCurrent: 0xa9405240: ver 2 0 (tinfo 0xa9403200)
07-09 14:40:28.871  3744  3783 D EGL_emulation: eglMakeCurrent: 0x8ba87000: ver 2 0 (tinfo 0x99fff770)
07-09 14:40:29.112  3744  3744 D CordovaActivity: Stopped the activity.
07-09 14:40:29.112  3744  3744 D CordovaActivity: CordovaActivity.onDestroy()
07-09 14:40:29.112  3744  3744 D CordovaWebViewImpl: >>> loadUrl(about:blank)
07-09 14:40:29.113  3744  3744 W cr_AwContents: WebView.destroy() called while WebView is still attached to window.
07-09 14:40:29.116  3744  3744 D cr_Ime  : [InputMethodManagerWrapper.java:59] isActive: false
07-09 14:40:29.288  1581  1601 I WindowManager: Destroying surface Surface(name=io.cordova.hellocordova/io.cordova.hellocordova.MainActivity) called by com.android.server.wm.WindowStateAnimator.destroySurface:2014 com.android.server.wm.WindowStateAnimator.destroySurfaceLocked:881 com.android.server.wm.WindowState.removeLocked:1449 com.android.server.wm.WindowManagerService.removeWindowInnerLocked:2478 com.android.server.wm.AppWindowToken.destroySurfaces:365 com.android.server.wm.WindowStateAnimator.finishExit:565 com.android.server.wm.WindowStateAnimator.stepAnimationLocked:491 com.android.server.wm.WindowAnimator.updateWindowsLocked:303 
07-09 14:40:31.213  1581  1786 I ActivityManager: START u0 {act=android.intent.action.MAIN cat=[android.intent.category.LAUNCHER] flg=0x10200000 cmp=io.cordova.hellocordova/.MainActivity (has extras)} from uid 10019 on display 0
07-09 14:40:31.282  3744  3744 I CordovaLog: Changing log level to DEBUG(3)
07-09 14:40:31.282  3744  3744 I CordovaActivity: Apache Cordova native platform version 6.2.3 is starting
07-09 14:40:31.282  3744  3744 D CordovaActivity: CordovaActivity.onCreate()
07-09 14:40:31.285  3744  3744 D cr_Ime  : [InputMethodManagerWrapper.java:30] Constructor
07-09 14:40:31.288  3744  3744 W cr_AwContents: onDetachedFromWindow called when already detached. Ignoring
07-09 14:40:31.288  3744  3744 D cr_Ime  : [InputMethodManagerWrapper.java:59] isActive: false
07-09 14:40:31.289  1306  1336 D gralloc_ranchu: gralloc_alloc: Creating ashmem region of size 8294400
07-09 14:40:31.292  3744  3744 D SystemWebViewEngine: CordovaWebView is running on device made by: Google
07-09 14:40:31.297  3744  3744 D PluginManager: init()
07-09 14:40:31.298  3744  3744 D CordovaWebViewImpl: >>> loadUrl(file:///android_asset/www/index.html)
07-09 14:40:31.300  3744  3744 I cr_Ime  : ImeThread is not enabled.
07-09 14:40:31.306  3744  3744 D CordovaActivity: Started the activity.
07-09 14:40:31.308  3744  3785 D EGL_emulation: eglMakeCurrent: 0x8bab0600: ver 2 0 (tinfo 0x99fffdf0)
07-09 14:40:31.317  3744  3744 D CordovaActivity: Resumed the activity.
07-09 14:40:31.399  3744  3744 D CordovaWebViewImpl: onPageDidNavigate(file:///android_asset/www/index.html)
07-09 14:40:31.399  3744  3744 W cr_BindingManager: Cannot call determinedVisibility() - never saw a connection for the pid: 3744
07-09 14:40:31.399  3744  3744 D cr_Ime  : [InputMethodManagerWrapper.java:59] isActive: false
07-09 14:40:31.400  3744  3744 D JsMessageQueue: Set native->JS mode to EvalBridgeMode
07-09 14:40:31.404  3744  3744 W art     : Attempt to remove non-JNI local reference, dumping thread
07-09 14:40:31.406  3744  3783 D EGL_emulation: eglMakeCurrent: 0x8ba87000: ver 2 0 (tinfo 0x99fff770)
07-09 14:40:31.407  2006  2183 D EGL_emulation: eglMakeCurrent: 0xa9405240: ver 2 0 (tinfo 0xa9403200)
07-09 14:40:31.446  1581  1601 I ActivityManager: Displayed io.cordova.hellocordova/.MainActivity: +210ms
07-09 14:40:31.451  3744  3744 W art     : Attempt to remove non-JNI local reference, dumping thread
07-09 14:40:31.466  3744  3744 D SystemWebChromeClient: file:///android_asset/www/js/index.js: Line 26 : Uncaught SyntaxError: Unexpected token }
07-09 14:40:31.467  3744  3744 I chromium: [INFO:CONSOLE(26)] "Uncaught SyntaxError: Unexpected token }", source: file:///android_asset/www/js/index.js (26)
07-09 14:40:31.471  3744  3744 D CordovaWebViewImpl: onPageFinished(file:///android_asset/www/index.html)
07-09 14:40:31.637  1581  1601 I WindowManager: Destroying surface Surface(name=Starting io.cordova.hellocordova) called by com.android.server.wm.WindowStateAnimator.destroySurface:2014 com.android.server.wm.WindowStateAnimator.destroySurfaceLocked:881 com.android.server.wm.WindowState.destroyOrSaveSurface:2073 com.android.server.wm.AppWindowToken.destroySurfaces:363 com.android.server.wm.WindowStateAnimator.finishExit:565 com.android.server.wm.WindowStateAnimator.stepAnimationLocked:491 com.android.server.wm.WindowAnimator.updateWindowsLocked:303 com.android.server.wm.WindowAnimator.animateLocked:704 
07-09 14:40:31.781  1581  1678 I WindowManager: Destroying surface Surface(name=com.android.launcher3/com.android.launcher3.Launcher) called by com.android.server.wm.WindowStateAnimator.destroySurface:2014 com.android.server.wm.WindowStateAnimator.destroySurfaceLocked:881 com.android.server.wm.WindowState.destroyOrSaveSurface:2073 com.android.server.wm.AppWindowToken.destroySurfaces:363 com.android.server.wm.AppWindowToken.notifyAppStopped:389 com.android.server.wm.WindowManagerService.notifyAppStopped:4456 com.android.server.am.ActivityStack.activityStoppedLocked:1252 com.android.server.am.ActivityManagerService.activityStopped:6903 
07-09 14:40:32.971  3744  3744 W art     : Attempt to remove non-JNI local reference, dumping thread
07-09 14:40:32.991  3744  3744 W art     : Attempt to remove non-JNI local reference, dumping thread
07-09 14:40:33.010  3744  3744 W art     : Attempt to remove non-JNI local reference, dumping thread
07-09 14:40:33.039  3744  3744 W art     : Attempt to remove non-JNI local reference, dumping thread
07-09 14:40:33.063  3744  3744 W art     : Attempt to remove non-JNI local reference, dumping thread
07-09 14:40:33.078  3744  3744 W art     : Attempt to remove non-JNI local reference, dumping thread
07-09 14:40:33.097  3744  3744 W art     : Attempt to remove non-JNI local reference, dumping thread
07-09 14:40:33.110  3744  3744 W art     : Attempt to remove non-JNI local reference, dumping thread
07-09 14:40:33.129  3744  3744 W art     : Attempt to remove non-JNI local reference, dumping thread
07-09 14:40:33.144  3744  3744 W art     : Attempt to remove non-JNI local reference, dumping thread
07-09 14:40:33.162  3744  3744 W art     : Attempt to remove non-JNI local reference, dumping thread
07-09 14:40:33.178  3744  3744 W art     : Attempt to remove non-JNI local reference, dumping thread
07-09 14:40:33.193  3744  3744 W art     : Attempt to remove non-JNI local reference, dumping thread
07-09 14:40:33.209  3744  3744 W art     : Attempt to remove non-JNI local reference, dumping thread
07-09 14:40:33.226  3744  3744 W art     : Attempt to remove non-JNI local reference, dumping thread
07-09 14:40:34.432  1349  1391 W audio_hw_generic: Not supplying enough data to HAL, expected position 1402613 , only wrote 1133280
07-09 14:41:00.041  1650  1827 D EGL_emulation: eglMakeCurrent: 0x8c39bea0: ver 2 0 (tinfo 0xa58493f0)
07-09 14:46:09.495  1352  1352 I         : free_cache(4989692) avail 688242688
07-09 14:46:09.616  1581  1606 I PackageManager.DexOptimizer: Running dexopt (dex2oat) on: /data/app/vmdl2136662511.tmp/base.apk pkg=io.cordova.hellocordova isa=x86 vmSafeMode=false debuggable=true target-filter=interpret-only oatDir = /data/app/vmdl2136662511.tmp/oat sharedLibraries=null
07-09 14:46:09.624  4057  4057 W dex2oat : Unexpected CPU variant for X86 using defaults: x86
07-09 14:46:09.624  4057  4057 W dex2oat : Mismatch between dex2oat instruction set features (ISA: X86 Feature string: smp,-ssse3,-sse4.1,-sse4.2,-avx,-avx2,-lock_add,-popcnt) and those of dex2oat executable (ISA: X86 Feature string: smp,ssse3,-sse4.1,-sse4.2,-avx,-avx2,-lock_add,-popcnt) for the command line:
07-09 14:46:09.624  4057  4057 W dex2oat : /system/bin/dex2oat --zip-fd=6 --zip-location=base.apk --oat-fd=7 --oat-location=/data/app/vmdl2136662511.tmp/oat/x86/base.odex --instruction-set=x86 --instruction-set-variant=x86 --instruction-set-features=default --runtime-arg -Xms64m --runtime-arg -Xmx512m --compiler-filter=interpret-only --swap-fd=9 --debuggable
07-09 14:46:09.624  4057  4057 I dex2oat : /system/bin/dex2oat --compiler-filter=interpret-only --debuggable
07-09 14:46:09.648  4057  4057 I dex2oat : dex2oat took 24.219ms (threads: 2) arena alloc=1920B (1920B) java alloc=233KB (238952B) native alloc=1079KB (1105536B) free=968KB (991616B)
07-09 14:46:09.649  1581  1594 I ActivityManager: Force stopping io.cordova.hellocordova appid=10075 user=-1: installPackageLI
07-09 14:46:09.649  1581  1594 I ActivityManager: Killing 3744:io.cordova.hellocordova/u0a75 (adj 0): stop io.cordova.hellocordova
07-09 14:46:09.649  1581  1594 D ActivityManager: cleanUpApplicationRecord -- 3744
07-09 14:46:09.649  1581  1594 W ActivityManager: Force removing ActivityRecord{d459924 u0 io.cordova.hellocordova/.MainActivity t83}: app died, no saved state
07-09 14:46:09.653  1581  1613 W InputDispatcher: channel 'ee2e2a7 io.cordova.hellocordova/io.cordova.hellocordova.MainActivity (server)' ~ Consumer closed input channel or an error occurred.  events=0x9
07-09 14:46:09.653  1581  1613 E InputDispatcher: channel 'ee2e2a7 io.cordova.hellocordova/io.cordova.hellocordova.MainActivity (server)' ~ Channel is unrecoverably broken and will be disposed!
07-09 14:46:09.653  1581  1802 D GraphicsStats: Buffer count: 3
07-09 14:46:09.654  1581  1594 W InputDispatcher: Attempted to unregister already unregistered input channel 'ee2e2a7 io.cordova.hellocordova/io.cordova.hellocordova.MainActivity (server)'
07-09 14:46:09.654  1581  1594 I WindowManager: Destroying surface Surface(name=io.cordova.hellocordova/io.cordova.hellocordova.MainActivity) called by com.android.server.wm.WindowStateAnimator.destroySurface:2014 com.android.server.wm.WindowStateAnimator.destroySurfaceLocked:881 com.android.server.wm.WindowState.removeLocked:1449 com.android.server.wm.WindowManagerService.removeWindowInnerLocked:2478 com.android.server.wm.WindowManagerService.removeWindowLocked:2436 com.android.server.wm.WindowManagerService.removeWindowLocked:2305 com.android.server.wm.AppWindowToken.removeAllWindows:530 com.android.server.wm.AppWindowToken.removeAppFromTaskLocked:326 
07-09 14:46:09.655  1581  1592 W WindowManager: Failed looking up window
07-09 14:46:09.655  1581  1592 W WindowManager: java.lang.IllegalArgumentException: Requested window android.os.BinderProxy@eb95f66 does not exist
07-09 14:46:09.655  1581  1592 W WindowManager: 	at com.android.server.wm.WindowManagerService.windowForClientLocked(WindowManagerService.java:9100)
07-09 14:46:09.655  1581  1592 W WindowManager: 	at com.android.server.wm.WindowManagerService.windowForClientLocked(WindowManagerService.java:9091)
07-09 14:46:09.655  1581  1592 W WindowManager: 	at com.android.server.wm.WindowState$DeathRecipient.binderDied(WindowState.java:1777)
07-09 14:46:09.655  1581  1592 W WindowManager: 	at android.os.BinderProxy.sendDeathNotice(Binder.java:688)
07-09 14:46:09.655  1581  1592 I WindowManager: WIN DEATH: null
07-09 14:46:09.677  1581  1606 I PackageManager: Package io.cordova.hellocordova codePath changed from /data/app/io.cordova.hellocordova-1 to /data/app/io.cordova.hellocordova-2; Retaining data and using new
07-09 14:46:09.677  1581  1606 W PackageManager: Code path for io.cordova.hellocordova changing from /data/app/io.cordova.hellocordova-1 to /data/app/io.cordova.hellocordova-2
07-09 14:46:09.677  1581  1606 W PackageManager: Resource path for io.cordova.hellocordova changing from /data/app/io.cordova.hellocordova-1 to /data/app/io.cordova.hellocordova-2
07-09 14:46:09.714  1581  1606 I art     : Starting a blocking GC Explicit
07-09 14:46:09.739  2006  2183 D EGL_emulation: eglMakeCurrent: 0xa9405240: ver 2 0 (tinfo 0xa9403200)
07-09 14:46:09.741  1581  1606 I art     : Explicit concurrent mark sweep GC freed 29830(1800KB) AllocSpace objects, 24(528KB) LOS objects, 25% free, 11MB/15MB, paused 227us total 26.496ms
07-09 14:46:09.743  1352  1352 E         : Couldn't opendir /data/app/vmdl2136662511.tmp: No such file or directory
07-09 14:46:09.744  1581  1606 I ActivityManager: Force stopping io.cordova.hellocordova appid=10075 user=0: pkg removed
07-09 14:46:09.753  1581  1614 I InputReader: Reconfiguring input devices.  changes=0x00000010
07-09 14:46:09.754  1581  1614 I InputReader: Reconfiguring input devices.  changes=0x00000010
07-09 14:46:09.767  1581  1614 I InputReader: Reconfiguring input devices.  changes=0x00000010
07-09 14:46:09.817  3059  3059 W ContextImpl: Calling a method in the system process without a qualified user: android.app.ContextImpl.startService:1385 android.content.ContextWrapper.startService:613 android.content.ContextWrapper.startService:613 com.android.keychain.KeyChainBroadcastReceiver.onReceive:12 android.app.ActivityThread.handleReceiver:3011 
07-09 14:46:09.821  1771  1771 D CarrierSvcBindHelper: No carrier app for: 0
07-09 14:46:09.828  1771  1771 D CarrierSvcBindHelper: No carrier app for: 0
07-09 14:46:09.828  1771  1771 D CarrierConfigLoader: mHandler: 9 phoneId: 0
07-09 14:46:09.879  1945  2741 E NetworkScheduler.SR: Invalid parameter app
07-09 14:46:09.879  1945  2741 E NetworkScheduler.SR: Invalid package name : Perhaps you didn't include a PendingIntent in the extras?
07-09 14:46:09.893  2238  2292 E Drive.UninstallOperation: Package still installed io.cordova.hellocordova
07-09 14:46:09.902  2408  2408 I Finsky  : [1] com.google.android.finsky.utils.PermissionPolicies$PermissionPolicyService.onStartCommand(117): post-install permissions check for io.cordova.hellocordova
07-09 14:46:09.904  2408  2408 I Finsky  : [1] com.google.android.finsky.utils.bh.run(2302): Package state data is missing for io.cordova.hellocordova
07-09 14:46:09.904  2408  2408 W Finsky  : [1] com.google.android.finsky.FinskyApp.i(1468): No account configured on this device.
07-09 14:46:09.952  2034  4079 I UpdateIcingCorporaServi: Updating corpora: APPS=io.cordova.hellocordova, CONTACTS=MAYBE
07-09 14:46:09.980  2238  4077 D Wear_Controller: Received broadcast action=android.intent.action.PACKAGE_REMOVED and uri=io.cordova.hellocordova
07-09 14:46:09.981  2238  4071 D Wear_Controller: Received broadcast action=android.intent.action.PACKAGE_ADDED and uri=io.cordova.hellocordova
07-09 14:46:09.996  2238  2246 W SQLiteConnectionPool: A SQLiteConnection object for database '/data/user/0/com.google.android.gms/databases/metrics.db' was leaked!  Please fix your application to end transactions in progress properly and to close the database when it is no longer needed.
07-09 14:46:09.996  2238  2246 W SQLiteConnectionPool: A SQLiteConnection object for database '/data/user/0/com.google.android.gms/databases/help_responses.db.18' was leaked!  Please fix your application to end transactions in progress properly and to close the database when it is no longer needed.
07-09 14:46:09.996  2238  2246 W SQLiteConnectionPool: A SQLiteConnection object for database '/data/user/0/com.google.android.gms/databases/auto_complete_suggestions.db' was leaked!  Please fix your application to end transactions in progress properly and to close the database when it is no longer needed.
07-09 14:46:10.011  1945  2741 E NetworkScheduler.SR: Invalid parameter app
07-09 14:46:10.011  1945  2741 E NetworkScheduler.SR: Invalid package name : Perhaps you didn't include a PendingIntent in the extras?
07-09 14:46:10.014  2238  4076 I PeopleContactsSync: triggerPendingContactsCleanup: no accounts
07-09 14:46:10.053  2238  4067 W IcingInternalCorpora: getNumBytesRead when not calculated.
07-09 14:46:10.099  4060  4060 D AndroidRuntime: >>>>>> START com.android.internal.os.RuntimeInit uid 2000 <<<<<<
07-09 14:46:10.100  4060  4060 D AndroidRuntime: CheckJNI is ON
07-09 14:46:10.102  2238  2259 I Icing   : Usage reports 0 indexed 0 rejected 0 imm upload false
07-09 14:46:10.113  4060  4060 W art     : Unexpected CPU variant for X86 using defaults: x86
07-09 14:46:10.115  4060  4060 D ICU     : No timezone override file found: /data/misc/zoneinfo/current/icu/icu_tzdata.dat
07-09 14:46:10.115  2238  2259 I Icing   : Usage reports 0 indexed 0 rejected 0 imm upload false
07-09 14:46:10.123  4060  4060 E memtrack: Couldn't load memtrack module (No such file or directory)
07-09 14:46:10.123  4060  4060 E android.os.Debug: failed to load memtrack module: -2
07-09 14:46:10.124  4060  4060 I Radio-JNI: register_android_hardware_Radio DONE
07-09 14:46:10.129  4060  4060 D AndroidRuntime: Calling main entry com.android.commands.input.Input
07-09 14:46:10.130  4060  4060 I Input   : injectKeyEvent: KeyEvent { action=ACTION_DOWN, keyCode=KEYCODE_MENU, scanCode=0, metaState=0, flags=0x0, repeatCount=0, eventTime=973993, downTime=973993, deviceId=-1, source=0x101 }
07-09 14:46:10.130  4060  4060 I Input   : injectKeyEvent: KeyEvent { action=ACTION_UP, keyCode=KEYCODE_MENU, scanCode=0, metaState=0, flags=0x0, repeatCount=0, eventTime=973993, downTime=973993, deviceId=-1, source=0x101 }
07-09 14:46:10.131  4060  4060 D AndroidRuntime: Shutting down VM
07-09 14:46:10.137  2034  4079 I UpdateIcingCorporaServi: UpdateCorporaTask done [took 185 ms] updated apps [took 185 ms] 
07-09 14:46:10.141  2238  2259 I Icing   : Usage reports 0 indexed 0 rejected 0 imm upload true
07-09 14:46:10.150  2238  2278 I Icing   : Usage reports 0 indexed 0 rejected 0 imm upload false
07-09 14:46:10.156  2238  2278 I Icing   : Usage reports 0 indexed 0 rejected 0 imm upload false
07-09 14:46:10.322  4101  4101 D AndroidRuntime: >>>>>> START com.android.internal.os.RuntimeInit uid 2000 <<<<<<
07-09 14:46:10.323  4101  4101 D AndroidRuntime: CheckJNI is ON
07-09 14:46:10.335  4101  4101 W art     : Unexpected CPU variant for X86 using defaults: x86
07-09 14:46:10.337  4101  4101 D ICU     : No timezone override file found: /data/misc/zoneinfo/current/icu/icu_tzdata.dat
07-09 14:46:10.346  4101  4101 E memtrack: Couldn't load memtrack module (No such file or directory)
07-09 14:46:10.346  4101  4101 E android.os.Debug: failed to load memtrack module: -2
07-09 14:46:10.346  4101  4101 I Radio-JNI: register_android_hardware_Radio DONE
07-09 14:46:10.351  4101  4101 D AndroidRuntime: Calling main entry com.android.commands.am.Am
07-09 14:46:10.353  1581  1802 I ActivityManager: START u0 {act=android.intent.action.MAIN flg=0x10000000 cmp=io.cordova.hellocordova/.MainActivity} from uid 2000 on display 0
07-09 14:46:10.360  4111  4111 I art     : Not late-enabling -Xcheck:jni (already on)
07-09 14:46:10.360  4111  4111 W art     : Unexpected CPU variant for X86 using defaults: x86
07-09 14:46:10.366  1581  1592 I ActivityManager: Start proc 4111:io.cordova.hellocordova/u0a75 for activity io.cordova.hellocordova/.MainActivity
07-09 14:46:10.377  4111  4111 W System  : ClassLoader referenced unknown path: /data/app/io.cordova.hellocordova-2/lib/x86
07-09 14:46:10.390  1306  1336 D gralloc_ranchu: gralloc_alloc: Creating ashmem region of size 8294400
07-09 14:46:10.394  4111  4111 I CordovaLog: Changing log level to DEBUG(3)
07-09 14:46:10.394  4111  4111 I CordovaActivity: Apache Cordova native platform version 6.2.3 is starting
07-09 14:46:10.394  4111  4111 D CordovaActivity: CordovaActivity.onCreate()
07-09 14:46:10.397  4111  4111 W System  : ClassLoader referenced unknown path: /system/app/Chrome/lib/x86
07-09 14:46:10.398  4111  4111 I WebViewFactory: Loading com.android.chrome version 51.0.2704.90 (code 275509012)
07-09 14:46:10.426  2006  2183 D EGL_emulation: eglMakeCurrent: 0xa9405240: ver 2 0 (tinfo 0xa9403200)
07-09 14:46:10.426  4111  4111 I cr_LibraryLoader: Time to load native libraries: 8 ms (timestamps 4281-4289)
07-09 14:46:10.426  4111  4111 I cr_LibraryLoader: Expected native library version number "51.0.2704.90", actual native library version number "51.0.2704.90"
07-09 14:46:10.435  4111  4111 V WebViewChromiumFactoryProvider: Binding Chromium to main looper Looper (main, tid 1) {84dbf34}
07-09 14:46:10.435  4111  4111 I cr_LibraryLoader: Expected native library version number "51.0.2704.90", actual native library version number "51.0.2704.90"
07-09 14:46:10.436  4111  4111 I chromium: [INFO:library_loader_hooks.cc(143)] Chromium logging enabled: level = 0, default verbosity = 0
07-09 14:46:10.443  4111  4111 I cr_BrowserStartup: Initializing chromium process, singleProcess=true
07-09 14:46:10.446  4111  4111 E ApkAssets: Error while loading asset assets/natives_blob_64.bin: java.io.FileNotFoundException: assets/natives_blob_64.bin
07-09 14:46:10.446  4111  4111 E ApkAssets: Error while loading asset assets/snapshot_blob_64.bin: java.io.FileNotFoundException: assets/snapshot_blob_64.bin
07-09 14:46:10.450  4111  4111 D         : HostConnection::get() New Host Connection established 0x9bd4d9c0, tid 4111
07-09 14:46:10.452  4111  4111 W         : Unrecognized GLES max version string in extensions: ANDROID_EMU_CHECKSUM_HELPER_v1 ANDROID_EMU_dma_v1 
07-09 14:46:10.455  4111  4111 D EGL_emulation: eglCreateContext: 0x99fb17a0: maj 2 min 0 rcv 2
07-09 14:46:10.456  4111  4111 D EGL_emulation: eglMakeCurrent: 0x99fb17a0: ver 2 0 (tinfo 0x9bcbdee0)
07-09 14:46:10.480  4111  4136 W cr_media: Requires BLUETOOTH permission
07-09 14:46:10.496  4111  4111 D cr_Ime  : [InputMethodManagerWrapper.java:30] Constructor
07-09 14:46:10.498  4111  4111 W cr_AwContents: onDetachedFromWindow called when already detached. Ignoring
07-09 14:46:10.498  4111  4111 D cr_Ime  : [InputMethodManagerWrapper.java:59] isActive: false
07-09 14:46:10.503  4111  4111 D SystemWebViewEngine: CordovaWebView is running on device made by: Google
07-09 14:46:10.509  4111  4111 D PluginManager: init()
07-09 14:46:10.511  4111  4111 D CordovaWebViewImpl: >>> loadUrl(file:///android_asset/www/index.html)
07-09 14:46:10.513  4111  4111 I cr_Ime  : ImeThread is not enabled.
07-09 14:46:10.517  4111  4111 D CordovaActivity: Started the activity.
07-09 14:46:10.518  4111  4111 D CordovaActivity: Resumed the activity.
07-09 14:46:10.523  1306  1898 E SurfaceFlinger: ro.sf.lcd_density must be defined as a build property
07-09 14:46:10.552  4111  4151 E libEGL  : validate_display:99 error 3008 (EGL_BAD_DISPLAY)
07-09 14:46:10.558  4111  4146 I OpenGLRenderer: Initialized EGL, version 1.4
07-09 14:46:10.558  4111  4146 D OpenGLRenderer: Swap behavior 1
07-09 14:46:10.559  4111  4146 D         : HostConnection::get() New Host Connection established 0x8a53ce00, tid 4146
07-09 14:46:10.563  4111  4146 W         : Unrecognized GLES max version string in extensions: ANDROID_EMU_CHECKSUM_HELPER_v1 ANDROID_EMU_dma_v1 
07-09 14:46:10.563  4111  4146 W OpenGLRenderer: Failed to choose config with EGL_SWAP_BEHAVIOR_PRESERVED, retrying without...
07-09 14:46:10.563  4111  4146 D OpenGLRenderer: Swap behavior 0
07-09 14:46:10.566  4111  4146 D EGL_emulation: eglCreateContext: 0xa94056c0: maj 2 min 0 rcv 2
07-09 14:46:10.574  4111  4151 I VideoCapabilities: Unsupported profile 4 for video/mp4v-es
07-09 14:46:10.575  4111  4151 D         : HostConnection::get() New Host Connection established 0x89f5d580, tid 4151
07-09 14:46:10.576  4111  4146 D EGL_emulation: eglMakeCurrent: 0xa94056c0: ver 2 0 (tinfo 0x8a57f2f0)
07-09 14:46:10.577  4111  4151 W         : Unrecognized GLES max version string in extensions: ANDROID_EMU_CHECKSUM_HELPER_v1 ANDROID_EMU_dma_v1 
07-09 14:46:10.585  4111  4151 D EGL_emulation: eglCreateContext: 0x89f0b380: maj 2 min 0 rcv 2
07-09 14:46:10.585  4111  4151 D EGL_emulation: eglMakeCurrent: 0x89f0b380: ver 2 0 (tinfo 0x89f07be0)
07-09 14:46:10.588  4111  4111 W art     : Attempt to remove non-JNI local reference, dumping thread
07-09 14:46:10.589  4111  4146 D EGL_emulation: eglMakeCurrent: 0xa94056c0: ver 2 0 (tinfo 0x8a57f2f0)
07-09 14:46:10.635  1581  1601 I ActivityManager: Displayed io.cordova.hellocordova/.MainActivity: +279ms
07-09 14:46:10.636  4101  4101 D AndroidRuntime: Shutting down VM
07-09 14:46:10.650  4111  4111 W art     : Attempt to remove non-JNI local reference, dumping thread
07-09 14:46:10.660  4111  4111 D CordovaWebViewImpl: onPageDidNavigate(file:///android_asset/www/index.html)
07-09 14:46:10.668  4111  4111 W cr_BindingManager: Cannot call determinedVisibility() - never saw a connection for the pid: 4111
07-09 14:46:10.668  4111  4111 D cr_Ime  : [InputMethodManagerWrapper.java:59] isActive: true
07-09 14:46:10.668  4111  4111 D cr_Ime  : [InputMethodManagerWrapper.java:68] hideSoftInputFromWindow
07-09 14:46:10.703  4111  4111 D JsMessageQueue: Set native->JS mode to EvalBridgeMode
07-09 14:46:10.712  4111  4122 W art     : Suspending all threads took: 5.272ms
07-09 14:46:10.712  4111  4111 W art     : Attempt to remove non-JNI local reference, dumping thread
07-09 14:46:10.713  4111  4122 I art     : Background sticky concurrent mark sweep GC freed 435(46KB) AllocSpace objects, 0(0B) LOS objects, 0% free, 25MB/25MB, paused 5.501ms total 8.831ms
07-09 14:46:10.747  4111  4111 D CordovaWebViewImpl: onPageFinished(file:///android_asset/www/index.html)
07-09 14:46:10.748  4111  4111 D SystemWebChromeClient: file:///android_asset/www/js/index.js: Line 3 : [object Object]
07-09 14:46:10.748  4111  4111 I chromium: [INFO:CONSOLE(3)] "[object Object]", source: file:///android_asset/www/js/index.js (3)
07-09 14:46:10.748  4111  4111 D SystemWebChromeClient: file:///android_asset/www/index.html: Line 0 : Refused to connect to 'https://raw.githubusercontent.com/subhaskghosh/yaemr/master/ui.json' because it violates the following Content Security Policy directive: "default-src 'self' data: gap: https://ssl.gstatic.com 'unsafe-eval'". Note that 'connect-src' was not explicitly set, so 'default-src' is used as a fallback.
07-09 14:46:10.748  4111  4111 I chromium: [INFO:CONSOLE(0)] "Refused to connect to 'https://raw.githubusercontent.com/subhaskghosh/yaemr/master/ui.json' because it violates the following Content Security Policy directive: "default-src 'self' data: gap: https://ssl.gstatic.com 'unsafe-eval'". Note that 'connect-src' was not explicitly set, so 'default-src' is used as a fallback.
07-09 14:46:10.748  4111  4111 I chromium: ", source: file:///android_asset/www/index.html (0)
07-09 14:46:10.750  4111  4111 D SystemWebChromeClient: file:///android_asset/www/js/index.js: Line 9 : Uncaught SecurityError: Failed to execute 'open' on 'XMLHttpRequest': Refused to connect to 'https://raw.githubusercontent.com/subhaskghosh/yaemr/master/ui.json' because it violates the document's Content Security Policy.
07-09 14:46:10.750  4111  4111 I chromium: [INFO:CONSOLE(9)] "Uncaught SecurityError: Failed to execute 'open' on 'XMLHttpRequest': Refused to connect to 'https://raw.githubusercontent.com/subhaskghosh/yaemr/master/ui.json' because it violates the document's Content Security Policy.", source: file:///android_asset/www/js/index.js (9)
07-09 14:46:10.820  1581  1601 I WindowManager: Destroying surface Surface(name=Starting io.cordova.hellocordova) called by com.android.server.wm.WindowStateAnimator.destroySurface:2014 com.android.server.wm.WindowStateAnimator.destroySurfaceLocked:881 com.android.server.wm.WindowState.destroyOrSaveSurface:2073 com.android.server.wm.AppWindowToken.destroySurfaces:363 com.android.server.wm.WindowStateAnimator.finishExit:565 com.android.server.wm.WindowStateAnimator.stepAnimationLocked:491 com.android.server.wm.WindowAnimator.updateWindowsLocked:303 com.android.server.wm.WindowAnimator.animateLocked:704 
07-09 14:46:11.144  2238  2292 I Icing   : Indexing D3776286D12FC7DB06D432C084C75C62DB0FF1AC from com.google.android.gms
07-09 14:46:11.209  1581  1592 I WindowManager: Destroying surface Surface(name=com.android.launcher3/com.android.launcher3.Launcher) called by com.android.server.wm.WindowStateAnimator.destroySurface:2014 com.android.server.wm.WindowStateAnimator.destroySurfaceLocked:881 com.android.server.wm.WindowState.destroyOrSaveSurface:2073 com.android.server.wm.AppWindowToken.destroySurfaces:363 com.android.server.wm.AppWindowToken.notifyAppStopped:389 com.android.server.wm.WindowManagerService.notifyAppStopped:4456 com.android.server.am.ActivityStack.activityStoppedLocked:1252 com.android.server.am.ActivityManagerService.activityStopped:6903 
07-09 14:46:11.235  2238  2292 I Icing   : Indexing EE6F8C9882833486D9329DB7241784EA0359044B from com.google.android.googlequicksearchbox
07-09 14:46:11.258  2238  2292 I Icing   : Indexing done D3776286D12FC7DB06D432C084C75C62DB0FF1AC
07-09 14:46:11.264  2238  2292 I Icing   : Indexing done EE6F8C9882833486D9329DB7241784EA0359044B
07-09 14:46:12.171  4111  4111 W art     : Attempt to remove non-JNI local reference, dumping thread
07-09 14:46:12.197  4111  4111 W art     : Attempt to remove non-JNI local reference, dumping thread
07-09 14:46:12.212  4111  4111 W art     : Attempt to remove non-JNI local reference, dumping thread
07-09 14:46:12.228  4111  4111 W art     : Attempt to remove non-JNI local reference, dumping thread
07-09 14:46:12.243  4111  4111 W art     : Attempt to remove non-JNI local reference, dumping thread
07-09 14:46:12.261  4111  4111 W art     : Attempt to remove non-JNI local reference, dumping thread
07-09 14:46:12.276  4111  4111 W art     : Attempt to remove non-JNI local reference, dumping thread
07-09 14:46:12.292  4111  4111 W art     : Attempt to remove non-JNI local reference, dumping thread
07-09 14:46:12.309  4111  4111 W art     : Attempt to remove non-JNI local reference, dumping thread
07-09 14:46:12.326  4111  4111 W art     : Attempt to remove non-JNI local reference, dumping thread
07-09 14:46:12.342  4111  4111 W art     : Attempt to remove non-JNI local reference, dumping thread
07-09 14:46:12.359  4111  4111 W art     : Attempt to remove non-JNI local reference, dumping thread
07-09 14:46:12.377  4111  4111 W art     : Attempt to remove non-JNI local reference, dumping thread
07-09 14:46:12.393  4111  4111 W art     : Attempt to remove non-JNI local reference, dumping thread
07-09 14:46:12.415  4111  4111 W art     : Attempt to remove non-JNI local reference, dumping thread
07-09 14:46:12.438  4111  4111 W art     : Attempt to remove non-JNI local reference, dumping thread
07-09 14:46:24.902  2408  2452 W Finsky  : [142] com.google.android.finsky.FinskyApp.i(1468): No account configured on this device.
07-09 14:46:24.902  2408  2452 I Finsky  : [142] com.google.android.finsky.c.e.run(1151): Replicating app states via AMAS.
07-09 14:46:24.946  2408  2452 I Finsky  : [142] com.google.android.finsky.c.c.a(311): Completed 0 account content syncs with 0 successful.
07-09 14:46:24.947  2408  2408 I Finsky  : [1] com.google.android.finsky.services.j.a(149): Installation state replication succeeded.
07-09 14:46:24.952  2034  4167 I ContextCompilationHandl: Compiling grammar for: en-US, type=CONTACT_DIALING
07-09 14:46:24.954  2034  4167 I ContextCompilationHandl: No grammar compilation resources for COMPILER, aborting. 
07-09 14:46:24.954  2034  4167 I ContextCompilationHandl: Compiling grammar for: en-US, type=HANDS_FREE_COMMANDS
07-09 14:46:24.954  2034  4167 I ContextCompilationHandl: No grammar compilation resources for COMPILER, aborting. 
07-09 14:46:24.954  2034  4167 I ContextCompilationHandl: Compiling grammar for: en-US, type=CONTACT_NAMES
07-09 14:46:24.956  2034  4167 I ContextCompilationHandl: No grammar compilation resources for VOICE_ACTIONS_COMPILER, aborting. 
07-09 14:46:24.957  2034  4167 I ContextCompilationHandl: Compiling grammar for: en-US, type=APP_NAMES
07-09 14:46:24.961  2238  4169 I EventLogChimeraService: Aggregate from 1499590835492 (log), 1499589797423 (data)
07-09 14:46:24.962  2034  4167 I ContextCompilationHandl: No grammar compilation resources for VOICE_ACTIONS_COMPILER, aborting. 
07-09 14:46:24.962  2034  4167 I ContextCompilationHandl: Compiling grammar for: en-US, type=MUSIC_NAMES
07-09 14:46:24.963  2034  4167 I ContextCompilationHandl: No grammar compilation resources for VOICE_ACTIONS_COMPILER, aborting. 
07-09 14:46:24.992  2238  4175 W IcingInternalCorpora: getNumBytesRead when not calculated.
07-09 14:46:25.005  2238  2292 I Icing   : Usage reports 0 indexed 0 rejected 0 imm upload true
07-09 14:46:25.013  2238  2292 I Icing   : Usage reports 0 indexed 0 rejected 0 imm upload true
07-09 14:46:30.001  2238  4176 W PlatformStatsUtil: Could not retrieve Usage & Diagnostics setting. Giving up.
07-09 14:50:01.017  1581  1593 I UsageStatsService: User[0] Flushing usage stats to disk
07-09 14:52:28.736  1352  1352 I         : free_cache(4993078) avail 688218112
07-09 14:52:28.852  1581  1606 I PackageManager.DexOptimizer: Running dexopt (dex2oat) on: /data/app/vmdl1789809949.tmp/base.apk pkg=io.cordova.hellocordova isa=x86 vmSafeMode=false debuggable=true target-filter=interpret-only oatDir = /data/app/vmdl1789809949.tmp/oat sharedLibraries=null
07-09 14:52:28.860  4338  4338 W dex2oat : Unexpected CPU variant for X86 using defaults: x86
07-09 14:52:28.860  4338  4338 W dex2oat : Mismatch between dex2oat instruction set features (ISA: X86 Feature string: smp,-ssse3,-sse4.1,-sse4.2,-avx,-avx2,-lock_add,-popcnt) and those of dex2oat executable (ISA: X86 Feature string: smp,ssse3,-sse4.1,-sse4.2,-avx,-avx2,-lock_add,-popcnt) for the command line:
07-09 14:52:28.860  4338  4338 W dex2oat : /system/bin/dex2oat --zip-fd=6 --zip-location=base.apk --oat-fd=7 --oat-location=/data/app/vmdl1789809949.tmp/oat/x86/base.odex --instruction-set=x86 --instruction-set-variant=x86 --instruction-set-features=default --runtime-arg -Xms64m --runtime-arg -Xmx512m --compiler-filter=interpret-only --swap-fd=9 --debuggable
07-09 14:52:28.860  4338  4338 I dex2oat : /system/bin/dex2oat --compiler-filter=interpret-only --debuggable
07-09 14:52:28.887  4338  4338 I dex2oat : dex2oat took 26.709ms (threads: 2) arena alloc=1920B (1920B) java alloc=233KB (238952B) native alloc=1063KB (1089400B) free=984KB (1007752B)
07-09 14:52:28.888  1581  1594 I ActivityManager: Force stopping io.cordova.hellocordova appid=10075 user=-1: installPackageLI
07-09 14:52:28.888  1581  1594 I ActivityManager: Killing 4111:io.cordova.hellocordova/u0a75 (adj 0): stop io.cordova.hellocordova
07-09 14:52:28.888  1581  1594 D ActivityManager: cleanUpApplicationRecord -- 4111
07-09 14:52:28.892  1581  1594 W ActivityManager: Force removing ActivityRecord{cba360c u0 io.cordova.hellocordova/.MainActivity t84}: app died, no saved state
07-09 14:52:28.892  1581  1594 E JavaBinder: !!! FAILED BINDER TRANSACTION !!!  (parcel size = 56)
07-09 14:52:28.893  1581  1594 I WindowManager: Destroying surface Surface(name=io.cordova.hellocordova/io.cordova.hellocordova.MainActivity) called by com.android.server.wm.WindowStateAnimator.destroySurface:2014 com.android.server.wm.WindowStateAnimator.destroySurfaceLocked:881 com.android.server.wm.WindowState.removeLocked:1449 com.android.server.wm.WindowManagerService.removeWindowInnerLocked:2478 com.android.server.wm.WindowManagerService.removeWindowLocked:2436 com.android.server.wm.WindowManagerService.removeWindowLocked:2305 com.android.server.wm.AppWindowToken.removeAllWindows:530 com.android.server.wm.AppWindowToken.removeAppFromTaskLocked:326 
07-09 14:52:28.895  1581  1601 E JavaBinder: !!! FAILED BINDER TRANSACTION !!!  (parcel size = 60)
07-09 14:52:28.908  1581  1606 I PackageManager: Package io.cordova.hellocordova codePath changed from /data/app/io.cordova.hellocordova-2 to /data/app/io.cordova.hellocordova-1; Retaining data and using new
07-09 14:52:28.909  1581  1606 W PackageManager: Code path for io.cordova.hellocordova changing from /data/app/io.cordova.hellocordova-2 to /data/app/io.cordova.hellocordova-1
07-09 14:52:28.909  1581  1606 W PackageManager: Resource path for io.cordova.hellocordova changing from /data/app/io.cordova.hellocordova-2 to /data/app/io.cordova.hellocordova-1
07-09 14:52:28.937  1581  2172 D GraphicsStats: Buffer count: 3
07-09 14:52:28.948  1581  1606 I art     : Starting a blocking GC Explicit
07-09 14:52:28.974  2006  2183 D EGL_emulation: eglMakeCurrent: 0xa9405240: ver 2 0 (tinfo 0xa9403200)
07-09 14:52:28.976  1581  1606 I art     : Explicit concurrent mark sweep GC freed 45119(2MB) AllocSpace objects, 29(580KB) LOS objects, 25% free, 11MB/15MB, paused 204us total 26.417ms
07-09 14:52:28.978  1352  1352 E         : Couldn't opendir /data/app/vmdl1789809949.tmp: No such file or directory
07-09 14:52:28.983  1581  1606 I ActivityManager: Force stopping io.cordova.hellocordova appid=10075 user=0: pkg removed
07-09 14:52:28.991  1581  1614 I InputReader: Reconfiguring input devices.  changes=0x00000010
07-09 14:52:29.008  1581  1614 I InputReader: Reconfiguring input devices.  changes=0x00000010
07-09 14:52:29.009  1581  1614 I InputReader: Reconfiguring input devices.  changes=0x00000010
07-09 14:52:29.043  1771  1771 D CarrierSvcBindHelper: No carrier app for: 0
07-09 14:52:29.043  1771  1771 D CarrierSvcBindHelper: No carrier app for: 0
07-09 14:52:29.044  1771  1771 D CarrierConfigLoader: mHandler: 9 phoneId: 0
07-09 14:52:29.060  3059  3059 W ContextImpl: Calling a method in the system process without a qualified user: android.app.ContextImpl.startService:1385 android.content.ContextWrapper.startService:613 android.content.ContextWrapper.startService:613 com.android.keychain.KeyChainBroadcastReceiver.onReceive:12 android.app.ActivityThread.handleReceiver:3011 
07-09 14:52:29.100  1945  2768 E NetworkScheduler.SR: Invalid parameter app
07-09 14:52:29.100  1945  2768 E NetworkScheduler.SR: Invalid package name : Perhaps you didn't include a PendingIntent in the extras?
07-09 14:52:29.101  2238  2246 W SQLiteConnectionPool: A SQLiteConnection object for database '/data/user/0/com.google.android.gms/databases/metrics.db' was leaked!  Please fix your application to end transactions in progress properly and to close the database when it is no longer needed.
07-09 14:52:29.101  2238  2246 W SQLiteConnectionPool: A SQLiteConnection object for database '/data/user/0/com.google.android.gms/databases/help_responses.db.18' was leaked!  Please fix your application to end transactions in progress properly and to close the database when it is no longer needed.
07-09 14:52:29.101  2238  2246 W SQLiteConnectionPool: A SQLiteConnection object for database '/data/user/0/com.google.android.gms/databases/auto_complete_suggestions.db' was leaked!  Please fix your application to end transactions in progress properly and to close the database when it is no longer needed.
07-09 14:52:29.133  2408  2408 I Finsky  : [1] com.google.android.finsky.utils.PermissionPolicies$PermissionPolicyService.onStartCommand(117): post-install permissions check for io.cordova.hellocordova
07-09 14:52:29.134  2408  2408 I Finsky  : [1] com.google.android.finsky.utils.bh.run(2302): Package state data is missing for io.cordova.hellocordova
07-09 14:52:29.137  2238  2292 E Drive.UninstallOperation: Package still installed io.cordova.hellocordova
07-09 14:52:29.142  2408  2408 W Finsky  : [1] com.google.android.finsky.FinskyApp.i(1468): No account configured on this device.
07-09 14:52:29.188  2034  4360 I UpdateIcingCorporaServi: Updating corpora: APPS=io.cordova.hellocordova, CONTACTS=MAYBE
07-09 14:52:29.211  2238  4359 D Wear_Controller: Received broadcast action=android.intent.action.PACKAGE_REMOVED and uri=io.cordova.hellocordova
07-09 14:52:29.213  2238  4352 D Wear_Controller: Received broadcast action=android.intent.action.PACKAGE_ADDED and uri=io.cordova.hellocordova
07-09 14:52:29.255  2238  4349 W IcingInternalCorpora: getNumBytesRead when not calculated.
07-09 14:52:29.265  2238  4369 I PeopleContactsSync: triggerPendingContactsCleanup: no accounts
07-09 14:52:29.269  1945  2768 E NetworkScheduler.SR: Invalid parameter app
07-09 14:52:29.269  1945  2768 E NetworkScheduler.SR: Invalid package name : Perhaps you didn't include a PendingIntent in the extras?
07-09 14:52:29.305  2034  4360 I UpdateIcingCorporaServi: UpdateCorporaTask done [took 117 ms] updated apps [took 117 ms] 
07-09 14:52:29.317  4341  4341 D AndroidRuntime: >>>>>> START com.android.internal.os.RuntimeInit uid 2000 <<<<<<
07-09 14:52:29.318  4341  4341 D AndroidRuntime: CheckJNI is ON
07-09 14:52:29.320  2238  2278 I Icing   : Usage reports 0 indexed 0 rejected 0 imm upload true
07-09 14:52:29.328  2238  2278 I Icing   : Usage reports 0 indexed 0 rejected 0 imm upload false
07-09 14:52:29.331  4341  4341 W art     : Unexpected CPU variant for X86 using defaults: x86
07-09 14:52:29.338  4341  4341 D ICU     : No timezone override file found: /data/misc/zoneinfo/current/icu/icu_tzdata.dat
07-09 14:52:29.347  4341  4341 E memtrack: Couldn't load memtrack module (No such file or directory)
07-09 14:52:29.347  4341  4341 E android.os.Debug: failed to load memtrack module: -2
07-09 14:52:29.347  4341  4341 I Radio-JNI: register_android_hardware_Radio DONE
07-09 14:52:29.352  4341  4341 D AndroidRuntime: Calling main entry com.android.commands.input.Input
07-09 14:52:29.353  4341  4341 I Input   : injectKeyEvent: KeyEvent { action=ACTION_DOWN, keyCode=KEYCODE_MENU, scanCode=0, metaState=0, flags=0x0, repeatCount=0, eventTime=1353216, downTime=1353216, deviceId=-1, source=0x101 }
07-09 14:52:29.354  4341  4341 I Input   : injectKeyEvent: KeyEvent { action=ACTION_UP, keyCode=KEYCODE_MENU, scanCode=0, metaState=0, flags=0x0, repeatCount=0, eventTime=1353216, downTime=1353216, deviceId=-1, source=0x101 }
07-09 14:52:29.354  4341  4341 D AndroidRuntime: Shutting down VM
07-09 14:52:29.359  2238  2278 I Icing   : Usage reports 0 indexed 0 rejected 0 imm upload false
07-09 14:52:29.362  2238  2278 I Icing   : Usage reports 0 indexed 0 rejected 0 imm upload false
07-09 14:52:29.364  2238  2278 I Icing   : Usage reports 0 indexed 0 rejected 0 imm upload false
07-09 14:52:29.537  4382  4382 D AndroidRuntime: >>>>>> START com.android.internal.os.RuntimeInit uid 2000 <<<<<<
07-09 14:52:29.538  4382  4382 D AndroidRuntime: CheckJNI is ON
07-09 14:52:29.551  4382  4382 W art     : Unexpected CPU variant for X86 using defaults: x86
07-09 14:52:29.553  4382  4382 D ICU     : No timezone override file found: /data/misc/zoneinfo/current/icu/icu_tzdata.dat
07-09 14:52:29.562  4382  4382 E memtrack: Couldn't load memtrack module (No such file or directory)
07-09 14:52:29.562  4382  4382 E android.os.Debug: failed to load memtrack module: -2
07-09 14:52:29.563  4382  4382 I Radio-JNI: register_android_hardware_Radio DONE
07-09 14:52:29.568  4382  4382 D AndroidRuntime: Calling main entry com.android.commands.am.Am
07-09 14:52:29.570  1581  1989 I ActivityManager: START u0 {act=android.intent.action.MAIN flg=0x10000000 cmp=io.cordova.hellocordova/.MainActivity} from uid 2000 on display 0
07-09 14:52:29.576  4392  4392 I art     : Not late-enabling -Xcheck:jni (already on)
07-09 14:52:29.576  4392  4392 W art     : Unexpected CPU variant for X86 using defaults: x86
07-09 14:52:29.583  1581  1802 I ActivityManager: Start proc 4392:io.cordova.hellocordova/u0a75 for activity io.cordova.hellocordova/.MainActivity
07-09 14:52:29.593  4392  4392 W System  : ClassLoader referenced unknown path: /data/app/io.cordova.hellocordova-1/lib/x86
