07-09 18:05:01.491  3118  3118 W ContextImpl: Calling a method in the system process without a qualified user: android.app.ContextImpl.startService:1385 android.content.ContextWrapper.startService:613 android.content.ContextWrapper.startService:613 com.android.keychain.KeyChainBroadcastReceiver.onReceive:12 android.app.ActivityThread.handleReceiver:3011 
07-09 18:05:01.518  2190  2198 W SQLiteConnectionPool: A SQLiteConnection object for database '/data/user/0/com.google.android.gms/databases/metrics.db' was leaked!  Please fix your application to end transactions in progress properly and to close the database when it is no longer needed.
07-09 18:05:01.518  2190  2198 W SQLiteConnectionPool: A SQLiteConnection object for database '/data/user/0/com.google.android.gms/databases/help_responses.db.18' was leaked!  Please fix your application to end transactions in progress properly and to close the database when it is no longer needed.
07-09 18:05:01.518  2190  2198 W SQLiteConnectionPool: A SQLiteConnection object for database '/data/user/0/com.google.android.gms/databases/auto_complete_suggestions.db' was leaked!  Please fix your application to end transactions in progress properly and to close the database when it is no longer needed.
07-09 18:05:01.532  1929  2157 E NetworkScheduler.SR: Invalid parameter app
07-09 18:05:01.532  1929  2157 E NetworkScheduler.SR: Invalid package name : Perhaps you didn't include a PendingIntent in the extras?
07-09 18:05:01.558  2357  2357 I Finsky  : [1] com.google.android.finsky.utils.PermissionPolicies$PermissionPolicyService.onStartCommand(117): post-install permissions check for io.cordova.hellocordova
07-09 18:05:01.559  2357  2357 I Finsky  : [1] com.google.android.finsky.utils.bh.run(2302): Package state data is missing for io.cordova.hellocordova
07-09 18:05:01.559  2357  2357 W Finsky  : [1] com.google.android.finsky.FinskyApp.i(1468): No account configured on this device.
07-09 18:05:01.590  2190  2478 E Drive.UninstallOperation: Package still installed io.cordova.hellocordova
07-09 18:05:01.591  2190  4348 D Wear_Controller: Received broadcast action=android.intent.action.PACKAGE_REMOVED and uri=io.cordova.hellocordova
07-09 18:05:01.598  2013  4344 I UpdateIcingCorporaServi: Updating corpora: APPS=io.cordova.hellocordova, CONTACTS=MAYBE
07-09 18:05:01.615  1580  2003 I BroadcastQueue: Delay finish: com.google.android.apps.photos/.experiments.phenotype.AppUpgradeBroadcastReceiver
07-09 18:05:01.620  1580  1973 I BroadcastQueue: Resuming delayed broadcast
07-09 18:05:01.630  2190  4354 D Wear_Controller: Received broadcast action=android.intent.action.PACKAGE_ADDED and uri=io.cordova.hellocordova
07-09 18:05:01.674  2190  4355 I PeopleContactsSync: triggerPendingContactsCleanup: no accounts
07-09 18:05:01.695  1929  2157 E NetworkScheduler.SR: Invalid parameter app
07-09 18:05:01.695  1929  2157 E NetworkScheduler.SR: Invalid package name : Perhaps you didn't include a PendingIntent in the extras?
07-09 18:05:01.727  2190  2478 I Icing   : Usage reports 0 indexed 0 rejected 0 imm upload false
07-09 18:05:01.735  2190  2478 I Icing   : Usage reports 0 indexed 0 rejected 0 imm upload false
07-09 18:05:01.746  4334  4334 D AndroidRuntime: >>>>>> START com.android.internal.os.RuntimeInit uid 2000 <<<<<<
07-09 18:05:01.747  2190  2478 I Icing   : Usage reports 0 indexed 0 rejected 0 imm upload false
07-09 18:05:01.747  4334  4334 D AndroidRuntime: CheckJNI is ON
07-09 18:05:01.756  2190  4354 W IcingInternalCorpora: getNumBytesRead when not calculated.
07-09 18:05:01.761  4334  4334 W art     : Unexpected CPU variant for X86 using defaults: x86
07-09 18:05:01.763  4334  4334 D ICU     : No timezone override file found: /data/misc/zoneinfo/current/icu/icu_tzdata.dat
07-09 18:05:01.773  4334  4334 E memtrack: Couldn't load memtrack module (No such file or directory)
07-09 18:05:01.773  4334  4334 E android.os.Debug: failed to load memtrack module: -2
07-09 18:05:01.773  4334  4334 I Radio-JNI: register_android_hardware_Radio DONE
07-09 18:05:01.777  2190  2478 I Icing   : Usage reports 0 indexed 0 rejected 0 imm upload false
07-09 18:05:01.778  4334  4334 D AndroidRuntime: Calling main entry com.android.commands.input.Input
07-09 18:05:01.779  4334  4334 I Input   : injectKeyEvent: KeyEvent { action=ACTION_DOWN, keyCode=KEYCODE_MENU, scanCode=0, metaState=0, flags=0x0, repeatCount=0, eventTime=1186763, downTime=1186763, deviceId=-1, source=0x101 }
07-09 18:05:01.780  4334  4334 I Input   : injectKeyEvent: KeyEvent { action=ACTION_UP, keyCode=KEYCODE_MENU, scanCode=0, metaState=0, flags=0x0, repeatCount=0, eventTime=1186763, downTime=1186763, deviceId=-1, source=0x101 }
07-09 18:05:01.780  4334  4334 D AndroidRuntime: Shutting down VM
07-09 18:05:01.782  2013  4344 I UpdateIcingCorporaServi: UpdateCorporaTask done [took 185 ms] updated apps [took 185 ms] 
07-09 18:05:01.785  2190  2478 I Icing   : Usage reports 0 indexed 0 rejected 0 imm upload true
07-09 18:05:01.973  4370  4370 D AndroidRuntime: >>>>>> START com.android.internal.os.RuntimeInit uid 2000 <<<<<<
07-09 18:05:01.974  4370  4370 D AndroidRuntime: CheckJNI is ON
07-09 18:05:01.986  4370  4370 W art     : Unexpected CPU variant for X86 using defaults: x86
07-09 18:05:01.988  4370  4370 D ICU     : No timezone override file found: /data/misc/zoneinfo/current/icu/icu_tzdata.dat
07-09 18:05:01.997  4370  4370 E memtrack: Couldn't load memtrack module (No such file or directory)
07-09 18:05:01.997  4370  4370 E android.os.Debug: failed to load memtrack module: -2
07-09 18:05:01.997  4370  4370 I Radio-JNI: register_android_hardware_Radio DONE
07-09 18:05:02.002  4370  4370 D AndroidRuntime: Calling main entry com.android.commands.am.Am
07-09 18:05:02.004  1580  2004 I ActivityManager: START u0 {act=android.intent.action.MAIN flg=0x10000000 cmp=io.cordova.hellocordova/.MainActivity} from uid 2000 on display 0
07-09 18:05:02.010  4380  4380 I chatty  : uid=10075(io.cordova.hellocordova) expire 39 lines
07-09 18:05:02.019  1580  1772 I ActivityManager: Start proc 4380:io.cordova.hellocordova/u0a75 for activity io.cordova.hellocordova/.MainActivity
07-09 18:05:02.049  1304  1895 D gralloc_ranchu: gralloc_alloc: Creating ashmem region of size 8294400
07-09 18:05:02.082  2006  2125 W OpenGLRenderer: Incorrectly called buildLayer on View: ShortcutAndWidgetContainer, destroying layer...
07-09 18:05:02.088  2006  2125 D EGL_emulation: eglMakeCurrent: 0xb18852a0: ver 2 0 (tinfo 0xb1883210)
07-09 18:05:02.142  4380  4405 I chatty  : uid=10075(io.cordova.hellocordova) expire 1 line
07-09 18:05:02.209  1304  1309 E SurfaceFlinger: ro.sf.lcd_density must be defined as a build property
07-09 18:05:02.212  4380  4419 I chatty  : uid=10075(io.cordova.hellocordova) expire 6 lines
07-09 18:05:02.238  4380  4418 I chatty  : uid=10075(io.cordova.hellocordova) expire 9 lines
07-09 18:05:02.332  1580  1600 I ActivityManager: Displayed io.cordova.hellocordova/.MainActivity: +325ms
07-09 18:05:02.333  4370  4370 D AndroidRuntime: Shutting down VM
07-09 18:05:02.515  1580  1600 I WindowManager: Destroying surface Surface(name=Starting io.cordova.hellocordova) called by com.android.server.wm.WindowStateAnimator.destroySurface:2014 com.android.server.wm.WindowStateAnimator.destroySurfaceLocked:881 com.android.server.wm.WindowState.destroyOrSaveSurface:2073 com.android.server.wm.AppWindowToken.destroySurfaces:363 com.android.server.wm.WindowStateAnimator.finishExit:565 com.android.server.wm.WindowStateAnimator.stepAnimationLocked:491 com.android.server.wm.WindowAnimator.updateWindowsLocked:303 com.android.server.wm.WindowAnimator.animateLocked:704 
07-09 18:05:02.768  2190  2478 I Icing   : Indexing D3776286D12FC7DB06D432C084C75C62DB0FF1AC from com.google.android.gms
07-09 18:05:02.823  2190  2478 I Icing   : Indexing done D3776286D12FC7DB06D432C084C75C62DB0FF1AC
07-09 18:05:02.824  2190  2478 I Icing   : Indexing EE6F8C9882833486D9329DB7241784EA0359044B from com.google.android.googlequicksearchbox
07-09 18:05:02.837  1580  1591 I WindowManager: Destroying surface Surface(name=com.android.launcher3/com.android.launcher3.Launcher) called by com.android.server.wm.WindowStateAnimator.destroySurface:2014 com.android.server.wm.WindowStateAnimator.destroySurfaceLocked:881 com.android.server.wm.WindowState.destroyOrSaveSurface:2073 com.android.server.wm.AppWindowToken.destroySurfaces:363 com.android.server.wm.AppWindowToken.notifyAppStopped:389 com.android.server.wm.WindowManagerService.notifyAppStopped:4456 com.android.server.am.ActivityStack.activityStoppedLocked:1252 com.android.server.am.ActivityManagerService.activityStopped:6903 
07-09 18:05:02.866  2190  2478 I Icing   : Indexing done EE6F8C9882833486D9329DB7241784EA0359044B
07-09 18:05:02.902  4380  4380 I chatty  : uid=10075(io.cordova.hellocordova) expire 3 lines
07-09 18:05:02.904  4380  4429 I chatty  : uid=10075(io.cordova.hellocordova) expire 1 line
07-09 18:05:03.387  4380  4427 I chatty  : uid=10075(io.cordova.hellocordova) expire 1 line
07-09 18:05:03.893  4380  4380 I chatty  : uid=10075(io.cordova.hellocordova) expire 14 lines
07-09 18:05:20.028  1580  1592 I UsageStatsService: User[0] Flushing usage stats to disk
07-09 18:05:27.115  2357  2396 W Finsky  : [138] com.google.android.finsky.FinskyApp.i(1468): No account configured on this device.
07-09 18:05:27.116  2357  2396 I Finsky  : [138] com.google.android.finsky.c.e.run(1151): Replicating app states via AMAS.
07-09 18:05:27.170  2357  2396 I Finsky  : [138] com.google.android.finsky.c.c.a(311): Completed 0 account content syncs with 0 successful.
07-09 18:05:27.170  2357  2357 I Finsky  : [1] com.google.android.finsky.services.j.a(149): Installation state replication succeeded.
07-09 18:13:25.802  1354  1354 D WVCdm   : Instantiating CDM.
07-09 18:13:25.802  1354  2319 I WVCdm   : CdmEngine::OpenSession
07-09 18:13:25.802  1354  2319 I WVCdm   : Level3 Library 4464 Mar 30 2016 13:26:29
07-09 18:13:25.803  1354  2319 W WVCdm   : Could not load liboemcrypto.so. Falling back to L3.  dlopen failed: library "liboemcrypto.so" not found
07-09 18:13:25.806  1354  2319 I WVCdm   : CdmEngine::QueryKeyControlInfo
07-09 18:13:25.806  1354  1370 I WVCdm   : CdmEngine::GenerateKeyRequest
07-09 18:13:25.806  1354  1370 D WVCdm   : PrepareKeyRequest: nonce=1198306835
07-09 18:13:25.836  1929  4637 I GoogleURLConnFactory: Using platform SSLCertificateSocketFactory
07-09 18:13:25.847  1929  4637 I GoogleURLConnFactory: Using platform SSLCertificateSocketFactory
07-09 18:13:25.870  1354  1354 I WVCdm   : CdmEngine::CloseSession
07-09 18:13:26.129  2276  2276 W Binder:2276_1: type=1400 audit(0.0:14): avc: denied { read } for name="/" dev="tmpfs" ino=2989 scontext=u:r:priv_app:s0:c512,c768 tcontext=u:object_r:device:s0 tclass=dir permissive=0
07-09 18:13:26.161  2276  2287 D EGL_emulation: eglCreateContext: 0xb18867a0: maj 2 min 0 rcv 2
07-09 18:13:26.162  2276  2287 D EGL_emulation: eglMakeCurrent: 0xb18867a0: ver 2 0 (tinfo 0xb18838d0)
07-09 18:13:26.189  2276  2287 D EGL_emulation: eglCreateContext: 0xb1886e00: maj 2 min 0 rcv 2
07-09 18:13:26.191  2276  2287 D EGL_emulation: eglMakeCurrent: 0xb1886e00: ver 2 0 (tinfo 0xb18838d0)
07-09 18:13:26.260  1929  2806 W Conscrypt: Could not set socket write timeout: null
07-09 18:13:26.279  1929  2806 W Conscrypt: Could not set socket write timeout: null
07-09 18:13:26.350  1929  4637 W Uploader: HANGOUTS_ANDROID_PRIMES no longer exists, so no auth token.
07-09 18:13:26.388  1929  2806 W GLSUser : [AppCertManager] IOException while requesting key: 
07-09 18:13:26.388  1929  2806 W GLSUser : java.io.IOException: Invalid device key response.
07-09 18:13:26.388  1929  2806 W GLSUser : 	at evk.a(:com.google.android.gms:274)
07-09 18:13:26.388  1929  2806 W GLSUser : 	at evk.a(:com.google.android.gms:4238)
07-09 18:13:26.388  1929  2806 W GLSUser : 	at evj.a(:com.google.android.gms:45)
07-09 18:13:26.388  1929  2806 W GLSUser : 	at evd.a(:com.google.android.gms:50)
07-09 18:13:26.388  1929  2806 W GLSUser : 	at evc.a(:com.google.android.gms:104)
07-09 18:13:26.388  1929  2806 W GLSUser : 	at com.google.android.gms.auth.account.be.legacy.AuthCronChimeraService.b(:com.google.android.gms:4049)
07-09 18:13:26.388  1929  2806 W GLSUser : 	at ecm.call(:com.google.android.gms:2041)
07-09 18:13:26.388  1929  2806 W GLSUser : 	at java.util.concurrent.FutureTask.run(FutureTask.java:237)
07-09 18:13:26.388  1929  2806 W GLSUser : 	at llt.run(:com.google.android.gms:450)
07-09 18:13:26.388  1929  2806 W GLSUser : 	at java.util.concurrent.ThreadPoolExecutor.runWorker(ThreadPoolExecutor.java:1133)
07-09 18:13:26.388  1929  2806 W GLSUser : 	at java.util.concurrent.ThreadPoolExecutor$Worker.run(ThreadPoolExecutor.java:607)
07-09 18:13:26.388  1929  2806 W GLSUser : 	at lqc.run(:com.google.android.gms:17)
07-09 18:13:26.388  1929  2806 W GLSUser : 	at java.lang.Thread.run(Thread.java:761)
07-09 18:13:26.580  1929  1929 I GoogleURLConnFactory: Using platform SSLCertificateSocketFactory
07-09 18:13:26.628  1929  4653 W PhenotypeChimeraConfigurator: No account for auth token provided
07-09 18:13:27.250  4657  4657 W art     : Unexpected CPU variant for X86 using defaults: x86
07-09 18:13:27.257  1580  1988 I ActivityManager: Start proc 4657:com.google.android.gms.ui/u0a13 for service com.google.android.gms/.chimera.UiIntentOperationService
07-09 18:13:27.273  4657  4657 W System  : ClassLoader referenced unknown path: /system/priv-app/PrebuiltGmsCore/lib/x86
07-09 18:13:27.281  1929  1929 E ChimeraRcvrProxy: Chimera config error: com.google.android.chimera.config.InvalidConfigException: No registered Chimera receiver impl for ComponentInfo{com.google.android.gms/com.google.android.gms.phenotype.receiver.PhenotypeBroadcastReceiver}
07-09 18:13:27.281  1929  1929 E ChimeraRcvrProxy: com.google.android.gms.phenotype.receiver.PhenotypeBroadcastReceiver dropping broadcast com.google.android.gms.phenotype.UPDATE
07-09 18:13:27.283  4657  4657 I LoadedApk: No resource references to update in package FFFFFFFFFFFFFFFFFFFFFF
07-09 18:13:27.297  1929  4680 I GCoreUlr: Starting service, intent=Intent { act=com.google.android.location.reporting.ACTION_UPDATE_WORLD cmp=com.google.android.gms/com.google.android.location.reporting.service.DispatchingService (has extras) }, extras=Bundle[{receiverAction=com.google.android.gms.phenotype.UPDATE}]
07-09 18:13:27.299  1929  1929 E BluetoothAdapter: Bluetooth binder is null
07-09 18:13:27.307  4657  4657 W linker  : /system/priv-app/PrebuiltGmsCore/PrebuiltGmsCore.apk!/lib/x86/libgmscore.so: unused DT entry: type 0x7ffffffd arg 0x754
07-09 18:13:27.312  4657  4657 W linker  : /system/priv-app/PrebuiltGmsCore/PrebuiltGmsCore.apk!/lib/x86/libconscrypt_gmscore_jni.so: unused DT entry: type 0x7ffffffd arg 0x174
07-09 18:13:27.313  4657  4657 V JNIHelp : Registering com/google/android/gms/org/conscrypt/NativeCrypto's 242 native methods...
07-09 18:13:27.314  1929  2720 I GCoreUlr: WorldUpdater received intent Intent { act=com.google.android.location.reporting.ACTION_UPDATE_WORLD cmp=com.google.android.gms/com.google.android.location.reporting.service.DispatchingService (has extras) } with receiverAction com.google.android.gms.phenotype.UPDATE
07-09 18:13:27.315  1929  2720 I GCoreUlr: WorldUpdater:com.google.android.gms.phenotype.UPDATE: Ensuring that reporting is stopped because of reasons: (no Google accounts)
07-09 18:13:27.322  4657  4657 D NetworkSecurityConfig: No Network Security Config specified, using platform default
07-09 18:13:27.323  4657  4657 I ProviderInstaller: Installed default security provider GmsCore_OpenSSL
07-09 18:13:27.347  1929  2720 I GCoreUlr: Unbound from all location providers
07-09 18:13:27.347  1929  2720 I GCoreUlr: Place inference reporting - stop
07-09 18:13:27.362  1929  1929 I GCoreUlr: DispatchingService.onDestroy()
07-09 18:13:27.363  1929  1929 I GCoreUlr: Stopping handler for UlrDispSvcFast
07-09 18:13:27.365  1929  1929 I GCoreUlr: Unbound from all location providers
07-09 18:13:27.365  1929  1929 I GCoreUlr: Place inference reporting - stop
07-09 18:13:27.394  1929  2157 I GCoreUlr: Starting service, intent=Intent { act=com.google.android.location.reporting.ACTION_UPDATE_WORLD cmp=com.google.android.gms/com.google.android.location.reporting.service.DispatchingService (has extras) }, extras=Bundle[{receiverAction=com.google.android.location.reporting.PHENOTYPE_FLAGS_CHANGED}]
07-09 18:13:27.396  1929  1929 E BluetoothAdapter: Bluetooth binder is null
07-09 18:13:27.407  1929  2725 I GCoreUlr: WorldUpdater received intent Intent { act=com.google.android.location.reporting.ACTION_UPDATE_WORLD cmp=com.google.android.gms/com.google.android.location.reporting.service.DispatchingService (has extras) } with receiverAction com.google.android.location.reporting.PHENOTYPE_FLAGS_CHANGED
07-09 18:13:27.416  1929  2725 E GCoreUlr: Bad errorId configuring silent feedback
07-09 18:13:27.416  1929  2725 I GCoreUlr: WorldUpdater:com.google.android.location.reporting.PHENOTYPE_FLAGS_CHANGED: Ensuring that reporting is stopped because of reasons: (no Google accounts)
07-09 18:13:27.420  1929  2159 I GCoreUlr: Starting service, intent=Intent { act=com.google.android.location.reporting.ACTION_UPDATE_WORLD cmp=com.google.android.gms/com.google.android.location.reporting.service.DispatchingService (has extras) }, extras=Bundle[{receiverAction=com.google.android.location.reporting.PHENOTYPE_FLAGS_CHANGED}]
07-09 18:13:27.425  1929  2725 I GCoreUlr: Unbound from all location providers
07-09 18:13:27.425  1929  2725 I GCoreUlr: Place inference reporting - stop
07-09 18:13:27.429  1929  2725 I GCoreUlr: WorldUpdater received intent Intent { act=com.google.android.location.reporting.ACTION_UPDATE_WORLD cmp=com.google.android.gms/com.google.android.location.reporting.service.DispatchingService (has extras) } with receiverAction com.google.android.location.reporting.PHENOTYPE_FLAGS_CHANGED
07-09 18:13:27.430  1929  2725 E GCoreUlr: Bad errorId configuring silent feedback
07-09 18:13:27.430  1929  2725 I GCoreUlr: WorldUpdater:com.google.android.location.reporting.PHENOTYPE_FLAGS_CHANGED: Ensuring that reporting is stopped because of reasons: (no Google accounts)
07-09 18:13:27.436  1929  2725 I GCoreUlr: Unbound from all location providers
07-09 18:13:27.436  1929  2725 I GCoreUlr: Place inference reporting - stop
07-09 18:13:27.451  1929  1929 I GCoreUlr: DispatchingService.onDestroy()
07-09 18:13:27.451  1929  1929 I GCoreUlr: Stopping handler for UlrDispSvcFast
07-09 18:13:27.452  1929  1929 I GCoreUlr: Unbound from all location providers
07-09 18:13:27.452  1929  1929 I GCoreUlr: Place inference reporting - stop
07-09 18:13:27.462  1929  2720 I GCoreUlr: Starting service, intent=Intent { act=com.google.android.location.reporting.ACTION_UPDATE_WORLD cmp=com.google.android.gms/com.google.android.location.reporting.service.DispatchingService (has extras) }, extras=Bundle[{receiverAction=com.google.android.location.reporting.PHENOTYPE_FLAGS_CHANGED}]
07-09 18:13:27.464  1929  1929 E BluetoothAdapter: Bluetooth binder is null
07-09 18:13:27.474  1929  2720 I GCoreUlr: WorldUpdater received intent Intent { act=com.google.android.location.reporting.ACTION_UPDATE_WORLD cmp=com.google.android.gms/com.google.android.location.reporting.service.DispatchingService (has extras) } with receiverAction com.google.android.location.reporting.PHENOTYPE_FLAGS_CHANGED
07-09 18:13:27.476  1929  2720 E GCoreUlr: Bad errorId configuring silent feedback
07-09 18:13:27.476  1929  2720 I GCoreUlr: WorldUpdater:com.google.android.location.reporting.PHENOTYPE_FLAGS_CHANGED: Ensuring that reporting is stopped because of reasons: (no Google accounts)
07-09 18:13:27.479  1929  4653 I PhenotypeSyncScheduler: Scheduling adaptive one off task with window [14400, 604800] in seconds
07-09 18:13:27.480  1929  2720 I GCoreUlr: Unbound from all location providers
07-09 18:13:27.480  1929  2720 I GCoreUlr: Place inference reporting - stop
07-09 18:13:27.483  1929  1929 I GCoreUlr: DispatchingService.onDestroy()
07-09 18:13:27.483  1929  1929 I GCoreUlr: Stopping handler for UlrDispSvcFast
07-09 18:13:27.484  1929  1929 I GCoreUlr: Unbound from all location providers
07-09 18:13:27.484  1929  1929 I GCoreUlr: Place inference reporting - stop
07-09 18:13:27.484  1929  2159 I GCoreUlr: Starting service, intent=Intent { act=com.google.android.location.reporting.ACTION_UPDATE_WORLD cmp=com.google.android.gms/com.google.android.location.reporting.service.DispatchingService (has extras) }, extras=Bundle[{receiverAction=com.google.android.location.reporting.PHENOTYPE_FLAGS_CHANGED}]
07-09 18:13:27.486  1929  1929 E BluetoothAdapter: Bluetooth binder is null
07-09 18:13:27.497  1929  2720 I GCoreUlr: WorldUpdater received intent Intent { act=com.google.android.location.reporting.ACTION_UPDATE_WORLD cmp=com.google.android.gms/com.google.android.location.reporting.service.DispatchingService (has extras) } with receiverAction com.google.android.location.reporting.PHENOTYPE_FLAGS_CHANGED
07-09 18:13:27.499  1929  2720 E GCoreUlr: Bad errorId configuring silent feedback
07-09 18:13:27.499  1929  2720 I GCoreUlr: WorldUpdater:com.google.android.location.reporting.PHENOTYPE_FLAGS_CHANGED: Ensuring that reporting is stopped because of reasons: (no Google accounts)
07-09 18:13:27.501  1929  2720 I GCoreUlr: Unbound from all location providers
07-09 18:13:27.501  1929  2720 I GCoreUlr: Place inference reporting - stop
07-09 18:13:27.501  1929  1929 I GCoreUlr: DispatchingService.onDestroy()
07-09 18:13:27.502  1929  1929 I GCoreUlr: Stopping handler for UlrDispSvcFast
07-09 18:13:27.504  1929  1929 I GCoreUlr: Unbound from all location providers
07-09 18:13:27.504  1929  1929 I GCoreUlr: Place inference reporting - stop
07-09 18:13:27.505  1929  4682 I GCoreUlr: Starting service, intent=Intent { act=com.google.android.location.reporting.ACTION_UPDATE_WORLD cmp=com.google.android.gms/com.google.android.location.reporting.service.DispatchingService (has extras) }, extras=Bundle[{receiverAction=com.google.android.location.reporting.PHENOTYPE_FLAGS_CHANGED}]
07-09 18:13:27.507  1929  1929 E BluetoothAdapter: Bluetooth binder is null
07-09 18:13:27.515  1929  2725 I GCoreUlr: WorldUpdater received intent Intent { act=com.google.android.location.reporting.ACTION_UPDATE_WORLD cmp=com.google.android.gms/com.google.android.location.reporting.service.DispatchingService (has extras) } with receiverAction com.google.android.location.reporting.PHENOTYPE_FLAGS_CHANGED
07-09 18:13:27.519  1929  2725 E GCoreUlr: Bad errorId configuring silent feedback
07-09 18:13:27.519  1929  2725 I GCoreUlr: WorldUpdater:com.google.android.location.reporting.PHENOTYPE_FLAGS_CHANGED: Ensuring that reporting is stopped because of reasons: (no Google accounts)
07-09 18:13:27.521  1929  2725 I GCoreUlr: Unbound from all location providers
07-09 18:13:27.521  1929  2725 I GCoreUlr: Place inference reporting - stop
07-09 18:13:27.521  1929  2720 I GCoreUlr: Starting service, intent=Intent { act=com.google.android.location.reporting.ACTION_UPDATE_WORLD cmp=com.google.android.gms/com.google.android.location.reporting.service.DispatchingService (has extras) }, extras=Bundle[{receiverAction=com.google.android.location.reporting.PHENOTYPE_FLAGS_CHANGED}]
07-09 18:13:27.522  1929  1929 I GCoreUlr: DispatchingService.onDestroy()
07-09 18:13:27.523  1929  1929 I GCoreUlr: Stopping handler for UlrDispSvcFast
07-09 18:13:27.524  1929  1929 I GCoreUlr: Unbound from all location providers
07-09 18:13:27.524  1929  1929 I GCoreUlr: Place inference reporting - stop
07-09 18:13:27.525  1929  1929 E BluetoothAdapter: Bluetooth binder is null
07-09 18:13:27.532  1929  2720 I GCoreUlr: WorldUpdater received intent Intent { act=com.google.android.location.reporting.ACTION_UPDATE_WORLD cmp=com.google.android.gms/com.google.android.location.reporting.service.DispatchingService (has extras) } with receiverAction com.google.android.location.reporting.PHENOTYPE_FLAGS_CHANGED
07-09 18:13:27.534  1929  2720 E GCoreUlr: Bad errorId configuring silent feedback
07-09 18:13:27.534  1929  2720 I GCoreUlr: WorldUpdater:com.google.android.location.reporting.PHENOTYPE_FLAGS_CHANGED: Ensuring that reporting is stopped because of reasons: (no Google accounts)
07-09 18:13:27.536  1929  2720 I GCoreUlr: Unbound from all location providers
07-09 18:13:27.536  1929  2720 I GCoreUlr: Place inference reporting - stop
07-09 18:13:27.536  1929  2725 I GCoreUlr: Starting service, intent=Intent { act=com.google.android.location.reporting.ACTION_UPDATE_WORLD cmp=com.google.android.gms/com.google.android.location.reporting.service.DispatchingService (has extras) }, extras=Bundle[{receiverAction=com.google.android.location.reporting.PHENOTYPE_FLAGS_CHANGED}]
07-09 18:13:27.538  1929  2720 I GCoreUlr: WorldUpdater received intent Intent { act=com.google.android.location.reporting.ACTION_UPDATE_WORLD cmp=com.google.android.gms/com.google.android.location.reporting.service.DispatchingService (has extras) } with receiverAction com.google.android.location.reporting.PHENOTYPE_FLAGS_CHANGED
07-09 18:13:27.540  1929  2720 E GCoreUlr: Bad errorId configuring silent feedback
07-09 18:13:27.540  1929  2720 I GCoreUlr: WorldUpdater:com.google.android.location.reporting.PHENOTYPE_FLAGS_CHANGED: Ensuring that reporting is stopped because of reasons: (no Google accounts)
07-09 18:13:27.541  1929  2720 I GCoreUlr: Unbound from all location providers
07-09 18:13:27.541  1929  2720 I GCoreUlr: Place inference reporting - stop
07-09 18:13:27.542  1929  1929 I GCoreUlr: DispatchingService.onDestroy()
07-09 18:13:27.543  1929  1929 I GCoreUlr: Stopping handler for UlrDispSvcFast
07-09 18:13:27.544  1929  1929 I GCoreUlr: Unbound from all location providers
07-09 18:13:27.544  1929  1929 I GCoreUlr: Place inference reporting - stop
07-09 18:13:55.778  1580  1810 I ActivityManager: Killing 3020:com.google.android.talk:matchstick/u0a55 (adj 906): empty #17
07-09 18:13:55.847  1580  1972 D ActivityManager: cleanUpApplicationRecord -- 3020
07-09 18:14:25.658  1929  1929 W GCM     : Heartbeat timeout, GCM connection reset -2
07-09 18:14:25.677  1580  1677 D ConnectivityService: reportNetworkConnectivity(100, false) by 10013
07-09 18:14:25.823  1580  1627 D ConnectivityService: NetworkAgentInfo [MOBILE (LTE) - 100] validation passed
07-09 18:15:15.030  1580  1623 D WifiNative-HAL: Failing getSupportedFeatureset because HAL isn't started
07-09 18:15:15.031  1580  1596 E BluetoothAdapter: Bluetooth binder is null
07-09 18:15:15.032  1580  1596 E BatteryStatsService: no controller energy info supplied
07-09 18:15:15.039  1580  1596 E KernelCpuSpeedReader: Failed to read cpu-freq: /sys/devices/system/cpu/cpu0/cpufreq/stats/time_in_state (No such file or directory)
07-09 18:15:15.039  1580  1596 E KernelUidCpuTimeReader: Failed to read uid_cputime: /proc/uid_cputime/show_uid_stat (No such file or directory)
07-09 18:15:15.041  1580  1596 E BatteryStatsService: modem info is invalid: ModemActivityInfo{ mTimestamp=0 mSleepTimeMs=0 mIdleTimeMs=0 mTxTimeMs[]=[0, 0, 0, 0, 0] mRxTimeMs=0 mEnergyUsed=0}
07-09 18:15:27.195  1580  1593 I ProcessStatsService: Prepared write state in 7ms
07-09 18:15:27.202  1580  1593 I ProcessStatsService: Prepared write state in 5ms
07-09 18:15:27.271  2190  4758 I EventLogChimeraService: Aggregate from 1499602554457 (log), 1499602525441 (data)
07-09 18:15:32.350  2190  4761 W PlatformStatsUtil: Could not retrieve Usage & Diagnostics setting. Giving up.
07-09 18:16:00.003  1580  1580 I ActivityManager: Killing 2340:com.android.providers.calendar/u0a2 (adj 906): empty for 1800s
07-09 18:16:00.058  1580  2003 D ActivityManager: cleanUpApplicationRecord -- 2340
07-09 18:18:34.018  1351  1351 I         : free_cache(5002218) avail 687857664
07-09 18:18:34.116  1580  1605 I PackageManager.DexOptimizer: Running dexopt (dex2oat) on: /data/app/vmdl110041563.tmp/base.apk pkg=io.cordova.hellocordova isa=x86 vmSafeMode=false debuggable=true target-filter=interpret-only oatDir = /data/app/vmdl110041563.tmp/oat sharedLibraries=null
07-09 18:18:34.124  4850  4850 W dex2oat : Unexpected CPU variant for X86 using defaults: x86
07-09 18:18:34.124  4850  4850 W dex2oat : Mismatch between dex2oat instruction set features (ISA: X86 Feature string: smp,-ssse3,-sse4.1,-sse4.2,-avx,-avx2,-lock_add,-popcnt) and those of dex2oat executable (ISA: X86 Feature string: smp,ssse3,-sse4.1,-sse4.2,-avx,-avx2,-lock_add,-popcnt) for the command line:
07-09 18:18:34.124  4850  4850 W dex2oat : /system/bin/dex2oat --zip-fd=6 --zip-location=base.apk --oat-fd=7 --oat-location=/data/app/vmdl110041563.tmp/oat/x86/base.odex --instruction-set=x86 --instruction-set-variant=x86 --instruction-set-features=default --runtime-arg -Xms64m --runtime-arg -Xmx512m --compiler-filter=interpret-only --swap-fd=9 --debuggable
07-09 18:18:34.124  4850  4850 I dex2oat : /system/bin/dex2oat --compiler-filter=interpret-only --debuggable
07-09 18:18:34.147  4850  4850 I dex2oat : dex2oat took 23.863ms (threads: 2) arena alloc=1920B (1920B) java alloc=221KB (227032B) native alloc=1087KB (1113280B) free=1472KB (1508160B)
07-09 18:18:34.149  1580  1593 I ActivityManager: Force stopping io.cordova.hellocordova appid=10075 user=-1: installPackageLI
07-09 18:18:34.149  1580  1593 I ActivityManager: Killing 4380:io.cordova.hellocordova/u0a75 (adj 0): stop io.cordova.hellocordova
07-09 18:18:34.149  1580  1593 D ActivityManager: cleanUpApplicationRecord -- 4380
07-09 18:18:34.153  1580  1593 W ActivityManager: Force removing ActivityRecord{76529ae u0 io.cordova.hellocordova/.MainActivity t92}: app died, no saved state
07-09 18:18:34.154  1580  1593 E JavaBinder: !!! FAILED BINDER TRANSACTION !!!  (parcel size = 56)
07-09 18:18:34.154  1580  1593 I WindowManager: Destroying surface Surface(name=io.cordova.hellocordova/io.cordova.hellocordova.MainActivity) called by com.android.server.wm.WindowStateAnimator.destroySurface:2014 com.android.server.wm.WindowStateAnimator.destroySurfaceLocked:881 com.android.server.wm.WindowState.removeLocked:1449 com.android.server.wm.WindowManagerService.removeWindowInnerLocked:2478 com.android.server.wm.WindowManagerService.removeWindowLocked:2436 com.android.server.wm.WindowManagerService.removeWindowLocked:2305 com.android.server.wm.AppWindowToken.removeAllWindows:530 com.android.server.wm.AppWindowToken.removeAppFromTaskLocked:326 
07-09 18:18:34.156  1580  1600 E JavaBinder: !!! FAILED BINDER TRANSACTION !!!  (parcel size = 60)
07-09 18:18:34.174  1580  1605 I PackageManager: Package io.cordova.hellocordova codePath changed from /data/app/io.cordova.hellocordova-1 to /data/app/io.cordova.hellocordova-2; Retaining data and using new
07-09 18:18:34.174  1580  1605 W PackageManager: Code path for io.cordova.hellocordova changing from /data/app/io.cordova.hellocordova-1 to /data/app/io.cordova.hellocordova-2
07-09 18:18:34.174  1580  1605 W PackageManager: Resource path for io.cordova.hellocordova changing from /data/app/io.cordova.hellocordova-1 to /data/app/io.cordova.hellocordova-2
07-09 18:18:34.198  1580  2003 D GraphicsStats: Buffer count: 2
07-09 18:18:34.223  1580  1605 I art     : Starting a blocking GC Explicit
07-09 18:18:34.233  2006  2125 D EGL_emulation: eglMakeCurrent: 0xb18852a0: ver 2 0 (tinfo 0xb1883210)
07-09 18:18:34.256  1580  1605 I art     : Explicit concurrent mark sweep GC freed 27810(2MB) AllocSpace objects, 63(1452KB) LOS objects, 25% free, 11MB/15MB, paused 417us total 29.553ms
07-09 18:18:34.257  1351  1351 E         : Couldn't opendir /data/app/vmdl110041563.tmp: No such file or directory
07-09 18:18:34.259  1580  1605 I ActivityManager: Force stopping io.cordova.hellocordova appid=10075 user=0: pkg removed
07-09 18:18:34.272  1580  1613 I InputReader: Reconfiguring input devices.  changes=0x00000010
07-09 18:18:34.286  1580  1613 I InputReader: Reconfiguring input devices.  changes=0x00000010
07-09 18:18:34.287  1580  1613 I InputReader: Reconfiguring input devices.  changes=0x00000010
07-09 18:18:34.335  3118  3118 W ContextImpl: Calling a method in the system process without a qualified user: android.app.ContextImpl.startService:1385 android.content.ContextWrapper.startService:613 android.content.ContextWrapper.startService:613 com.android.keychain.KeyChainBroadcastReceiver.onReceive:12 android.app.ActivityThread.handleReceiver:3011 
07-09 18:18:34.358  1779  1779 D CarrierSvcBindHelper: No carrier app for: 0
07-09 18:18:34.359  1779  1779 D CarrierSvcBindHelper: No carrier app for: 0
07-09 18:18:34.359  1779  1779 D CarrierConfigLoader: mHandler: 9 phoneId: 0
07-09 18:18:34.372  1929  2720 E NetworkScheduler.SR: Invalid parameter app
07-09 18:18:34.372  1929  2720 E NetworkScheduler.SR: Invalid package name : Perhaps you didn't include a PendingIntent in the extras?
07-09 18:18:34.383  2190  4861 D Wear_Controller: Received broadcast action=android.intent.action.PACKAGE_REMOVED and uri=io.cordova.hellocordova
07-09 18:18:34.392  2190  2478 E Drive.UninstallOperation: Package still installed io.cordova.hellocordova
07-09 18:18:34.415  2190  2198 W SQLiteConnectionPool: A SQLiteConnection object for database '/data/user/0/com.google.android.gms/databases/metrics.db' was leaked!  Please fix your application to end transactions in progress properly and to close the database when it is no longer needed.
07-09 18:18:34.415  2190  2198 W SQLiteConnectionPool: A SQLiteConnection object for database '/data/user/0/com.google.android.gms/databases/help_responses.db.18' was leaked!  Please fix your application to end transactions in progress properly and to close the database when it is no longer needed.
07-09 18:18:34.415  2190  2198 W SQLiteConnectionPool: A SQLiteConnection object for database '/data/user/0/com.google.android.gms/databases/auto_complete_suggestions.db' was leaked!  Please fix your application to end transactions in progress properly and to close the database when it is no longer needed.
07-09 18:18:34.442  2357  2357 I Finsky  : [1] com.google.android.finsky.utils.PermissionPolicies$PermissionPolicyService.onStartCommand(117): post-install permissions check for io.cordova.hellocordova
07-09 18:18:34.443  2190  4862 D Wear_Controller: Received broadcast action=android.intent.action.PACKAGE_ADDED and uri=io.cordova.hellocordova
07-09 18:18:34.444  2357  2357 I Finsky  : [1] com.google.android.finsky.utils.bh.run(2302): Package state data is missing for io.cordova.hellocordova
07-09 18:18:34.446  2357  2357 W Finsky  : [1] com.google.android.finsky.FinskyApp.i(1468): No account configured on this device.
07-09 18:18:34.507  2013  4878 I UpdateIcingCorporaServi: Updating corpora: APPS=io.cordova.hellocordova, CONTACTS=MAYBE
07-09 18:18:34.526  1580  1590 I BroadcastQueue: Delay finish: com.google.android.apps.photos/.experiments.phenotype.AppUpgradeBroadcastReceiver
07-09 18:18:34.527  1580  1972 I BroadcastQueue: Resuming delayed broadcast
07-09 18:18:34.531  2190  4864 I PeopleContactsSync: triggerPendingContactsCleanup: no accounts
07-09 18:18:34.575  2190  4864 W IcingInternalCorpora: getNumBytesRead when not calculated.
07-09 18:18:34.595  2190  2561 I Icing   : Usage reports 0 indexed 0 rejected 0 imm upload false
07-09 18:18:34.598  1929  2720 E NetworkScheduler.SR: Invalid parameter app
07-09 18:18:34.598  1929  2720 E NetworkScheduler.SR: Invalid package name : Perhaps you didn't include a PendingIntent in the extras?
07-09 18:18:34.599  2190  2561 I Icing   : Usage reports 0 indexed 0 rejected 0 imm upload false
07-09 18:18:34.610  2190  2561 I Icing   : Usage reports 0 indexed 0 rejected 0 imm upload true
07-09 18:18:34.610  4853  4853 D AndroidRuntime: >>>>>> START com.android.internal.os.RuntimeInit uid 2000 <<<<<<
07-09 18:18:34.612  4853  4853 D AndroidRuntime: CheckJNI is ON
07-09 18:18:34.616  2190  2561 I Icing   : Usage reports 0 indexed 0 rejected 0 imm upload false
07-09 18:18:34.618  2190  2561 I Icing   : Usage reports 0 indexed 0 rejected 0 imm upload false
07-09 18:18:34.625  4853  4853 W art     : Unexpected CPU variant for X86 using defaults: x86
07-09 18:18:34.627  4853  4853 D ICU     : No timezone override file found: /data/misc/zoneinfo/current/icu/icu_tzdata.dat
07-09 18:18:34.641  4853  4853 E memtrack: Couldn't load memtrack module (No such file or directory)
07-09 18:18:34.641  4853  4853 E android.os.Debug: failed to load memtrack module: -2
07-09 18:18:34.641  4853  4853 I Radio-JNI: register_android_hardware_Radio DONE
07-09 18:18:34.645  2013  4878 I UpdateIcingCorporaServi: UpdateCorporaTask done [took 138 ms] updated apps [took 129 ms] 
07-09 18:18:34.646  4853  4853 D AndroidRuntime: Calling main entry com.android.commands.input.Input
07-09 18:18:34.647  4853  4853 I Input   : injectKeyEvent: KeyEvent { action=ACTION_DOWN, keyCode=KEYCODE_MENU, scanCode=0, metaState=0, flags=0x0, repeatCount=0, eventTime=1999631, downTime=1999631, deviceId=-1, source=0x101 }
07-09 18:18:34.647  4853  4853 I Input   : injectKeyEvent: KeyEvent { action=ACTION_UP, keyCode=KEYCODE_MENU, scanCode=0, metaState=0, flags=0x0, repeatCount=0, eventTime=1999631, downTime=1999631, deviceId=-1, source=0x101 }
07-09 18:18:34.648  4853  4853 D AndroidRuntime: Shutting down VM
07-09 18:18:34.824  4892  4892 D AndroidRuntime: >>>>>> START com.android.internal.os.RuntimeInit uid 2000 <<<<<<
07-09 18:18:34.825  4892  4892 D AndroidRuntime: CheckJNI is ON
07-09 18:18:34.837  4892  4892 W art     : Unexpected CPU variant for X86 using defaults: x86
07-09 18:18:34.839  4892  4892 D ICU     : No timezone override file found: /data/misc/zoneinfo/current/icu/icu_tzdata.dat
07-09 18:18:34.848  4892  4892 E memtrack: Couldn't load memtrack module (No such file or directory)
07-09 18:18:34.848  4892  4892 E android.os.Debug: failed to load memtrack module: -2
07-09 18:18:34.848  4892  4892 I Radio-JNI: register_android_hardware_Radio DONE
07-09 18:18:34.853  4892  4892 D AndroidRuntime: Calling main entry com.android.commands.am.Am
07-09 18:18:34.855  1580  1972 I ActivityManager: START u0 {act=android.intent.action.MAIN flg=0x10000000 cmp=io.cordova.hellocordova/.MainActivity} from uid 2000 on display 0
07-09 18:18:34.861  4902  4902 I chatty  : uid=10075(io.cordova.hellocordova) expire 109 lines
07-09 18:18:34.869  1580  1677 I ActivityManager: Start proc 4902:io.cordova.hellocordova/u0a75 for activity io.cordova.hellocordova/.MainActivity
07-09 18:18:34.899  1304  3924 D gralloc_ranchu: gralloc_alloc: Creating ashmem region of size 8294400
07-09 18:18:34.949  2006  2125 W OpenGLRenderer: Incorrectly called buildLayer on View: ShortcutAndWidgetContainer, destroying layer...
07-09 18:18:34.950  2006  2125 D EGL_emulation: eglMakeCurrent: 0xb18852a0: ver 2 0 (tinfo 0xb1883210)
07-09 18:18:34.967  4902  4927 I chatty  : uid=10075(io.cordova.hellocordova) expire 1 line
07-09 18:18:34.991  1650  1650 W asset   : Asset path /data/app/io.cordova.hellocordova-1/base.apk is neither a directory nor file (type=1).
07-09 18:18:34.991  1650  1650 W PackageManager: Failure retrieving resources for io.cordova.hellocordova
07-09 18:18:34.991  1650  1650 W asset   : Asset path /data/app/io.cordova.hellocordova-1/base.apk is neither a directory nor file (type=1).
07-09 18:18:34.991  1650  1650 W PackageManager: Failure retrieving resources for io.cordova.hellocordova
07-09 18:18:34.991  1650  1650 W asset   : Asset path /data/app/io.cordova.hellocordova-1/base.apk is neither a directory nor file (type=1).
07-09 18:18:34.992  1650  1650 W PackageManager: Failure retrieving resources for io.cordova.hellocordova
07-09 18:18:34.992  1650  1650 W asset   : Asset path /data/app/io.cordova.hellocordova-1/base.apk is neither a directory nor file (type=1).
07-09 18:18:34.992  1650  1650 W PackageManager: Failure retrieving resources for io.cordova.hellocordova
07-09 18:18:34.992  1650  1650 W asset   : Asset path /data/app/io.cordova.hellocordova-1/base.apk is neither a directory nor file (type=1).
07-09 18:18:34.992  1650  1650 W PackageManager: Failure retrieving resources for io.cordova.hellocordova
07-09 18:18:35.016  1304  1337 E SurfaceFlinger: ro.sf.lcd_density must be defined as a build property
07-09 18:18:35.048  4902  4943 I chatty  : uid=10075(io.cordova.hellocordova) expire 6 lines
07-09 18:18:35.055  4902  4938 I chatty  : uid=10075(io.cordova.hellocordova) expire 9 lines
07-09 18:18:35.140  1580  1600 I ActivityManager: Displayed io.cordova.hellocordova/.MainActivity: +283ms
07-09 18:18:35.141  4892  4892 D AndroidRuntime: Shutting down VM
07-09 18:18:35.332  1580  1600 I WindowManager: Destroying surface Surface(name=Starting io.cordova.hellocordova) called by com.android.server.wm.WindowStateAnimator.destroySurface:2014 com.android.server.wm.WindowStateAnimator.destroySurfaceLocked:881 com.android.server.wm.WindowState.destroyOrSaveSurface:2073 com.android.server.wm.AppWindowToken.destroySurfaces:363 com.android.server.wm.WindowStateAnimator.finishExit:565 com.android.server.wm.WindowStateAnimator.stepAnimationLocked:491 com.android.server.wm.WindowAnimator.updateWindowsLocked:303 com.android.server.wm.WindowAnimator.animateLocked:704 
07-09 18:18:35.647  2190  2478 I Icing   : Indexing D3776286D12FC7DB06D432C084C75C62DB0FF1AC from com.google.android.gms
07-09 18:18:35.719  1580  2749 I WindowManager: Destroying surface Surface(name=com.android.launcher3/com.android.launcher3.Launcher) called by com.android.server.wm.WindowStateAnimator.destroySurface:2014 com.android.server.wm.WindowStateAnimator.destroySurfaceLocked:881 com.android.server.wm.WindowState.destroyOrSaveSurface:2073 com.android.server.wm.AppWindowToken.destroySurfaces:363 com.android.server.wm.AppWindowToken.notifyAppStopped:389 com.android.server.wm.WindowManagerService.notifyAppStopped:4456 com.android.server.am.ActivityStack.activityStoppedLocked:1252 com.android.server.am.ActivityManagerService.activityStopped:6903 
07-09 18:18:35.730  2190  2478 I Icing   : Indexing EE6F8C9882833486D9329DB7241784EA0359044B from com.google.android.googlequicksearchbox
07-09 18:18:35.942  2190  2478 I Icing   : Indexing done D3776286D12FC7DB06D432C084C75C62DB0FF1AC
07-09 18:18:35.991  1580  1589 I art     : Background sticky concurrent mark sweep GC freed 42607(3MB) AllocSpace objects, 2(40KB) LOS objects, 21% free, 12MB/15MB, paused 6.873ms total 34.864ms
07-09 18:18:36.034  2190  2478 I Icing   : Indexing done EE6F8C9882833486D9329DB7241784EA0359044B
07-09 18:18:36.211  4902  4961 I chatty  : uid=10075(io.cordova.hellocordova) expire 1 line
07-09 18:18:49.433  2357  2396 W Finsky  : [138] com.google.android.finsky.FinskyApp.i(1468): No account configured on this device.
07-09 18:18:49.434  2357  2396 I Finsky  : [138] com.google.android.finsky.c.e.run(1151): Replicating app states via AMAS.
07-09 18:18:49.509  2357  2396 I Finsky  : [138] com.google.android.finsky.c.c.a(311): Completed 0 account content syncs with 0 successful.
07-09 18:18:49.510  2357  2357 I Finsky  : [1] com.google.android.finsky.services.j.a(149): Installation state replication succeeded.
07-09 18:20:00.601  1351  1351 I         : free_cache(5002239) avail 687857664
07-09 18:20:00.714  1580  1605 I PackageManager.DexOptimizer: Running dexopt (dex2oat) on: /data/app/vmdl578203375.tmp/base.apk pkg=io.cordova.hellocordova isa=x86 vmSafeMode=false debuggable=true target-filter=interpret-only oatDir = /data/app/vmdl578203375.tmp/oat sharedLibraries=null
07-09 18:20:00.722  5013  5013 W dex2oat : Unexpected CPU variant for X86 using defaults: x86
07-09 18:20:00.722  5013  5013 W dex2oat : Mismatch between dex2oat instruction set features (ISA: X86 Feature string: smp,-ssse3,-sse4.1,-sse4.2,-avx,-avx2,-lock_add,-popcnt) and those of dex2oat executable (ISA: X86 Feature string: smp,ssse3,-sse4.1,-sse4.2,-avx,-avx2,-lock_add,-popcnt) for the command line:
07-09 18:20:00.722  5013  5013 W dex2oat : /system/bin/dex2oat --zip-fd=6 --zip-location=base.apk --oat-fd=7 --oat-location=/data/app/vmdl578203375.tmp/oat/x86/base.odex --instruction-set=x86 --instruction-set-variant=x86 --instruction-set-features=default --runtime-arg -Xms64m --runtime-arg -Xmx512m --compiler-filter=interpret-only --swap-fd=9 --debuggable
07-09 18:20:00.722  5013  5013 I dex2oat : /system/bin/dex2oat --compiler-filter=interpret-only --debuggable
07-09 18:20:00.746  5013  5013 I dex2oat : dex2oat took 23.996ms (threads: 2) arena alloc=1920B (1920B) java alloc=229KB (235016B) native alloc=1079KB (1105320B) free=968KB (991832B)
07-09 18:20:00.747  1580  1593 I ActivityManager: Force stopping io.cordova.hellocordova appid=10075 user=-1: installPackageLI
07-09 18:20:00.747  1580  1593 I ActivityManager: Killing 4902:io.cordova.hellocordova/u0a75 (adj 0): stop io.cordova.hellocordova
07-09 18:20:00.747  1580  1593 D ActivityManager: cleanUpApplicationRecord -- 4902
07-09 18:20:00.750  1580  1593 W ActivityManager: Force removing ActivityRecord{5f6ffb9 u0 io.cordova.hellocordova/.MainActivity t93}: app died, no saved state
07-09 18:20:00.751  1580  1593 E JavaBinder: !!! FAILED BINDER TRANSACTION !!!  (parcel size = 56)
07-09 18:20:00.752  1580  1593 I WindowManager: Destroying surface Surface(name=io.cordova.hellocordova/io.cordova.hellocordova.MainActivity) called by com.android.server.wm.WindowStateAnimator.destroySurface:2014 com.android.server.wm.WindowStateAnimator.destroySurfaceLocked:881 com.android.server.wm.WindowState.removeLocked:1449 com.android.server.wm.WindowManagerService.removeWindowInnerLocked:2478 com.android.server.wm.WindowManagerService.removeWindowLocked:2436 com.android.server.wm.WindowManagerService.removeWindowLocked:2305 com.android.server.wm.AppWindowToken.removeAllWindows:530 com.android.server.wm.AppWindowToken.removeAppFromTaskLocked:326 
07-09 18:20:00.753  1580  1600 E JavaBinder: !!! FAILED BINDER TRANSACTION !!!  (parcel size = 60)
07-09 18:20:00.762  1580  1605 I PackageManager: Package io.cordova.hellocordova codePath changed from /data/app/io.cordova.hellocordova-2 to /data/app/io.cordova.hellocordova-1; Retaining data and using new
07-09 18:20:00.762  1580  1605 W PackageManager: Code path for io.cordova.hellocordova changing from /data/app/io.cordova.hellocordova-2 to /data/app/io.cordova.hellocordova-1
07-09 18:20:00.762  1580  1605 W PackageManager: Resource path for io.cordova.hellocordova changing from /data/app/io.cordova.hellocordova-2 to /data/app/io.cordova.hellocordova-1
07-09 18:20:00.786  1580  2004 D GraphicsStats: Buffer count: 2
07-09 18:20:00.800  1580  1605 I art     : Starting a blocking GC Explicit
07-09 18:20:00.816  2006  2125 D EGL_emulation: eglMakeCurrent: 0xb18852a0: ver 2 0 (tinfo 0xb1883210)
07-09 18:20:00.827  1580  1605 I art     : Explicit concurrent mark sweep GC freed 48898(2MB) AllocSpace objects, 21(564KB) LOS objects, 25% free, 11MB/15MB, paused 444us total 26.540ms
07-09 18:20:00.837  1351  1351 E         : Couldn't opendir /data/app/vmdl578203375.tmp: No such file or directory
07-09 18:20:00.837  1580  1605 I ActivityManager: Force stopping io.cordova.hellocordova appid=10075 user=0: pkg removed
07-09 18:20:00.855  1580  1613 I InputReader: Reconfiguring input devices.  changes=0x00000010
07-09 18:20:00.860  1580  1613 I InputReader: Reconfiguring input devices.  changes=0x00000010
07-09 18:20:00.877  1580  1613 I InputReader: Reconfiguring input devices.  changes=0x00000010
07-09 18:20:00.880  1779  1779 D CarrierSvcBindHelper: No carrier app for: 0
07-09 18:20:00.881  1779  1779 D CarrierSvcBindHelper: No carrier app for: 0
07-09 18:20:00.881  1779  1779 D CarrierConfigLoader: mHandler: 9 phoneId: 0
07-09 18:20:00.909  3118  3118 W ContextImpl: Calling a method in the system process without a qualified user: android.app.ContextImpl.startService:1385 android.content.ContextWrapper.startService:613 android.content.ContextWrapper.startService:613 com.android.keychain.KeyChainBroadcastReceiver.onReceive:12 android.app.ActivityThread.handleReceiver:3011 
07-09 18:20:00.962  2357  2357 I Finsky  : [1] com.google.android.finsky.utils.PermissionPolicies$PermissionPolicyService.onStartCommand(117): post-install permissions check for io.cordova.hellocordova
07-09 18:20:00.965  2357  2357 I Finsky  : [1] com.google.android.finsky.utils.bh.run(2302): Package state data is missing for io.cordova.hellocordova
07-09 18:20:00.965  2357  2357 W Finsky  : [1] com.google.android.finsky.FinskyApp.i(1468): No account configured on this device.
07-09 18:20:00.982  2013  5024 I UpdateIcingCorporaServi: Updating corpora: APPS=io.cordova.hellocordova, CONTACTS=MAYBE
07-09 18:20:00.995  1929  2720 E NetworkScheduler.SR: Invalid parameter app
07-09 18:20:00.995  1929  2720 E NetworkScheduler.SR: Invalid package name : Perhaps you didn't include a PendingIntent in the extras?
07-09 18:20:01.011  2190  2478 E Drive.UninstallOperation: Package still installed io.cordova.hellocordova
07-09 18:20:01.052  2190  5030 D Wear_Controller: Received broadcast action=android.intent.action.PACKAGE_ADDED and uri=io.cordova.hellocordova
07-09 18:20:01.057  2190  5035 D Wear_Controller: Received broadcast action=android.intent.action.PACKAGE_REMOVED and uri=io.cordova.hellocordova
07-09 18:20:01.107  2190  5040 I PeopleContactsSync: triggerPendingContactsCleanup: no accounts
07-09 18:20:01.114  2190  2198 W SQLiteConnectionPool: A SQLiteConnection object for database '/data/user/0/com.google.android.gms/databases/metrics.db' was leaked!  Please fix your application to end transactions in progress properly and to close the database when it is no longer needed.
07-09 18:20:01.114  2190  2198 W SQLiteConnectionPool: A SQLiteConnection object for database '/data/user/0/com.google.android.gms/databases/help_responses.db.18' was leaked!  Please fix your application to end transactions in progress properly and to close the database when it is no longer needed.
